<*GNU-Linker-generated-mapfile*> 
Archive member included because of file (symbol)

C:\Program Files\dSPACE RCPHIL 2016-A\DS1007\Lib\librtversion.a(RtVersion.o)
                              (--whole-archive)
C:\Program Files\dSPACE RCPHIL 2016-A\DS1007\Lib\librtglobals.a(DsEESPort.o)
                              (--whole-archive)
C:\Program Files\dSPACE RCPHIL 2016-A\DS1007\Lib\libm_fastpow.a(w_pow.o)
                              handTraj.o07 (pow)
C:\Program Files\dSPACE RCPHIL 2016-A\DS1007\Lib\libm_fastpow.a(e_pow.o)
                              C:\Program Files\dSPACE RCPHIL 2016-A\DS1007\Lib\libm_fastpow.a(w_pow.o) (__ieee754_pow)
C:\Program Files\dSPACE RCPHIL 2016-A\DS1007\Lib\libm_fastpow.a(s_scalbn.o)
                              C:\Program Files\dSPACE RCPHIL 2016-A\DS1007\Lib\libm_fastpow.a(e_pow.o) (scalbn)
c:/program files/dspace rcphil 2016-a/compiler/qnx650_463/host/win32/x86/usr/bin/../lib/gcc/powerpc-unknown-nto-qnx6.5.0/4.6.3\libgcc.a(_muldi3.o)
                              (--whole-archive)
c:/program files/dspace rcphil 2016-a/compiler/qnx650_463/host/win32/x86/usr/bin/../lib/gcc/powerpc-unknown-nto-qnx6.5.0/4.6.3\libgcc.a(_negdi2.o)
                              (--whole-archive)
c:/program files/dspace rcphil 2016-a/compiler/qnx650_463/host/win32/x86/usr/bin/../lib/gcc/powerpc-unknown-nto-qnx6.5.0/4.6.3\libgcc.a(_lshrdi3.o)
                              (--whole-archive)
c:/program files/dspace rcphil 2016-a/compiler/qnx650_463/host/win32/x86/usr/bin/../lib/gcc/powerpc-unknown-nto-qnx6.5.0/4.6.3\libgcc.a(_ashldi3.o)
                              (--whole-archive)
c:/program files/dspace rcphil 2016-a/compiler/qnx650_463/host/win32/x86/usr/bin/../lib/gcc/powerpc-unknown-nto-qnx6.5.0/4.6.3\libgcc.a(_ashrdi3.o)
                              (--whole-archive)
c:/program files/dspace rcphil 2016-a/compiler/qnx650_463/host/win32/x86/usr/bin/../lib/gcc/powerpc-unknown-nto-qnx6.5.0/4.6.3\libgcc.a(_cmpdi2.o)
                              (--whole-archive)
c:/program files/dspace rcphil 2016-a/compiler/qnx650_463/host/win32/x86/usr/bin/../lib/gcc/powerpc-unknown-nto-qnx6.5.0/4.6.3\libgcc.a(_ucmpdi2.o)
                              (--whole-archive)
c:/program files/dspace rcphil 2016-a/compiler/qnx650_463/host/win32/x86/usr/bin/../lib/gcc/powerpc-unknown-nto-qnx6.5.0/4.6.3\libgcc.a(_clear_cache.o)
                              (--whole-archive)
c:/program files/dspace rcphil 2016-a/compiler/qnx650_463/host/win32/x86/usr/bin/../lib/gcc/powerpc-unknown-nto-qnx6.5.0/4.6.3\libgcc.a(_enable_execute_stack.o)
                              (--whole-archive)
c:/program files/dspace rcphil 2016-a/compiler/qnx650_463/host/win32/x86/usr/bin/../lib/gcc/powerpc-unknown-nto-qnx6.5.0/4.6.3\libgcc.a(_trampoline.o)
                              (--whole-archive)
c:/program files/dspace rcphil 2016-a/compiler/qnx650_463/host/win32/x86/usr/bin/../lib/gcc/powerpc-unknown-nto-qnx6.5.0/4.6.3\libgcc.a(__main.o)
                              (--whole-archive)
c:/program files/dspace rcphil 2016-a/compiler/qnx650_463/host/win32/x86/usr/bin/../lib/gcc/powerpc-unknown-nto-qnx6.5.0/4.6.3\libgcc.a(_absvsi2.o)
                              (--whole-archive)
c:/program files/dspace rcphil 2016-a/compiler/qnx650_463/host/win32/x86/usr/bin/../lib/gcc/powerpc-unknown-nto-qnx6.5.0/4.6.3\libgcc.a(_absvdi2.o)
                              (--whole-archive)
c:/program files/dspace rcphil 2016-a/compiler/qnx650_463/host/win32/x86/usr/bin/../lib/gcc/powerpc-unknown-nto-qnx6.5.0/4.6.3\libgcc.a(_addvsi3.o)
                              (--whole-archive)
c:/program files/dspace rcphil 2016-a/compiler/qnx650_463/host/win32/x86/usr/bin/../lib/gcc/powerpc-unknown-nto-qnx6.5.0/4.6.3\libgcc.a(_addvdi3.o)
                              (--whole-archive)
c:/program files/dspace rcphil 2016-a/compiler/qnx650_463/host/win32/x86/usr/bin/../lib/gcc/powerpc-unknown-nto-qnx6.5.0/4.6.3\libgcc.a(_subvsi3.o)
                              (--whole-archive)
c:/program files/dspace rcphil 2016-a/compiler/qnx650_463/host/win32/x86/usr/bin/../lib/gcc/powerpc-unknown-nto-qnx6.5.0/4.6.3\libgcc.a(_subvdi3.o)
                              (--whole-archive)
c:/program files/dspace rcphil 2016-a/compiler/qnx650_463/host/win32/x86/usr/bin/../lib/gcc/powerpc-unknown-nto-qnx6.5.0/4.6.3\libgcc.a(_mulvsi3.o)
                              (--whole-archive)
c:/program files/dspace rcphil 2016-a/compiler/qnx650_463/host/win32/x86/usr/bin/../lib/gcc/powerpc-unknown-nto-qnx6.5.0/4.6.3\libgcc.a(_mulvdi3.o)
                              (--whole-archive)
c:/program files/dspace rcphil 2016-a/compiler/qnx650_463/host/win32/x86/usr/bin/../lib/gcc/powerpc-unknown-nto-qnx6.5.0/4.6.3\libgcc.a(_negvsi2.o)
                              (--whole-archive)
c:/program files/dspace rcphil 2016-a/compiler/qnx650_463/host/win32/x86/usr/bin/../lib/gcc/powerpc-unknown-nto-qnx6.5.0/4.6.3\libgcc.a(_negvdi2.o)
                              (--whole-archive)
[...]
Memory Configuration

Name             Origin             Length             Attributes
*default*        0x00000000         0xffffffff

Linker script and memory map

LOAD C:\Program Files\dSPACE RCPHIL 2016-A\Compiler\QNX650_463\target\qnx6/ppcbe/lib/crt1.o
LOAD C:\Program Files\dSPACE RCPHIL 2016-A\Compiler\QNX650_463\target\qnx6/ppcbe/lib/crti.o
LOAD c:/program files/dspace rcphil 2016-a/compiler/qnx650_463/host/win32/x86/usr/bin/../lib/gcc/powerpc-unknown-nto-qnx6.5.0/4.6.3/crtbegin.o
                0x00000000                _DSPACE_START = 0x0
                0x00000000                _DSPACE_START_ = 0x0
                0x000003ef                DS_TARGET_PLATFORM = 0x3ef
START GROUP
LOAD SystemFunc.o07
LOAD HandFunc.o07
LOAD WAMFunc.o07
LOAD AVSFunc.o07
LOAD HandApp.o07
LOAD WAMApp.o07
LOAD WAM2App.o07
LOAD AVSApp.o07
LOAD XYZstageApp.o07
LOAD LinkHomoMat.o07
LOAD vec3DRot.o07
LOAD vec3DInProduct.o07
LOAD pmatrix.o07
LOAD homoMat.o07
LOAD myMatrix.o07
LOAD Vector.o07
LOAD Kalman.o07
LOAD Predict3D.o07
LOAD throwJnt2armJnt.o07
LOAD storeData.o07
LOAD TaskSet.o07
LOAD handEnc2JntAng.o07
LOAD rtiethernetdecode.o07
LOAD handTraj.o07
LOAD handJntAngLimit.o07
LOAD handCtrl.o07
LOAD handJntTrq2DA.o07
LOAD handDALimit.o07
LOAD rtiethernetencode.o07
LOAD XYZstageTraj.o07
LOAD XYZstageAngLimit.o07
LOAD XYZstageEnc2JntAng.o07
LOAD XYZstageCtrl.o07
LOAD XYZstageTrq2DA.o07
LOAD XYZstageDALimit.o07
LOAD SystemSet.o07
LOAD base.o07
LOAD base_data.o07
LOAD base_trc_ptr.o07
LOAD rtGetInf.o07
LOAD rtGetNaN.o07
LOAD rt_i32zcfcn.o07
LOAD rt_matrx.o07
LOAD rt_nonfinite.o07
LOAD rt_printf.o07
LOAD rti_sim_engine.o07
LOAD rti_init_c.o07
LOAD rt_sim.o07
LOAD rti_assert.o07
LOAD C:\Program Files\dSPACE RCPHIL 2016-A\DS1007\Lib\librtcan.so
LOAD C:\Program Files\dSPACE RCPHIL 2016-A\DS1007\Lib\librteth.so
LOAD C:\Program Files\dSPACE RCPHIL 2016-A\DS1007\Lib\librtfr.so
LOAD C:\Program Files\dSPACE RCPHIL 2016-A\DS1007\Lib\librtlin.so
LOAD C:\Program Files\dSPACE RCPHIL 2016-A\DS1007\Lib\librtrpcu.so
LOAD C:\Program Files\dSPACE RCPHIL 2016-A\DS1007\Lib\librtser.so
LOAD C:\Program Files\dSPACE RCPHIL 2016-A\DS1007\Lib\librtj1939.so
LOAD C:\Program Files\dSPACE RCPHIL 2016-A\DS1007\Lib\librt2001.so
LOAD C:\Program Files\dSPACE RCPHIL 2016-A\DS1007\Lib\librt2002.so
LOAD C:\Program Files\dSPACE RCPHIL 2016-A\DS1007\Lib\librt2003.so
LOAD C:\Program Files\dSPACE RCPHIL 2016-A\DS1007\Lib\librt2004.so
LOAD C:\Program Files\dSPACE RCPHIL 2016-A\DS1007\Lib\librt2101.so
LOAD C:\Program Files\dSPACE RCPHIL 2016-A\DS1007\Lib\librt2102.so
LOAD C:\Program Files\dSPACE RCPHIL 2016-A\DS1007\Lib\librt2103.so
LOAD C:\Program Files\dSPACE RCPHIL 2016-A\DS1007\Lib\librt2201.so
LOAD C:\Program Files\dSPACE RCPHIL 2016-A\DS1007\Lib\librt22xx.so
LOAD C:\Program Files\dSPACE RCPHIL 2016-A\DS1007\Lib\librt2301.so
LOAD C:\Program Files\dSPACE RCPHIL 2016-A\DS1007\Lib\librt2302.so
LOAD C:\Program Files\dSPACE RCPHIL 2016-A\DS1007\Lib\librt2401.so
LOAD C:\Program Files\dSPACE RCPHIL 2016-A\DS1007\Lib\librt3001.so
LOAD C:\Program Files\dSPACE RCPHIL 2016-A\DS1007\Lib\librt3002.so
LOAD C:\Program Files\dSPACE RCPHIL 2016-A\DS1007\Lib\librt4001.so
LOAD C:\Program Files\dSPACE RCPHIL 2016-A\DS1007\Lib\librt4002.so
LOAD C:\Program Files\dSPACE RCPHIL 2016-A\DS1007\Lib\librt4003.so
LOAD C:\Program Files\dSPACE RCPHIL 2016-A\DS1007\Lib\librt4004.so
LOAD C:\Program Files\dSPACE RCPHIL 2016-A\DS1007\Lib\librt4101.so
LOAD C:\Program Files\dSPACE RCPHIL 2016-A\DS1007\Lib\librt4120.so
LOAD C:\Program Files\dSPACE RCPHIL 2016-A\DS1007\Lib\librt4121.so
LOAD C:\Program Files\dSPACE RCPHIL 2016-A\DS1007\Lib\librt4201.so
LOAD C:\Program Files\dSPACE RCPHIL 2016-A\DS1007\Lib\librt4201s.so
LOAD C:\Program Files\dSPACE RCPHIL 2016-A\DS1007\Lib\librt4301.so
LOAD C:\Program Files\dSPACE RCPHIL 2016-A\DS1007\Lib\librt4302.so
LOAD C:\Program Files\dSPACE RCPHIL 2016-A\DS1007\Lib\librt4330.so
LOAD C:\Program Files\dSPACE RCPHIL 2016-A\DS1007\Lib\librt4501.so
LOAD C:\Program Files\dSPACE RCPHIL 2016-A\DS1007\Lib\librt4505.so
LOAD C:\Program Files\dSPACE RCPHIL 2016-A\DS1007\Lib\librt5001.so
LOAD C:\Program Files\dSPACE RCPHIL 2016-A\DS1007\Lib\librt5101.so
LOAD C:\Program Files\dSPACE RCPHIL 2016-A\DS1007\Lib\librt5201.so
LOAD C:\Program Files\dSPACE RCPHIL 2016-A\DS1007\Lib\librt5202.so
LOAD C:\Program Files\dSPACE RCPHIL 2016-A\DS1007\Lib\librt5203.so
LOAD C:\Program Files\dSPACE RCPHIL 2016-A\DS1007\Lib\libDsRealTimeTestingRP.so
LOAD C:\Program Files\dSPACE RCPHIL 2016-A\DS1007\Lib\libDsXcpRP.so
LOAD C:\Program Files\dSPACE RCPHIL 2016-A\DS1007\Lib\libDsNvDataRP.so
LOAD C:\Program Files\dSPACE RCPHIL 2016-A\DS1007\Lib\libDsNVDataCommon.so
LOAD C:\Program Files\dSPACE RCPHIL 2016-A\DS1007\Lib\librt1007.so
LOAD C:\Program Files\dSPACE RCPHIL 2016-A\DS1007\Lib\librtversion.a
LOAD C:\Program Files\dSPACE RCPHIL 2016-A\DS1007\Lib\librtglobals.a
LOAD C:\Program Files\dSPACE RCPHIL 2016-A\DS1007\Lib\libm_fastpow.a
LOAD c:/program files/dspace rcphil 2016-a/compiler/qnx650_463/host/win32/x86/usr/bin/../lib/gcc/powerpc-unknown-nto-qnx6.5.0/4.6.3\libgcc.a
END GROUP
LOAD C:\Program Files\dSPACE RCPHIL 2016-A\Compiler\QNX650_463\target\qnx6/ppcbe/lib/gcc/4.6.3/libstdc++.so
LOAD C:\Program Files\dSPACE RCPHIL 2016-A\Compiler\QNX650_463\target\qnx6/ppcbe/lib/libm.so
LOAD c:/program files/dspace rcphil 2016-a/compiler/qnx650_463/host/win32/x86/usr/bin/../lib/gcc/powerpc-unknown-nto-qnx6.5.0/4.6.3/libgcc.a
LOAD C:\Program Files\dSPACE RCPHIL 2016-A\Compiler\QNX650_463\target\qnx6/ppcbe/lib/libc.so
LOAD C:\Program Files\dSPACE RCPHIL 2016-A\Compiler\QNX650_463\target\qnx6/ppcbe/lib\libc.a
LOAD c:/program files/dspace rcphil 2016-a/compiler/qnx650_463/host/win32/x86/usr/bin/../lib/gcc/powerpc-unknown-nto-qnx6.5.0/4.6.3/libgcc.a
LOAD c:/program files/dspace rcphil 2016-a/compiler/qnx650_463/host/win32/x86/usr/bin/../lib/gcc/powerpc-unknown-nto-qnx6.5.0/4.6.3/crtend.o
LOAD C:\Program Files\dSPACE RCPHIL 2016-A\Compiler\QNX650_463\target\qnx6/ppcbe/lib/crtn.o
                0x00000000                PROVIDE (__stack, 0x0)
                0x00000000                PROVIDE (___stack, 0x0)
                0x48040000                PROVIDE (__executable_start, 0x48040000)
                0x48040114                . = (0x48040000 + SIZEOF_HEADERS)

.interp         0x48040114       0x14
 *(.interp)
 .interp        0x48040114       0x14 C:\Program Files\dSPACE RCPHIL 2016-A\Compiler\QNX650_463\target\qnx6/ppcbe/lib/crt1.o

.note           0x48040130       0x18
 .note          0x48040130       0x18 C:\Program Files\dSPACE RCPHIL 2016-A\Compiler\QNX650_463\target\qnx6/ppcbe/lib/crtn.o

.note.gnu.build-id
 *(.note.gnu.build-id)

.hash           0x48040148      0x4c0
 *(.hash)
 .hash          0x48040148      0x4c0 C:\Program Files\dSPACE RCPHIL 2016-A\Compiler\QNX650_463\target\qnx6/ppcbe/lib/crt1.o

.gnu.hash
 *(.gnu.hash)

.dynsym         0x48040608      0xab0
 *(.dynsym)
 .dynsym        0x48040608      0xab0 C:\Program Files\dSPACE RCPHIL 2016-A\Compiler\QNX650_463\target\qnx6/ppcbe/lib/crt1.o

.dynstr         0x480410b8      0xd6a
 *(.dynstr)
 .dynstr        0x480410b8      0xd6a C:\Program Files\dSPACE RCPHIL 2016-A\Compiler\QNX650_463\target\qnx6/ppcbe/lib/crt1.o

.gnu.version    0x48041e22        0x0
 *(.gnu.version)
 .gnu.version   0x00000000        0x0 C:\Program Files\dSPACE RCPHIL 2016-A\Compiler\QNX650_463\target\qnx6/ppcbe/lib/crt1.o

.gnu.version_d  0x48041e24        0x0
 *(.gnu.version_d)
 .gnu.version_d
                0x00000000        0x0 C:\Program Files\dSPACE RCPHIL 2016-A\Compiler\QNX650_463\target\qnx6/ppcbe/lib/crt1.o

.gnu.version_r  0x48041e24        0x0
 *(.gnu.version_r)
 .gnu.version_r
                0x00000000        0x0 C:\Program Files\dSPACE RCPHIL 2016-A\Compiler\QNX650_463\target\qnx6/ppcbe/lib/crt1.o

.rel.dyn
 *(.rel.init)
 *(.rel.text .rel.text.* .rel.gnu.linkonce.t.*)
 *(.rel.fini)
 *(.rel.rodata .rel.rodata.* .rel.gnu.linkonce.r.*)
 *(.rel.data.rel.ro* .rel.gnu.linkonce.d.rel.ro.*)
 *(.rel.data .rel.data.* .rel.gnu.linkonce.d.*)
 *(.rel.tdata .rel.tdata.* .rel.gnu.linkonce.td.*)
 *(.rel.tbss .rel.tbss.* .rel.gnu.linkonce.tb.*)
 *(.rel.ctors)
 *(.rel.dtors)
 *(.rel.got)
 *(.rel.sdata .rel.sdata.* .rel.gnu.linkonce.s.*)
 *(.rel.sbss .rel.sbss.* .rel.gnu.linkonce.sb.*)
 *(.rel.sdata2 .rel.sdata2.* .rel.gnu.linkonce.s2.*)
 *(.rel.sbss2 .rel.sbss2.* .rel.gnu.linkonce.sb2.*)
 *(.rel.bss .rel.bss.* .rel.gnu.linkonce.b.*)

.rela.dyn       0x48041e24       0x78
 *(.rela.init)
 *(.rela.text .rela.text.* .rela.gnu.linkonce.t.*)
 .rela.text     0x00000000        0x0 C:\Program Files\dSPACE RCPHIL 2016-A\Compiler\QNX650_463\target\qnx6/ppcbe/lib/crt1.o
 .rela.text.startup
                0x00000000        0x0 C:\Program Files\dSPACE RCPHIL 2016-A\Compiler\QNX650_463\target\qnx6/ppcbe/lib/crt1.o
 *(.rela.fini)
 *(.rela.rodata .rela.rodata.* .rela.gnu.linkonce.r.*)
 .rela.rodata   0x00000000        0x0 C:\Program Files\dSPACE RCPHIL 2016-A\Compiler\QNX650_463\target\qnx6/ppcbe/lib/crt1.o
 *(.rela.data .rela.data.* .rela.gnu.linkonce.d.*)
 *(.rela.tdata .rela.tdata.* .rela.gnu.linkonce.td.*)
 *(.rela.tbss .rela.tbss.* .rela.gnu.linkonce.tb.*)
 *(.rela.ctors)
 *(.rela.dtors)
 *(.rela.got)
 .rela.got      0x48041e24       0x30 C:\Program Files\dSPACE RCPHIL 2016-A\Compiler\QNX650_463\target\qnx6/ppcbe/lib/crt1.o
 *(.rela.got1)
 *(.rela.got2)
 *(.rela.sdata .rela.sdata.* .rela.gnu.linkonce.s.*)
 *(.rela.sbss .rela.sbss.* .rela.gnu.linkonce.sb.*)
 .rela.sbss     0x00000000        0x0 C:\Program Files\dSPACE RCPHIL 2016-A\Compiler\QNX650_463\target\qnx6/ppcbe/lib/crt1.o
 *(.rela.sdata2 .rela.sdata2.* .rela.gnu.linkonce.s2.*)
 *(.rela.sbss2 .rela.sbss2.* .rela.gnu.linkonce.sb2.*)
 *(.rela.bss .rela.bss.* .rela.gnu.linkonce.b.*)
 .rela.bss      0x48041e54       0x48 C:\Program Files\dSPACE RCPHIL 2016-A\Compiler\QNX650_463\target\qnx6/ppcbe/lib/crt1.o
 .rela.iplt     0x00000000        0x0 C:\Program Files\dSPACE RCPHIL 2016-A\Compiler\QNX650_463\target\qnx6/ppcbe/lib/crt1.o

.rel.plt
 *(.rel.plt)

.rela.plt       0x48041e9c      0x510
 *(.rela.plt)
 .rela.plt      0x48041e9c      0x510 C:\Program Files\dSPACE RCPHIL 2016-A\Compiler\QNX650_463\target\qnx6/ppcbe/lib/crt1.o

.init           0x480423ac       0x24
 *(.init)
 .init          0x480423ac        0xc C:\Program Files\dSPACE RCPHIL 2016-A\Compiler\QNX650_463\target\qnx6/ppcbe/lib/crti.o
                0x480423ac                _init
 .init          0x480423b8        0x4 c:/program files/dspace rcphil 2016-a/compiler/qnx650_463/host/win32/x86/usr/bin/../lib/gcc/powerpc-unknown-nto-qnx6.5.0/4.6.3/crtbegin.o
 .init          0x480423bc        0x4 c:/program files/dspace rcphil 2016-a/compiler/qnx650_463/host/win32/x86/usr/bin/../lib/gcc/powerpc-unknown-nto-qnx6.5.0/4.6.3/crtend.o
 .init          0x480423c0       0x10 C:\Program Files\dSPACE RCPHIL 2016-A\Compiler\QNX650_463\target\qnx6/ppcbe/lib/crtn.o

.text           0x480423d0    0x1c6f0
                0x480423d0                _btext = .
 *(.text .stub .text.* .gnu.linkonce.t.*)
 .text          0x480423d0      0x118 C:\Program Files\dSPACE RCPHIL 2016-A\Compiler\QNX650_463\target\qnx6/ppcbe/lib/crt1.o
                0x480423d0                _start
 .text          0x480424e8        0x0 C:\Program Files\dSPACE RCPHIL 2016-A\Compiler\QNX650_463\target\qnx6/ppcbe/lib/crti.o
 .text          0x480424e8      0x1b8 c:/program files/dspace rcphil 2016-a/compiler/qnx650_463/host/win32/x86/usr/bin/../lib/gcc/powerpc-unknown-nto-qnx6.5.0/4.6.3/crtbegin.o
 .text          0x480426a0      0x214 SystemFunc.o07
                0x480426a0                dspaceInit
                0x480427f0                dspaceServoOn
                0x48042800                dspaceServoOff
                0x48042810                dspaceSetDAZero
 *fill*         0x480428b4        0xc 00000000
 .text          0x480428c0      0x950 HandFunc.o07
                0x480428c0                handSetOrigin
                0x48042920                handSetLinkPara
                0x48042b60                handSetOffsetLinkPara
                0x48042e70                handInit
                0x48042f30                handKineLinkVar
 .text          0x48043210      0x710 WAMFunc.o07
                0x48043210                wamSetOrigin
                0x48043270                wamSetLinkPara
                0x48043430                wamSetOffsetLinkPara
                0x48043520                wamInit
                0x480435d0                wamAng2VelAccJer
                0x48043670                wamPos2Vel
                0x480436b0                wamKineLinkVar
                0x48043830                wamKineJntEffVar
                0x480438a0                wamJntAng2MotorAng
 .text          0x48043920      0x258 AVSFunc.o07
                0x48043920                avsEncToJntAng
                0x48043a10                avsInit
                0x48043a40                avsCheckInitEnc
                0x48043b70                avsServoOff
 *fill*         0x48043b78        0x8 00000000
 .text          0x48043b80     0x2708 HandApp.o07
                0x48043b80                invKine
                0x48043e70                UturnKine
                0x48044820                Xturn2
                0x48044c70                Yturn2
                0x480455f0                Yturn
                0x480457c0                Yturn_Rolling
                0x48045c10                execFromString
                0x48045e40                trajGeneLine
                0x48045e60                handWaveGeneSin
                0x48045ed0                handTrajApp
                0x48046240                handAppSet
 *fill*         0x48046288        0x8 00000000
 .text          0x48046290      0x214 WAMApp.o07
                0x48046290                least_square
                0x48046410                wamTrajApp
                0x48046440                wamAppSet
 *fill*         0x480464a4        0xc 00000000
 .text          0x480464b0      0x574 WAM2App.o07
                0x480464b0                wamTra5th
                0x48046540                waveGeneSin
                0x480465b0                waveGeneExp
                0x48046710                wam2TrajApp
                0x480469c0                wam2AppSet
 *fill*         0x48046a24        0xc 00000000
 .text          0x48046a30      0x130 AVSApp.o07
                0x48046a30                avsTrajApp
                0x48046b00                avsVisualTrajApp
                0x48046b30                avsAppSet
 .text          0x48046b60      0x124 XYZstageApp.o07
                0x48046b60                xyzTrajApp
                0x48046c60                xyzAppSet
 *fill*         0x48046c84        0xc 00000000
 .text          0x48046c90      0x15c LinkHomoMat.o07
                0x48046c90                linkHomoMat
                0x48046d90                linkHomoMatCS
 *fill*         0x48046dec        0x4 00000000
 .text          0x48046df0       0x6c vec3DRot.o07
                0x48046df0                vec3DRot
 *fill*         0x48046e5c        0x4 00000000
 .text          0x48046e60       0x28 vec3DInProduct.o07
                0x48046e60                vec3DInProduct
 *fill*         0x48046e88        0x8 00000000
 .text          0x48046e90      0x5e4 pmatrix.o07
                0x48046e90                pmatPrint
                0x48046f80                pmatCopy
                0x48046fe0                pmatCompare
                0x48047060                pmatUnit
                0x480470e0                pmatAdd
                0x48047150                pmatSub
                0x480471c0                pmatMul
                0x48047330                pmatTrans
                0x48047440                pmatTrace
 *fill*         0x48047474        0xc 00000000
 .text          0x48047480      0x480 homoMat.o07
                0x48047480                homoMatPrint
                0x48047580                homoMatCopy
                0x480475c0                homoMatFile
                0x480476d0                homoMatMul
                0x48047870                homoMatInv
 .text          0x48047900      0x58c myMatrix.o07
                0x48047900                dmatInit
                0x48047a50                dmatZeros
                0x48047af0                dmatFree
                0x48047b70                dmatCopy
                0x48047c20                fmatInit
                0x48047d70                fmatZeros
                0x48047e10                fmatFree
 *fill*         0x48047e8c        0x4 00000000
 .text          0x48047e90      0x304 Vector.o07
                0x48047e90                dvecInit
                0x48047f30                dvecZeros
                0x48047fa0                dvecCopy
                0x48047fd0                dvecFree
                0x48048000                fvecInit
                0x480480a0                fvecFree
                0x480480d0                ivecInit
                0x48048170                ivecFree
 *fill*         0x48048194        0xc 00000000
 .text          0x480481a0      0xb68 Kalman.o07
                0x480481a0                mat2UD
                0x480483c0                UD2mat
                0x480485d0                kalmanObservUpdateUD
                0x48048910                kalmanTimeUpdateUD
 *fill*         0x48048d08        0x8 00000000
 .text          0x48048d10      0x7f4 Predict3D.o07
                0x48048d10                predict3D_init
                0x48048ee0                predict3D_start
                0x48048fa0                predict3D
                0x480491b0                predict3D_calc
                0x48049250                predict_trajectory
                0x480493e0                predict3D_exit
                0x480494d0                predict3D_get
 *fill*         0x48049504        0xc 00000000
 .text          0x48049510     0x16dc throwJnt2armJnt.o07
                0x48049510                throwModelJnt2armJnt
                0x48049c40                battingModelJnt2armJnt
                0x4804a490                armJnt2battingModelJnt
 *fill*         0x4804abec        0x4 00000000
 .text          0x4804abf0       0x7c storeData.o07
                0x4804abf0                storeInDATA
 *fill*         0x4804ac6c        0x4 00000000
 .text          0x4804ac70      0x180 TaskSet.o07
                0x4804adb0                TaskSet
 .text          0x4804adf0      0x1d4 handEnc2JntAng.o07
                0x4804af90                handEnc2JntAng
 *fill*         0x4804afc4        0xc 00000000
 .text          0x4804afd0     0x1000 rtiethernetdecode.o07
                0x4804bf90                rtiethernetdecode
 .text          0x4804bfd0      0x830 handTraj.o07
                0x4804c140                handTrajStart
                0x4804c2d0                handTrajEnd
                0x4804c7c0                handTraj
 .text          0x4804c800      0x1e4 handJntAngLimit.o07
                0x4804c9b0                handJntAngLimit
 *fill*         0x4804c9e4        0xc 00000000
 .text          0x4804c9f0      0x420 handCtrl.o07
                0x4804cae0                handCtrlPD
                0x4804cdd0                handCtrl
 .text          0x4804ce10      0x104 handJntTrq2DA.o07
                0x4804cee0                handJntTrq2DA
 *fill*         0x4804cf14        0xc 00000000
 .text          0x4804cf20      0x174 handDALimit.o07
                0x4804d060                handDALimit
 *fill*         0x4804d094        0xc 00000000
 .text          0x4804d0a0      0xfb0 rtiethernetencode.o07
                0x4804e010                rtiethernetencode
 .text          0x4804e050      0x650 XYZstageTraj.o07
                0x4804e170                xyzTrajStart
                0x4804e300                xyzTrajEnd
                0x4804e660                XYZstageTraj
 .text          0x4804e6a0      0x194 XYZstageAngLimit.o07
                0x4804e800                XYZstageAngLimit
 *fill*         0x4804e834        0xc 00000000
 .text          0x4804e840      0x174 XYZstageEnc2JntAng.o07
                0x4804e980                XYZstageEnc2JntAng
 *fill*         0x4804e9b4        0xc 00000000
 .text          0x4804e9c0      0x230 XYZstageCtrl.o07
                0x4804ea90                xyzCtrlPD
                0x4804ebb0                XYZstageCtrl
 .text          0x4804ebf0      0x104 XYZstageTrq2DA.o07
                0x4804ecc0                XYZstageTrq2DA
 *fill*         0x4804ecf4        0xc 00000000
 .text          0x4804ed00      0x1c0 XYZstageDALimit.o07
                0x4804ee80                XYZstageDALimit
 .text          0x4804eec0      0x200 SystemSet.o07
                0x4804f080                SystemSet
 .text          0x4804f0c0     0x2c4c base.o07
                0x4804f0c0                MdlOutputs
                0x4804f520                MdlUpdate
                0x4804f5a0                MdlInitializeSizes
                0x4804f5b0                MdlInitializeSampleTimes
                0x4804f5c0                MdlInitialize
                0x4804f5d0                MdlStart
                0x4804f8c0                MdlTerminate
                0x4804fa40                base
 .text          0x48051d0c        0x0 base_data.o07
 *fill*         0x48051d0c        0x4 00000000
 .text          0x48051d10       0xf0 base_trc_ptr.o07
                0x48051dd0                base_rti_init_trc_pointers
 .text          0x48051e00       0x5c rtGetInf.o07
                0x48051e00                rtGetInf
                0x48051e20                rtGetInfF
                0x48051e30                rtGetMinusInf
                0x48051e50                rtGetMinusInfF
 *fill*         0x48051e5c        0x4 00000000
 .text          0x48051e60       0x4c rtGetNaN.o07
                0x48051e60                rtGetNaN
                0x48051e90                rtGetNaNF
 *fill*         0x48051eac        0x4 00000000
 .text          0x48051eb0       0xdc rt_i32zcfcn.o07
                0x48051eb0                rt_I32ZCFcn
 *fill*         0x48051f8c        0x4 00000000
 .text          0x48051f90      0x65c rt_matrx.o07
                0x48051f90                rt_mxCreateCharMatrixFromStrings
                0x48052180                rt_mxCreateString
                0x48052250                rt_mxCreateDoubleMatrix
                0x480522f0                rt_mxCreateNumericArray
                0x48052320                rt_mxDuplicateArray
                0x48052410                rt_mxGetDimensions
                0x480524d0                rt_mxGetEps
                0x480524e0                rt_mxGetString
 *fill*         0x480525ec        0x4 00000000
 .text          0x480525f0       0xf4 rt_nonfinite.o07
                0x480525f0                rt_InitInfAndNaN
                0x48052650                rtIsInf
                0x48052680                rtIsInfF
                0x480526b0                rtIsNaN
                0x480526d0                rtIsNaNF
 *fill*         0x480526e4        0xc 00000000
 .text          0x480526f0       0xc8 rt_printf.o07
                0x480526f0                rtPrintfNoOp
 *fill*         0x480527b8        0x8 00000000
 .text          0x480527c0      0x524 rti_sim_engine.o07
                0x48052c70                rtk_idle_function
                0x48052c80                rti_th_timertask1_trigger_source
                0x48052cd0                initConditions
                0x48052ce0                initVariables
 *fill*         0x48052ce4        0xc 00000000
 .text.startup  0x48052cf0      0x694 rti_sim_engine.o07
                0x48052cf0                main
 *fill*         0x48053384        0xc 00000000
 .text          0x48053390       0x40 rti_init_c.o07
                0x48053390                rti_init
 .text          0x480533d0       0x34 rt_sim.o07
                0x480533d0                rt_SimInitTimingEngine
                0x480533f0                rt_SimGetNextSampleHit
                0x48053400                rt_SimUpdateDiscreteTaskSampleHits
 *fill*         0x48053404        0xc 00000000
 .text          0x48053410      0x124 rti_assert.o07
                0x48053410                rti_assertion_handler
                0x480534c0                rti_assertion_mode_msg
 .text          0x48053534        0x0 C:\Program Files\dSPACE RCPHIL 2016-A\DS1007\Lib\librtversion.a(RtVersion.o)
 *fill*         0x48053534        0xc 00000000
 .text          0x48053540        0x4 C:\Program Files\dSPACE RCPHIL 2016-A\DS1007\Lib\librtglobals.a(DsEESPort.o)
                0x48053540                DsEesPort_init()
 .text          0x48053544       0x20 C:\Program Files\dSPACE RCPHIL 2016-A\DS1007\Lib\libm_fastpow.a(w_pow.o)
                0x48053544                pow
 .text          0x48053564      0x85c C:\Program Files\dSPACE RCPHIL 2016-A\DS1007\Lib\libm_fastpow.a(e_pow.o)
                0x48053564                __ieee754_pow
 .text          0x48053dc0      0x188 C:\Program Files\dSPACE RCPHIL 2016-A\DS1007\Lib\libm_fastpow.a(s_scalbn.o)
                0x48053dc0                scalbn
 .text          0x48053f48       0x1c c:/program files/dspace rcphil 2016-a/compiler/qnx650_463/host/win32/x86/usr/bin/../lib/gcc/powerpc-unknown-nto-qnx6.5.0/4.6.3\libgcc.a(_muldi3.o)
                0x48053f48                __muldi3
 .text          0x48053f64       0x20 c:/program files/dspace rcphil 2016-a/compiler/qnx650_463/host/win32/x86/usr/bin/../lib/gcc/powerpc-unknown-nto-qnx6.5.0/4.6.3\libgcc.a(_negdi2.o)
                0x48053f64                __negdi2
 .text          0x48053f84       0x40 c:/program files/dspace rcphil 2016-a/compiler/qnx650_463/host/win32/x86/usr/bin/../lib/gcc/powerpc-unknown-nto-qnx6.5.0/4.6.3\libgcc.a(_lshrdi3.o)
                0x48053f84                __lshrdi3
 .text          0x48053fc4       0x40 c:/program files/dspace rcphil 2016-a/compiler/qnx650_463/host/win32/x86/usr/bin/../lib/gcc/powerpc-unknown-nto-qnx6.5.0/4.6.3\libgcc.a(_ashldi3.o)
                0x48053fc4                __ashldi3
 .text          0x48054004       0x40 c:/program files/dspace rcphil 2016-a/compiler/qnx650_463/host/win32/x86/usr/bin/../lib/gcc/powerpc-unknown-nto-qnx6.5.0/4.6.3\libgcc.a(_ashrdi3.o)
                0x48054004                __ashrdi3
 .text          0x48054044       0x2c c:/program files/dspace rcphil 2016-a/compiler/qnx650_463/host/win32/x86/usr/bin/../lib/gcc/powerpc-unknown-nto-qnx6.5.0/4.6.3\libgcc.a(_cmpdi2.o)
                0x48054044                __cmpdi2
 .text          0x48054070       0x2c c:/program files/dspace rcphil 2016-a/compiler/qnx650_463/host/win32/x86/usr/bin/../lib/gcc/powerpc-unknown-nto-qnx6.5.0/4.6.3\libgcc.a(_ucmpdi2.o)
                0x48054070                __ucmpdi2
 .text          0x4805409c        0x4 c:/program files/dspace rcphil 2016-a/compiler/qnx650_463/host/win32/x86/usr/bin/../lib/gcc/powerpc-unknown-nto-qnx6.5.0/4.6.3\libgcc.a(_clear_cache.o)
                0x4805409c                __clear_cache
 .text          0x480540a0        0x4 c:/program files/dspace rcphil 2016-a/compiler/qnx650_463/host/win32/x86/usr/bin/../lib/gcc/powerpc-unknown-nto-qnx6.5.0/4.6.3\libgcc.a(_enable_execute_stack.o)
                0x480540a0                __enable_execute_stack
 .text          0x480540a4        0x0 c:/program files/dspace rcphil 2016-a/compiler/qnx650_463/host/win32/x86/usr/bin/../lib/gcc/powerpc-unknown-nto-qnx6.5.0/4.6.3\libgcc.a(_trampoline.o)
 .text          0x480540a4        0x0 c:/program files/dspace rcphil 2016-a/compiler/qnx650_463/host/win32/x86/usr/bin/../lib/gcc/powerpc-unknown-nto-qnx6.5.0/4.6.3\libgcc.a(__main.o)
 .text          0x480540a4       0x38 c:/program files/dspace rcphil 2016-a/compiler/qnx650_463/host/win32/x86/usr/bin/../lib/gcc/powerpc-unknown-nto-qnx6.5.0/4.6.3\libgcc.a(_absvsi2.o)
                0x480540a4                __absvsi2
 .text          0x480540dc       0x38 c:/program files/dspace rcphil 2016-a/compiler/qnx650_463/host/win32/x86/usr/bin/../lib/gcc/powerpc-unknown-nto-qnx6.5.0/4.6.3\libgcc.a(_absvdi2.o)
                0x480540dc                __absvdi2
 .text          0x48054114       0x54 c:/program files/dspace rcphil 2016-a/compiler/qnx650_463/host/win32/x86/usr/bin/../lib/gcc/powerpc-unknown-nto-qnx6.5.0/4.6.3\libgcc.a(_addvsi3.o)
                0x48054114                __addvsi3
 .text          0x48054168       0x68 c:/program files/dspace rcphil 2016-a/compiler/qnx650_463/host/win32/x86/usr/bin/../lib/gcc/powerpc-unknown-nto-qnx6.5.0/4.6.3\libgcc.a(_addvdi3.o)
                0x48054168                __addvdi3
 .text          0x480541d0       0x54 c:/program files/dspace rcphil 2016-a/compiler/qnx650_463/host/win32/x86/usr/bin/../lib/gcc/powerpc-unknown-nto-qnx6.5.0/4.6.3\libgcc.a(_subvsi3.o)
                0x480541d0                __subvsi3
 .text          0x48054224       0x68 c:/program files/dspace rcphil 2016-a/compiler/qnx650_463/host/win32/x86/usr/bin/../lib/gcc/powerpc-unknown-nto-qnx6.5.0/4.6.3\libgcc.a(_subvdi3.o)
                0x48054224                __subvdi3
 .text          0x4805428c       0x38 c:/program files/dspace rcphil 2016-a/compiler/qnx650_463/host/win32/x86/usr/bin/../lib/gcc/powerpc-unknown-nto-qnx6.5.0/4.6.3\libgcc.a(_mulvsi3.o)
                0x4805428c                __mulvsi3
 .text          0x480542c4      0x1d0 c:/program files/dspace rcphil 2016-a/compiler/qnx650_463/host/win32/x86/usr/bin/../lib/gcc/powerpc-unknown-nto-qnx6.5.0/4.6.3\libgcc.a(_mulvdi3.o)
                0x480542c4                __mulvdi3
 .text          0x48054494       0x44 c:/program files/dspace rcphil 2016-a/compiler/qnx650_463/host/win32/x86/usr/bin/../lib/gcc/powerpc-unknown-nto-qnx6.5.0/4.6.3\libgcc.a(_negvsi2.o)
                0x48054494                __negvsi2
 .text          0x480544d8       0x58 c:/program files/dspace rcphil 2016-a/compiler/qnx650_463/host/win32/x86/usr/bin/../lib/gcc/powerpc-unknown-nto-qnx6.5.0/4.6.3\libgcc.a(_negvdi2.o)
                0x480544d8                __negvdi2
 .text          0x48054530        0x0 c:/program files/dspace rcphil 2016-a/compiler/qnx650_463/host/win32/x86/usr/bin/../lib/gcc/powerpc-unknown-nto-qnx6.5.0/4.6.3\libgcc.a(_ctors.o)
 .text          0x48054530       0x20 c:/program files/dspace rcphil 2016-a/compiler/qnx650_463/host/win32/x86/usr/bin/../lib/gcc/powerpc-unknown-nto-qnx6.5.0/4.6.3\libgcc.a(_ffssi2.o)
                0x48054530                __ffssi2
 .text          0x48054550       0x4c c:/program files/dspace rcphil 2016-a/compiler/qnx650_463/host/win32/x86/usr/bin/../lib/gcc/powerpc-unknown-nto-qnx6.5.0/4.6.3\libgcc.a(_ffsdi2.o)
                0x48054550                __ffsdi2
 .text          0x4805459c        0x0 c:/program files/dspace rcphil 2016-a/compiler/qnx650_463/host/win32/x86/usr/bin/../lib/gcc/powerpc-unknown-nto-qnx6.5.0/4.6.3\libgcc.a(_clz.o)
 .text          0x4805459c        0x8 c:/program files/dspace rcphil 2016-a/compiler/qnx650_463/host/win32/x86/usr/bin/../lib/gcc/powerpc-unknown-nto-qnx6.5.0/4.6.3\libgcc.a(_clzsi2.o)
                0x4805459c                __clzsi2
 .text          0x480545a4       0x20 c:/program files/dspace rcphil 2016-a/compiler/qnx650_463/host/win32/x86/usr/bin/../lib/gcc/powerpc-unknown-nto-qnx6.5.0/4.6.3\libgcc.a(_clzdi2.o)
                0x480545a4                __clzdi2
 .text          0x480545c4       0x14 c:/program files/dspace rcphil 2016-a/compiler/qnx650_463/host/win32/x86/usr/bin/../lib/gcc/powerpc-unknown-nto-qnx6.5.0/4.6.3\libgcc.a(_ctzsi2.o)
                0x480545c4                __ctzsi2
 .text          0x480545d8       0x2c c:/program files/dspace rcphil 2016-a/compiler/qnx650_463/host/win32/x86/usr/bin/../lib/gcc/powerpc-unknown-nto-qnx6.5.0/4.6.3\libgcc.a(_ctzdi2.o)
                0x480545d8                __ctzdi2
 .text          0x48054604        0x0 c:/program files/dspace rcphil 2016-a/compiler/qnx650_463/host/win32/x86/usr/bin/../lib/gcc/powerpc-unknown-nto-qnx6.5.0/4.6.3\libgcc.a(_popcount_tab.o)
 .text          0x48054604       0x38 c:/program files/dspace rcphil 2016-a/compiler/qnx650_463/host/win32/x86/usr/bin/../lib/gcc/powerpc-unknown-nto-qnx6.5.0/4.6.3\libgcc.a(_popcountsi2.o)
                0x48054604                __popcountsi2
 .text          0x4805463c       0x6c c:/program files/dspace rcphil 2016-a/compiler/qnx650_463/host/win32/x86/usr/bin/../lib/gcc/powerpc-unknown-nto-qnx6.5.0/4.6.3\libgcc.a(_popcountdi2.o)
                0x4805463c                __popcountdi2
 .text          0x480546a8       0x2c c:/program files/dspace rcphil 2016-a/compiler/qnx650_463/host/win32/x86/usr/bin/../lib/gcc/powerpc-unknown-nto-qnx6.5.0/4.6.3\libgcc.a(_paritysi2.o)
                0x480546a8                __paritysi2
 .text          0x480546d4       0x30 c:/program files/dspace rcphil 2016-a/compiler/qnx650_463/host/win32/x86/usr/bin/../lib/gcc/powerpc-unknown-nto-qnx6.5.0/4.6.3\libgcc.a(_paritydi2.o)
                0x480546d4                __paritydi2
 .text          0x48054704       0x64 c:/program files/dspace rcphil 2016-a/compiler/qnx650_463/host/win32/x86/usr/bin/../lib/gcc/powerpc-unknown-nto-qnx6.5.0/4.6.3\libgcc.a(_powisf2.o)
                0x48054704                __powisf2
 .text          0x48054768       0x64 c:/program files/dspace rcphil 2016-a/compiler/qnx650_463/host/win32/x86/usr/bin/../lib/gcc/powerpc-unknown-nto-qnx6.5.0/4.6.3\libgcc.a(_powidf2.o)
                0x48054768                __powidf2
 .text          0x480547cc        0x0 c:/program files/dspace rcphil 2016-a/compiler/qnx650_463/host/win32/x86/usr/bin/../lib/gcc/powerpc-unknown-nto-qnx6.5.0/4.6.3\libgcc.a(_powixf2.o)
 .text          0x480547cc        0x0 c:/program files/dspace rcphil 2016-a/compiler/qnx650_463/host/win32/x86/usr/bin/../lib/gcc/powerpc-unknown-nto-qnx6.5.0/4.6.3\libgcc.a(_powitf2.o)
 .text          0x480547cc      0x3bc c:/program files/dspace rcphil 2016-a/compiler/qnx650_463/host/win32/x86/usr/bin/../lib/gcc/powerpc-unknown-nto-qnx6.5.0/4.6.3\libgcc.a(_mulsc3.o)
                0x480547cc                __mulsc3
 .text          0x48054b88      0x3ec c:/program files/dspace rcphil 2016-a/compiler/qnx650_463/host/win32/x86/usr/bin/../lib/gcc/powerpc-unknown-nto-qnx6.5.0/4.6.3\libgcc.a(_muldc3.o)
                0x48054b88                __muldc3
 .text          0x48054f74        0x0 c:/program files/dspace rcphil 2016-a/compiler/qnx650_463/host/win32/x86/usr/bin/../lib/gcc/powerpc-unknown-nto-qnx6.5.0/4.6.3\libgcc.a(_mulxc3.o)
 .text          0x48054f74        0x0 c:/program files/dspace rcphil 2016-a/compiler/qnx650_463/host/win32/x86/usr/bin/../lib/gcc/powerpc-unknown-nto-qnx6.5.0/4.6.3\libgcc.a(_multc3.o)
 .text          0x48054f74      0x304 c:/program files/dspace rcphil 2016-a/compiler/qnx650_463/host/win32/x86/usr/bin/../lib/gcc/powerpc-unknown-nto-qnx6.5.0/4.6.3\libgcc.a(_divsc3.o)
                0x48054f74                __divsc3
 .text          0x48055278      0x2fc c:/program files/dspace rcphil 2016-a/compiler/qnx650_463/host/win32/x86/usr/bin/../lib/gcc/powerpc-unknown-nto-qnx6.5.0/4.6.3\libgcc.a(_divdc3.o)
                0x48055278                __divdc3
 .text          0x48055574        0x0 c:/program files/dspace rcphil 2016-a/compiler/qnx650_463/host/win32/x86/usr/bin/../lib/gcc/powerpc-unknown-nto-qnx6.5.0/4.6.3\libgcc.a(_divxc3.o)
 .text          0x48055574        0x0 c:/program files/dspace rcphil 2016-a/compiler/qnx650_463/host/win32/x86/usr/bin/../lib/gcc/powerpc-unknown-nto-qnx6.5.0/4.6.3\libgcc.a(_divtc3.o)
 .text          0x48055574       0x14 c:/program files/dspace rcphil 2016-a/compiler/qnx650_463/host/win32/x86/usr/bin/../lib/gcc/powerpc-unknown-nto-qnx6.5.0/4.6.3\libgcc.a(_bswapsi2.o)
                0x48055574                __bswapsi2
 .text          0x48055588       0x24 c:/program files/dspace rcphil 2016-a/compiler/qnx650_463/host/win32/x86/usr/bin/../lib/gcc/powerpc-unknown-nto-qnx6.5.0/4.6.3\libgcc.a(_bswapdi2.o)
                0x48055588                __bswapdi2
 .text          0x480555ac       0x48 c:/program files/dspace rcphil 2016-a/compiler/qnx650_463/host/win32/x86/usr/bin/../lib/gcc/powerpc-unknown-nto-qnx6.5.0/4.6.3\libgcc.a(_fixunssfsi.o)
                0x480555ac                __fixunssfsi
 .text          0x480555f4       0x48 c:/program files/dspace rcphil 2016-a/compiler/qnx650_463/host/win32/x86/usr/bin/../lib/gcc/powerpc-unknown-nto-qnx6.5.0/4.6.3\libgcc.a(_fixunsdfsi.o)
                0x480555f4                __fixunsdfsi
 .text          0x4805563c        0x0 c:/program files/dspace rcphil 2016-a/compiler/qnx650_463/host/win32/x86/usr/bin/../lib/gcc/powerpc-unknown-nto-qnx6.5.0/4.6.3\libgcc.a(_fixunsxfsi.o)
 .text          0x4805563c       0x68 c:/program files/dspace rcphil 2016-a/compiler/qnx650_463/host/win32/x86/usr/bin/../lib/gcc/powerpc-unknown-nto-qnx6.5.0/4.6.3\libgcc.a(_fixsfdi.o)
                0x4805563c                __fixsfdi
 .text          0x480556a4       0x68 c:/program files/dspace rcphil 2016-a/compiler/qnx650_463/host/win32/x86/usr/bin/../lib/gcc/powerpc-unknown-nto-qnx6.5.0/4.6.3\libgcc.a(_fixdfdi.o)
                0x480556a4                __fixdfdi
 .text          0x4805570c        0x0 c:/program files/dspace rcphil 2016-a/compiler/qnx650_463/host/win32/x86/usr/bin/../lib/gcc/powerpc-unknown-nto-qnx6.5.0/4.6.3\libgcc.a(_fixxfdi.o)
 .text          0x4805570c        0x0 c:/program files/dspace rcphil 2016-a/compiler/qnx650_463/host/win32/x86/usr/bin/../lib/gcc/powerpc-unknown-nto-qnx6.5.0/4.6.3\libgcc.a(_fixtfdi.o)
 .text          0x4805570c       0xf0 c:/program files/dspace rcphil 2016-a/compiler/qnx650_463/host/win32/x86/usr/bin/../lib/gcc/powerpc-unknown-nto-qnx6.5.0/4.6.3\libgcc.a(_fixunssfdi.o)
                0x4805570c                __fixunssfdi
 .text          0x480557fc       0xec c:/program files/dspace rcphil 2016-a/compiler/qnx650_463/host/win32/x86/usr/bin/../lib/gcc/powerpc-unknown-nto-qnx6.5.0/4.6.3\libgcc.a(_fixunsdfdi.o)
                0x480557fc                __fixunsdfdi
 .text          0x480558e8        0x0 c:/program files/dspace rcphil 2016-a/compiler/qnx650_463/host/win32/x86/usr/bin/../lib/gcc/powerpc-unknown-nto-qnx6.5.0/4.6.3\libgcc.a(_fixunsxfdi.o)
 .text          0x480558e8        0x0 c:/program files/dspace rcphil 2016-a/compiler/qnx650_463/host/win32/x86/usr/bin/../lib/gcc/powerpc-unknown-nto-qnx6.5.0/4.6.3\libgcc.a(_fixunstfdi.o)
 .text          0x480558e8       0xac c:/program files/dspace rcphil 2016-a/compiler/qnx650_463/host/win32/x86/usr/bin/../lib/gcc/powerpc-unknown-nto-qnx6.5.0/4.6.3\libgcc.a(_floatdisf.o)
                0x480558e8                __floatdisf
 .text          0x48055994       0x50 c:/program files/dspace rcphil 2016-a/compiler/qnx650_463/host/win32/x86/usr/bin/../lib/gcc/powerpc-unknown-nto-qnx6.5.0/4.6.3\libgcc.a(_floatdidf.o)
                0x48055994                __floatdidf
 .text          0x480559e4        0x0 c:/program files/dspace rcphil 2016-a/compiler/qnx650_463/host/win32/x86/usr/bin/../lib/gcc/powerpc-unknown-nto-qnx6.5.0/4.6.3\libgcc.a(_floatdixf.o)
 .text          0x480559e4        0x0 c:/program files/dspace rcphil 2016-a/compiler/qnx650_463/host/win32/x86/usr/bin/../lib/gcc/powerpc-unknown-nto-qnx6.5.0/4.6.3\libgcc.a(_floatditf.o)
 .text          0x480559e4       0x68 c:/program files/dspace rcphil 2016-a/compiler/qnx650_463/host/win32/x86/usr/bin/../lib/gcc/powerpc-unknown-nto-qnx6.5.0/4.6.3\libgcc.a(_floatundisf.o)
                0x480559e4                __floatundisf
 .text          0x48055a4c       0x44 c:/program files/dspace rcphil 2016-a/compiler/qnx650_463/host/win32/x86/usr/bin/../lib/gcc/powerpc-unknown-nto-qnx6.5.0/4.6.3\libgcc.a(_floatundidf.o)
                0x48055a4c                __floatundidf
 .text          0x48055a90        0x0 c:/program files/dspace rcphil 2016-a/compiler/qnx650_463/host/win32/x86/usr/bin/../lib/gcc/powerpc-unknown-nto-qnx6.5.0/4.6.3\libgcc.a(_floatundixf.o)
 .text          0x48055a90        0x0 c:/program files/dspace rcphil 2016-a/compiler/qnx650_463/host/win32/x86/usr/bin/../lib/gcc/powerpc-unknown-nto-qnx6.5.0/4.6.3\libgcc.a(_floatunditf.o)
 .text          0x48055a90       0x48 c:/program files/dspace rcphil 2016-a/compiler/qnx650_463/host/win32/x86/usr/bin/../lib/gcc/powerpc-unknown-nto-qnx6.5.0/4.6.3\libgcc.a(_eprintf.o)
                0x48055a90                __eprintf
 .text          0x48055ad8       0x4c c:/program files/dspace rcphil 2016-a/compiler/qnx650_463/host/win32/x86/usr/bin/../lib/gcc/powerpc-unknown-nto-qnx6.5.0/4.6.3\libgcc.a(__gcc_bcmp.o)
                0x48055ad8                __gcc_bcmp
 .text          0x48055b24      0x448 c:/program files/dspace rcphil 2016-a/compiler/qnx650_463/host/win32/x86/usr/bin/../lib/gcc/powerpc-unknown-nto-qnx6.5.0/4.6.3\libgcc.a(_divdi3.o)
                0x48055b24                __divdi3
 .text          0x48055f6c      0x430 c:/program files/dspace rcphil 2016-a/compiler/qnx650_463/host/win32/x86/usr/bin/../lib/gcc/powerpc-unknown-nto-qnx6.5.0/4.6.3\libgcc.a(_moddi3.o)
                0x48055f6c                __moddi3
 .text          0x4805639c      0x400 c:/program files/dspace rcphil 2016-a/compiler/qnx650_463/host/win32/x86/usr/bin/../lib/gcc/powerpc-unknown-nto-qnx6.5.0/4.6.3\libgcc.a(_udivdi3.o)
                0x4805639c                __udivdi3
 .text          0x4805679c      0x3d4 c:/program files/dspace rcphil 2016-a/compiler/qnx650_463/host/win32/x86/usr/bin/../lib/gcc/powerpc-unknown-nto-qnx6.5.0/4.6.3\libgcc.a(_umoddi3.o)
                0x4805679c                __umoddi3
 .text          0x48056b70        0x8 c:/program files/dspace rcphil 2016-a/compiler/qnx650_463/host/win32/x86/usr/bin/../lib/gcc/powerpc-unknown-nto-qnx6.5.0/4.6.3\libgcc.a(_udiv_w_sdiv.o)
                0x48056b70                __udiv_w_sdiv
 .text          0x48056b78      0x4d4 c:/program files/dspace rcphil 2016-a/compiler/qnx650_463/host/win32/x86/usr/bin/../lib/gcc/powerpc-unknown-nto-qnx6.5.0/4.6.3\libgcc.a(_udivmoddi4.o)
                0x48056b78                __udivmoddi4
 .text          0x4805704c      0x130 c:/program files/dspace rcphil 2016-a/compiler/qnx650_463/host/win32/x86/usr/bin/../lib/gcc/powerpc-unknown-nto-qnx6.5.0/4.6.3\libgcc.a(_pack_sf.o)
                0x4805704c                __pack_f
 .text          0x4805717c       0xb0 c:/program files/dspace rcphil 2016-a/compiler/qnx650_463/host/win32/x86/usr/bin/../lib/gcc/powerpc-unknown-nto-qnx6.5.0/4.6.3\libgcc.a(_unpack_sf.o)
                0x4805717c                __unpack_f
 .text          0x4805722c      0x2e0 c:/program files/dspace rcphil 2016-a/compiler/qnx650_463/host/win32/x86/usr/bin/../lib/gcc/powerpc-unknown-nto-qnx6.5.0/4.6.3\libgcc.a(_addsub_sf.o)
                0x48057460                __addsf3
                0x480574b0                __subsf3
 .text          0x4805750c      0x1e4 c:/program files/dspace rcphil 2016-a/compiler/qnx650_463/host/win32/x86/usr/bin/../lib/gcc/powerpc-unknown-nto-qnx6.5.0/4.6.3\libgcc.a(_mul_sf.o)
                0x4805750c                __mulsf3
 .text          0x480576f0      0x16c c:/program files/dspace rcphil 2016-a/compiler/qnx650_463/host/win32/x86/usr/bin/../lib/gcc/powerpc-unknown-nto-qnx6.5.0/4.6.3\libgcc.a(_div_sf.o)
                0x480576f0                __divsf3
 .text          0x4805785c      0x108 c:/program files/dspace rcphil 2016-a/compiler/qnx650_463/host/win32/x86/usr/bin/../lib/gcc/powerpc-unknown-nto-qnx6.5.0/4.6.3\libgcc.a(_fpcmp_parts_sf.o)
                0x4805785c                __fpcmp_parts_f
 .text          0x48057964       0x48 c:/program files/dspace rcphil 2016-a/compiler/qnx650_463/host/win32/x86/usr/bin/../lib/gcc/powerpc-unknown-nto-qnx6.5.0/4.6.3\libgcc.a(_compare_sf.o)
                0x48057964                __cmpsf2
 .text          0x480579ac       0x64 c:/program files/dspace rcphil 2016-a/compiler/qnx650_463/host/win32/x86/usr/bin/../lib/gcc/powerpc-unknown-nto-qnx6.5.0/4.6.3\libgcc.a(_eq_sf.o)
                0x480579ac                __eqsf2
 .text          0x48057a10       0x64 c:/program files/dspace rcphil 2016-a/compiler/qnx650_463/host/win32/x86/usr/bin/../lib/gcc/powerpc-unknown-nto-qnx6.5.0/4.6.3\libgcc.a(_ne_sf.o)
                0x48057a10                __nesf2
 .text          0x48057a74       0x64 c:/program files/dspace rcphil 2016-a/compiler/qnx650_463/host/win32/x86/usr/bin/../lib/gcc/powerpc-unknown-nto-qnx6.5.0/4.6.3\libgcc.a(_gt_sf.o)
                0x48057a74                __gtsf2
 .text          0x48057ad8       0x64 c:/program files/dspace rcphil 2016-a/compiler/qnx650_463/host/win32/x86/usr/bin/../lib/gcc/powerpc-unknown-nto-qnx6.5.0/4.6.3\libgcc.a(_ge_sf.o)
                0x48057ad8                __gesf2
 .text          0x48057b3c       0x64 c:/program files/dspace rcphil 2016-a/compiler/qnx650_463/host/win32/x86/usr/bin/../lib/gcc/powerpc-unknown-nto-qnx6.5.0/4.6.3\libgcc.a(_lt_sf.o)
                0x48057b3c                __ltsf2
 .text          0x48057ba0       0x64 c:/program files/dspace rcphil 2016-a/compiler/qnx650_463/host/win32/x86/usr/bin/../lib/gcc/powerpc-unknown-nto-qnx6.5.0/4.6.3\libgcc.a(_le_sf.o)
                0x48057ba0                __lesf2
 .text          0x48057c04       0x5c c:/program files/dspace rcphil 2016-a/compiler/qnx650_463/host/win32/x86/usr/bin/../lib/gcc/powerpc-unknown-nto-qnx6.5.0/4.6.3\libgcc.a(_unord_sf.o)
                0x48057c04                __unordsf2
 .text          0x48057c60       0x94 c:/program files/dspace rcphil 2016-a/compiler/qnx650_463/host/win32/x86/usr/bin/../lib/gcc/powerpc-unknown-nto-qnx6.5.0/4.6.3\libgcc.a(_si_to_sf.o)
                0x48057c60                __floatsisf
 .text          0x48057cf4       0xb8 c:/program files/dspace rcphil 2016-a/compiler/qnx650_463/host/win32/x86/usr/bin/../lib/gcc/powerpc-unknown-nto-qnx6.5.0/4.6.3\libgcc.a(_sf_to_si.o)
                0x48057cf4                __fixsfsi
 .text          0x48057dac       0x44 c:/program files/dspace rcphil 2016-a/compiler/qnx650_463/host/win32/x86/usr/bin/../lib/gcc/powerpc-unknown-nto-qnx6.5.0/4.6.3\libgcc.a(_negate_sf.o)
                0x48057dac                __negsf2
 .text          0x48057df0       0x34 c:/program files/dspace rcphil 2016-a/compiler/qnx650_463/host/win32/x86/usr/bin/../lib/gcc/powerpc-unknown-nto-qnx6.5.0/4.6.3\libgcc.a(_make_sf.o)
                0x48057df0                __make_fp
 .text          0x48057e24       0x48 c:/program files/dspace rcphil 2016-a/compiler/qnx650_463/host/win32/x86/usr/bin/../lib/gcc/powerpc-unknown-nto-qnx6.5.0/4.6.3\libgcc.a(_sf_to_df.o)
                0x48057e24                __extendsfdf2
 .text          0x48057e6c        0x0 c:/program files/dspace rcphil 2016-a/compiler/qnx650_463/host/win32/x86/usr/bin/../lib/gcc/powerpc-unknown-nto-qnx6.5.0/4.6.3\libgcc.a(_thenan_sf.o)
 .text          0x48057e6c        0x0 c:/program files/dspace rcphil 2016-a/compiler/qnx650_463/host/win32/x86/usr/bin/../lib/gcc/powerpc-unknown-nto-qnx6.5.0/4.6.3\libgcc.a(_sf_to_usi.o)
 .text          0x48057e6c       0xd4 c:/program files/dspace rcphil 2016-a/compiler/qnx650_463/host/win32/x86/usr/bin/../lib/gcc/powerpc-unknown-nto-qnx6.5.0/4.6.3\libgcc.a(_usi_to_sf.o)
                0x48057e6c                __floatunsisf
 .text          0x48057f40      0x248 c:/program files/dspace rcphil 2016-a/compiler/qnx650_463/host/win32/x86/usr/bin/../lib/gcc/powerpc-unknown-nto-qnx6.5.0/4.6.3\libgcc.a(_pack_df.o)
                0x48057f40                __pack_d
 .text          0x48058188       0xe4 c:/program files/dspace rcphil 2016-a/compiler/qnx650_463/host/win32/x86/usr/bin/../lib/gcc/powerpc-unknown-nto-qnx6.5.0/4.6.3\libgcc.a(_unpack_df.o)
                0x48058188                __unpack_d
 .text          0x4805826c      0x440 c:/program files/dspace rcphil 2016-a/compiler/qnx650_463/host/win32/x86/usr/bin/../lib/gcc/powerpc-unknown-nto-qnx6.5.0/4.6.3\libgcc.a(_addsub_df.o)
                0x48058600                __adddf3
                0x48058650                __subdf3
 .text          0x480586ac      0x328 c:/program files/dspace rcphil 2016-a/compiler/qnx650_463/host/win32/x86/usr/bin/../lib/gcc/powerpc-unknown-nto-qnx6.5.0/4.6.3\libgcc.a(_mul_df.o)
                0x480586ac                __muldf3
 .text          0x480589d4      0x21c c:/program files/dspace rcphil 2016-a/compiler/qnx650_463/host/win32/x86/usr/bin/../lib/gcc/powerpc-unknown-nto-qnx6.5.0/4.6.3\libgcc.a(_div_df.o)
                0x480589d4                __divdf3
 .text          0x48058bf0      0x124 c:/program files/dspace rcphil 2016-a/compiler/qnx650_463/host/win32/x86/usr/bin/../lib/gcc/powerpc-unknown-nto-qnx6.5.0/4.6.3\libgcc.a(_fpcmp_parts_df.o)
                0x48058bf0                __fpcmp_parts_d
 .text          0x48058d14       0x48 c:/program files/dspace rcphil 2016-a/compiler/qnx650_463/host/win32/x86/usr/bin/../lib/gcc/powerpc-unknown-nto-qnx6.5.0/4.6.3\libgcc.a(_compare_df.o)
                0x48058d14                __cmpdf2
 .text          0x48058d5c       0x64 c:/program files/dspace rcphil 2016-a/compiler/qnx650_463/host/win32/x86/usr/bin/../lib/gcc/powerpc-unknown-nto-qnx6.5.0/4.6.3\libgcc.a(_eq_df.o)
                0x48058d5c                __eqdf2
 .text          0x48058dc0       0x64 c:/program files/dspace rcphil 2016-a/compiler/qnx650_463/host/win32/x86/usr/bin/../lib/gcc/powerpc-unknown-nto-qnx6.5.0/4.6.3\libgcc.a(_ne_df.o)
                0x48058dc0                __nedf2
 .text          0x48058e24       0x64 c:/program files/dspace rcphil 2016-a/compiler/qnx650_463/host/win32/x86/usr/bin/../lib/gcc/powerpc-unknown-nto-qnx6.5.0/4.6.3\libgcc.a(_gt_df.o)
                0x48058e24                __gtdf2
 .text          0x48058e88       0x64 c:/program files/dspace rcphil 2016-a/compiler/qnx650_463/host/win32/x86/usr/bin/../lib/gcc/powerpc-unknown-nto-qnx6.5.0/4.6.3\libgcc.a(_ge_df.o)
                0x48058e88                __gedf2
 .text          0x48058eec       0x64 c:/program files/dspace rcphil 2016-a/compiler/qnx650_463/host/win32/x86/usr/bin/../lib/gcc/powerpc-unknown-nto-qnx6.5.0/4.6.3\libgcc.a(_lt_df.o)
                0x48058eec                __ltdf2
 .text          0x48058f50       0x64 c:/program files/dspace rcphil 2016-a/compiler/qnx650_463/host/win32/x86/usr/bin/../lib/gcc/powerpc-unknown-nto-qnx6.5.0/4.6.3\libgcc.a(_le_df.o)
                0x48058f50                __ledf2
 .text          0x48058fb4       0x5c c:/program files/dspace rcphil 2016-a/compiler/qnx650_463/host/win32/x86/usr/bin/../lib/gcc/powerpc-unknown-nto-qnx6.5.0/4.6.3\libgcc.a(_unord_df.o)
                0x48058fb4                __unorddf2
 .text          0x48059010       0xc4 c:/program files/dspace rcphil 2016-a/compiler/qnx650_463/host/win32/x86/usr/bin/../lib/gcc/powerpc-unknown-nto-qnx6.5.0/4.6.3\libgcc.a(_si_to_df.o)
                0x48059010                __floatsidf
 .text          0x480590d4       0xe0 c:/program files/dspace rcphil 2016-a/compiler/qnx650_463/host/win32/x86/usr/bin/../lib/gcc/powerpc-unknown-nto-qnx6.5.0/4.6.3\libgcc.a(_df_to_si.o)
                0x480590d4                __fixdfsi
 .text          0x480591b4       0x44 c:/program files/dspace rcphil 2016-a/compiler/qnx650_463/host/win32/x86/usr/bin/../lib/gcc/powerpc-unknown-nto-qnx6.5.0/4.6.3\libgcc.a(_negate_df.o)
                0x480591b4                __negdf2
 .text          0x480591f8       0x38 c:/program files/dspace rcphil 2016-a/compiler/qnx650_463/host/win32/x86/usr/bin/../lib/gcc/powerpc-unknown-nto-qnx6.5.0/4.6.3\libgcc.a(_make_df.o)
                0x480591f8                __make_dp
 .text          0x48059230       0x5c c:/program files/dspace rcphil 2016-a/compiler/qnx650_463/host/win32/x86/usr/bin/../lib/gcc/powerpc-unknown-nto-qnx6.5.0/4.6.3\libgcc.a(_df_to_sf.o)
                0x48059230                __truncdfsf2
 .text          0x4805928c        0x0 c:/program files/dspace rcphil 2016-a/compiler/qnx650_463/host/win32/x86/usr/bin/../lib/gcc/powerpc-unknown-nto-qnx6.5.0/4.6.3\libgcc.a(_thenan_df.o)
 .text          0x4805928c        0x0 c:/program files/dspace rcphil 2016-a/compiler/qnx650_463/host/win32/x86/usr/bin/../lib/gcc/powerpc-unknown-nto-qnx6.5.0/4.6.3\libgcc.a(_df_to_usi.o)
 .text          0x4805928c      0x124 c:/program files/dspace rcphil 2016-a/compiler/qnx650_463/host/win32/x86/usr/bin/../lib/gcc/powerpc-unknown-nto-qnx6.5.0/4.6.3\libgcc.a(_usi_to_df.o)
                0x4805928c                __floatunsidf
 .text          0x480593b0       0x8c c:/program files/dspace rcphil 2016-a/compiler/qnx650_463/host/win32/x86/usr/bin/../lib/gcc/powerpc-unknown-nto-qnx6.5.0/4.6.3\libgcc.a(tramp.o)
                0x480593d8                __trampoline_setup
 .text          0x4805943c       0x4c c:/program files/dspace rcphil 2016-a/compiler/qnx650_463/host/win32/x86/usr/bin/../lib/gcc/powerpc-unknown-nto-qnx6.5.0/4.6.3\libgcc.a(crtsavfpr.o)
                0x4805943c                _savefpr_14
                0x48059440                _savefpr_15
                0x48059444                _savefpr_16
                0x48059448                _savefpr_17
                0x4805944c                _savefpr_18
                0x48059450                _savefpr_19
                0x48059454                _savefpr_20
                0x48059458                _savefpr_21
                0x4805945c                _savefpr_22
                0x48059460                _savefpr_23
                0x48059464                _savefpr_24
                0x48059468                _savefpr_25
                0x4805946c                _savefpr_26
                0x48059470                _savefpr_27
                0x48059474                _savefpr_28
                0x48059478                _savefpr_29
                0x4805947c                _savefpr_30
                0x48059480                _savefpr_31
 .text          0x48059488       0x4c c:/program files/dspace rcphil 2016-a/compiler/qnx650_463/host/win32/x86/usr/bin/../lib/gcc/powerpc-unknown-nto-qnx6.5.0/4.6.3\libgcc.a(crtresfpr.o)
                0x48059488                _restfpr_14
                0x4805948c                _restfpr_15
                0x48059490                _restfpr_16
                0x48059494                _restfpr_17
                0x48059498                _restfpr_18
                0x4805949c                _restfpr_19
                0x480594a0                _restfpr_20
                0x480594a4                _restfpr_21
                0x480594a8                _restfpr_22
                0x480594ac                _restfpr_23
                0x480594b0                _restfpr_24
                0x480594b4                _restfpr_25
                0x480594b8                _restfpr_26
                0x480594bc                _restfpr_27
                0x480594c0                _restfpr_28
                0x480594c4                _restfpr_29
                0x480594c8                _restfpr_30
                0x480594cc                _restfpr_31
 .text          0x480594d4       0x4c c:/program files/dspace rcphil 2016-a/compiler/qnx650_463/host/win32/x86/usr/bin/../lib/gcc/powerpc-unknown-nto-qnx6.5.0/4.6.3\libgcc.a(crtsavgpr.o)
                0x480594d4                _savegpr_14
                0x480594d8                _savegpr_15
                0x480594dc                _savegpr_16
                0x480594e0                _savegpr_17
                0x480594e4                _savegpr_18
                0x480594e8                _savegpr_19
                0x480594ec                _savegpr_20
                0x480594f0                _savegpr_21
                0x480594f4                _savegpr_22
                0x480594f8                _savegpr_23
                0x480594fc                _savegpr_24
                0x48059500                _savegpr_25
                0x48059504                _savegpr_26
                0x48059508                _savegpr_27
                0x4805950c                _savegpr_28
                0x48059510                _savegpr_29
                0x48059514                _savegpr_30
                0x48059518                _savegpr_31
 .text          0x48059520       0x4c c:/program files/dspace rcphil 2016-a/compiler/qnx650_463/host/win32/x86/usr/bin/../lib/gcc/powerpc-unknown-nto-qnx6.5.0/4.6.3\libgcc.a(crtresgpr.o)
                0x48059520                _restgpr_14
                0x48059524                _restgpr_15
                0x48059528                _restgpr_16
                0x4805952c                _restgpr_17
                0x48059530                _restgpr_18
                0x48059534                _restgpr_19
                0x48059538                _restgpr_20
                0x4805953c                _restgpr_21
                0x48059540                _restgpr_22
                0x48059544                _restgpr_23
                0x48059548                _restgpr_24
                0x4805954c                _restgpr_25
                0x48059550                _restgpr_26
                0x48059554                _restgpr_27
                0x48059558                _restgpr_28
                0x4805955c                _restgpr_29
                0x48059560                _restgpr_30
                0x48059564                _restgpr_31
 .text          0x4805956c       0x58 c:/program files/dspace rcphil 2016-a/compiler/qnx650_463/host/win32/x86/usr/bin/../lib/gcc/powerpc-unknown-nto-qnx6.5.0/4.6.3\libgcc.a(crtresxfpr.o)
                0x4805956c                _restfpr_14_x
                0x48059570                _restfpr_15_x
                0x48059574                _restfpr_16_x
                0x48059578                _restfpr_17_x
                0x4805957c                _restfpr_18_x
                0x48059580                _restfpr_19_x
                0x48059584                _restfpr_20_x
                0x48059588                _restfpr_21_x
                0x4805958c                _restfpr_22_x
                0x48059590                _restfpr_23_x
                0x48059594                _restfpr_24_x
                0x48059598                _restfpr_25_x
                0x4805959c                _restfpr_26_x
                0x480595a0                _restfpr_27_x
                0x480595a4                _restfpr_28_x
                0x480595a8                _restfpr_29_x
                0x480595ac                _restfpr_30_x
                0x480595b0                _restfpr_31_x
 .text          0x480595c4       0x58 c:/program files/dspace rcphil 2016-a/compiler/qnx650_463/host/win32/x86/usr/bin/../lib/gcc/powerpc-unknown-nto-qnx6.5.0/4.6.3\libgcc.a(crtresxgpr.o)
                0x480595c4                _restgpr_14_x
                0x480595c8                _restgpr_15_x
                0x480595cc                _restgpr_16_x
                0x480595d0                _restgpr_17_x
                0x480595d4                _restgpr_18_x
                0x480595d8                _restgpr_19_x
                0x480595dc                _restgpr_20_x
                0x480595e0                _restgpr_21_x
                0x480595e4                _restgpr_22_x
                0x480595e8                _restgpr_23_x
                0x480595ec                _restgpr_24_x
                0x480595f0                _restgpr_25_x
                0x480595f4                _restgpr_26_x
                0x480595f8                _restgpr_27_x
                0x480595fc                _restgpr_28_x
                0x48059600                _restgpr_29_x
                0x48059604                _restgpr_30_x
                0x48059608                _restgpr_31_x
 .text          0x4805961c        0x0 c:/program files/dspace rcphil 2016-a/compiler/qnx650_463/host/win32/x86/usr/bin/../lib/gcc/powerpc-unknown-nto-qnx6.5.0/4.6.3\libgcc.a(e500crtres32gpr.o)
 .text          0x4805961c        0x0 c:/program files/dspace rcphil 2016-a/compiler/qnx650_463/host/win32/x86/usr/bin/../lib/gcc/powerpc-unknown-nto-qnx6.5.0/4.6.3\libgcc.a(e500crtres64gpr.o)
 .text          0x4805961c        0x0 c:/program files/dspace rcphil 2016-a/compiler/qnx650_463/host/win32/x86/usr/bin/../lib/gcc/powerpc-unknown-nto-qnx6.5.0/4.6.3\libgcc.a(e500crtres64gprctr.o)
 .text          0x4805961c        0x0 c:/program files/dspace rcphil 2016-a/compiler/qnx650_463/host/win32/x86/usr/bin/../lib/gcc/powerpc-unknown-nto-qnx6.5.0/4.6.3\libgcc.a(e500crtrest32gpr.o)
 .text          0x4805961c        0x0 c:/program files/dspace rcphil 2016-a/compiler/qnx650_463/host/win32/x86/usr/bin/../lib/gcc/powerpc-unknown-nto-qnx6.5.0/4.6.3\libgcc.a(e500crtrest64gpr.o)
 .text          0x4805961c        0x0 c:/program files/dspace rcphil 2016-a/compiler/qnx650_463/host/win32/x86/usr/bin/../lib/gcc/powerpc-unknown-nto-qnx6.5.0/4.6.3\libgcc.a(e500crtresx32gpr.o)
 .text          0x4805961c        0x0 c:/program files/dspace rcphil 2016-a/compiler/qnx650_463/host/win32/x86/usr/bin/../lib/gcc/powerpc-unknown-nto-qnx6.5.0/4.6.3\libgcc.a(e500crtresx64gpr.o)
 .text          0x4805961c        0x0 c:/program files/dspace rcphil 2016-a/compiler/qnx650_463/host/win32/x86/usr/bin/../lib/gcc/powerpc-unknown-nto-qnx6.5.0/4.6.3\libgcc.a(e500crtsav32gpr.o)
 .text          0x4805961c        0x0 c:/program files/dspace rcphil 2016-a/compiler/qnx650_463/host/win32/x86/usr/bin/../lib/gcc/powerpc-unknown-nto-qnx6.5.0/4.6.3\libgcc.a(e500crtsav64gpr.o)
 .text          0x4805961c        0x0 c:/program files/dspace rcphil 2016-a/compiler/qnx650_463/host/win32/x86/usr/bin/../lib/gcc/powerpc-unknown-nto-qnx6.5.0/4.6.3\libgcc.a(e500crtsav64gprctr.o)
 .text          0x4805961c        0x0 c:/program files/dspace rcphil 2016-a/compiler/qnx650_463/host/win32/x86/usr/bin/../lib/gcc/powerpc-unknown-nto-qnx6.5.0/4.6.3\libgcc.a(e500crtsavg32gpr.o)
 .text          0x4805961c        0x0 c:/program files/dspace rcphil 2016-a/compiler/qnx650_463/host/win32/x86/usr/bin/../lib/gcc/powerpc-unknown-nto-qnx6.5.0/4.6.3\libgcc.a(e500crtsavg64gpr.o)
 .text          0x4805961c        0x0 c:/program files/dspace rcphil 2016-a/compiler/qnx650_463/host/win32/x86/usr/bin/../lib/gcc/powerpc-unknown-nto-qnx6.5.0/4.6.3\libgcc.a(e500crtsavg64gprctr.o)
 .text          0x4805961c     0x3250 c:/program files/dspace rcphil 2016-a/compiler/qnx650_463/host/win32/x86/usr/bin/../lib/gcc/powerpc-unknown-nto-qnx6.5.0/4.6.3\libgcc.a(unwind-dw2.o)
                0x4805bb7c                _Unwind_GetGR
                0x4805bbf0                _Unwind_GetCFA
                0x4805bbf8                _Unwind_SetGR
                0x4805bc80                _Unwind_GetIP
                0x4805bc88                _Unwind_GetIPInfo
                0x4805bc9c                _Unwind_SetIP
                0x4805bca4                _Unwind_GetLanguageSpecificData
                0x4805bcac                _Unwind_GetRegionStart
                0x4805bcb4                _Unwind_FindEnclosingFunction
                0x4805bcec                _Unwind_GetDataRelBase
                0x4805bcf4                _Unwind_GetTextRelBase
                0x4805bcfc                __frame_state_for
                0x4805be18                _Unwind_RaiseException
                0x4805c09c                _Unwind_ForcedUnwind
                0x4805c28c                _Unwind_Resume
                0x4805c47c                _Unwind_Resume_or_Rethrow
                0x4805c670                _Unwind_DeleteException
                0x4805c6a8                _Unwind_Backtrace
 .text          0x4805c86c     0x1924 c:/program files/dspace rcphil 2016-a/compiler/qnx650_463/host/win32/x86/usr/bin/../lib/gcc/powerpc-unknown-nto-qnx6.5.0/4.6.3\libgcc.a(unwind-dw2-fde.o)
                0x4805dc58                __register_frame_info_bases
                0x4805dce0                __register_frame_info
                0x4805dcec                __register_frame
                0x4805dd44                __register_frame_info_table_bases
                0x4805ddbc                __register_frame_info_table
                0x4805ddc8                __register_frame_table
                0x4805de00                __deregister_frame_info_bases
                0x4805df44                __deregister_frame_info
                0x4805df48                __deregister_frame
                0x4805df78                _Unwind_Find_FDE
 .text          0x4805e190        0x0 c:/program files/dspace rcphil 2016-a/compiler/qnx650_463/host/win32/x86/usr/bin/../lib/gcc/powerpc-unknown-nto-qnx6.5.0/4.6.3\libgcc.a(unwind-sjlj.o)
 .text          0x4805e190      0x5a0 c:/program files/dspace rcphil 2016-a/compiler/qnx650_463/host/win32/x86/usr/bin/../lib/gcc/powerpc-unknown-nto-qnx6.5.0/4.6.3\libgcc.a(unwind-c.o)
                0x4805e310                __gcc_personality_v0
 .text          0x4805e730      0x2f8 c:/program files/dspace rcphil 2016-a/compiler/qnx650_463/host/win32/x86/usr/bin/../lib/gcc/powerpc-unknown-nto-qnx6.5.0/4.6.3\libgcc.a(emutls.o)
                0x4805e7ec                __emutls_get_address
                0x4805e9e4                __emutls_register_common
 .text          0x4805ea28       0x98 c:/program files/dspace rcphil 2016-a/compiler/qnx650_463/host/win32/x86/usr/bin/../lib/gcc/powerpc-unknown-nto-qnx6.5.0/4.6.3/crtend.o
 .text          0x4805eac0        0x0 C:\Program Files\dSPACE RCPHIL 2016-A\Compiler\QNX650_463\target\qnx6/ppcbe/lib/crtn.o
 *(.gnu.warning)
 *(.glink)
 .glink         0x00000000        0x0 C:\Program Files\dSPACE RCPHIL 2016-A\Compiler\QNX650_463\target\qnx6/ppcbe/lib/crt1.o

.fini           0x4805eac0       0x20
 *(.fini)
 .fini          0x4805eac0        0xc C:\Program Files\dSPACE RCPHIL 2016-A\Compiler\QNX650_463\target\qnx6/ppcbe/lib/crti.o
                0x4805eac0                _fini
 .fini          0x4805eacc        0x4 c:/program files/dspace rcphil 2016-a/compiler/qnx650_463/host/win32/x86/usr/bin/../lib/gcc/powerpc-unknown-nto-qnx6.5.0/4.6.3/crtbegin.o
 .fini          0x4805ead0       0x10 C:\Program Files\dSPACE RCPHIL 2016-A\Compiler\QNX650_463\target\qnx6/ppcbe/lib/crtn.o
                0x4805eae0                PROVIDE (__etext, .)
                0x4805eae0                PROVIDE (_etext, .)
                0x4805eae0                PROVIDE (etext, .)

.rodata         0x4805eae0     0x1bcc
 *(.rodata .rodata.* .gnu.linkonce.r.*)
 .rodata        0x4805eae0       0x38 SystemFunc.o07
 .rodata.cst8   0x4805eb18       0x38 HandFunc.o07
 .rodata.cst4   0x4805eb50        0x4 WAMFunc.o07
 *fill*         0x4805eb54        0x4 00
 .rodata.cst8   0x4805eb58       0x50 WAMFunc.o07
                                 0x58 (size before relaxing)
 .rodata.cst8   0x4805eba8       0x38 AVSFunc.o07
 .rodata.str1.4
                0x4805ebe0       0xad AVSFunc.o07
 *fill*         0x4805ec8d        0x3 00
 .rodata        0x4805ec90       0x28 HandApp.o07
                0x4805ec90                g_cube_d
                0x4805ec98                g_Lw0
                0x4805eca0                r
                0x4805eca8                Lb
                0x4805ecb0                table_h
 .rodata.cst8   0x4805ecb8      0x378 HandApp.o07
                                0x3b8 (size before relaxing)
 .rodata        0x4805f030       0x28 WAMApp.o07
 .rodata.cst4   0x4805f058        0x4 WAMApp.o07
 .rodata.cst8   0x00000000       0x10 WAMApp.o07
 *fill*         0x4805f05c        0x4 00
 .rodata        0x4805f060       0x28 WAM2App.o07
 .rodata.cst8   0x4805f088       0x60 WAM2App.o07
                                 0xc0 (size before relaxing)
 .rodata.cst8   0x4805f0e8       0x10 AVSApp.o07
                                 0x20 (size before relaxing)
 .rodata.cst8   0x4805f0f8       0x30 XYZstageApp.o07
                                 0x40 (size before relaxing)
 .rodata.cst8   0x00000000       0x10 pmatrix.o07
 .rodata.str1.4
                0x4805f128       0x22 pmatrix.o07
 .rodata.cst8   0x00000000       0x10 homoMat.o07
 *fill*         0x4805f14a        0x2 00
 .rodata.str1.4
                0x4805f14c        0xe homoMat.o07
                                 0x16 (size before relaxing)
 *fill*         0x4805f15a        0x6 00
 .rodata.cst8   0x4805f160        0x8 Kalman.o07
                                 0x18 (size before relaxing)
 .rodata.cst4   0x4805f168        0x4 Predict3D.o07
                                  0x8 (size before relaxing)
 *fill*         0x4805f16c        0x4 00
 .rodata.cst8   0x4805f170        0x8 Predict3D.o07
 .rodata.cst8   0x00000000        0x8 throwJnt2armJnt.o07
 .rodata.cst8   0x4805f178        0x8 TaskSet.o07
                                 0x10 (size before relaxing)
 .rodata        0x4805f180       0xb0 handEnc2JntAng.o07
 .rodata.cst8   0x4805f230        0x8 handEnc2JntAng.o07
                                 0x10 (size before relaxing)
 .rodata        0x4805f238       0x74 rtiethernetdecode.o07
 .rodata.cst4   0x00000000        0x4 rtiethernetdecode.o07
 *fill*         0x4805f2ac        0x4 00
 .rodata.cst8   0x4805f2b0       0x10 rtiethernetdecode.o07
                                 0x20 (size before relaxing)
 .rodata.str1.4
                0x4805f2c0       0x8f rtiethernetdecode.o07
 .rodata.cst4   0x00000000        0x4 handTraj.o07
 *fill*         0x4805f34f        0x1 00
 .rodata.cst8   0x4805f350        0x8 handTraj.o07
                                 0x58 (size before relaxing)
 .rodata.cst8   0x4805f358        0x8 handJntAngLimit.o07
                                 0x38 (size before relaxing)
 .rodata        0x4805f360       0x58 handCtrl.o07
 .rodata.cst8   0x4805f3b8       0x40 handCtrl.o07
                                 0x48 (size before relaxing)
 .rodata.cst8   0x00000000        0x8 handJntTrq2DA.o07
 .rodata.cst8   0x00000000        0x8 handDALimit.o07
 .rodata        0x4805f3f8       0x74 rtiethernetencode.o07
 .rodata.cst8   0x00000000       0x18 rtiethernetencode.o07
 .rodata.str1.4
                0x00000000       0x8f rtiethernetencode.o07
 *fill*         0x4805f46c        0x4 00
 .rodata        0x4805f470       0x30 XYZstageTraj.o07
                0x4805f470                xyz_init_jnt_pos
                0x4805f488                xyz_end_jnt_pos
 .rodata.cst4   0x00000000        0x4 XYZstageTraj.o07
 .rodata.cst8   0x00000000       0x50 XYZstageTraj.o07
 .rodata.cst8   0x00000000       0x10 XYZstageAngLimit.o07
 .rodata.cst8   0x4805f4a0       0x10 XYZstageEnc2JntAng.o07
                                 0x18 (size before relaxing)
 .rodata.cst8   0x00000000        0x8 XYZstageCtrl.o07
 .rodata.cst8   0x00000000        0x8 XYZstageTrq2DA.o07
 .rodata.cst8   0x4805f4b0        0x8 XYZstageDALimit.o07
                                 0x18 (size before relaxing)
 .rodata.cst8   0x00000000        0x8 SystemSet.o07
 .rodata        0x4805f4b8        0xc base.o07
                0x4805f4b8                base_RGND
                0x4805f4c0                base_M
 *fill*         0x4805f4c4        0x4 00
 .rodata.cst8   0x4805f4c8        0x8 base.o07
                                 0x20 (size before relaxing)
 .rodata.str1.4
                0x4805f4d0      0x400 base.o07
 .rodata.cst4   0x4805f8d0        0x8 rtGetInf.o07
 .rodata.cst8   0x4805f8d8       0x10 rtGetInf.o07
 .rodata        0x4805f8e8       0x13 rt_i32zcfcn.o07
 .rodata.cst4   0x00000000        0x4 rt_matrx.o07
 *fill*         0x4805f8fb        0x5 00
 .rodata.cst8   0x4805f900        0x8 rt_matrx.o07
                                 0x28 (size before relaxing)
 .rodata.str1.4
                0x4805f908        0xf rt_printf.o07
 *fill*         0x4805f917        0x1 00
 .rodata        0x4805f918        0xc rti_sim_engine.o07
                0x4805f918                rtiDataSetStorageEnabled
                0x4805f91c                p_dsts_sum_of_reset_time
                0x4805f920                p_msg_last_error_no
 .rodata.cst8   0x00000000       0x10 rti_sim_engine.o07
 .rodata.str1.4
                0x4805f924      0x3c1 rti_sim_engine.o07
 .rodata.cst8   0x00000000       0x10 rt_sim.o07
 *fill*         0x4805fce5        0x3 00
 .rodata.str1.4
                0x4805fce8       0x71 rt_sim.o07
 *fill*         0x4805fd59        0x3 00
 .rodata.str1.4
                0x4805fd5c       0x70 rti_assert.o07
                                 0x6d (size before relaxing)
 *fill*         0x4805fdcc        0x4 00
 .rodata        0x4805fdd0       0x30 C:\Program Files\dSPACE RCPHIL 2016-A\DS1007\Lib\libm_fastpow.a(e_pow.o)
 .rodata.cst4   0x4805fe00        0x8 C:\Program Files\dSPACE RCPHIL 2016-A\DS1007\Lib\libm_fastpow.a(e_pow.o)
 .rodata.cst8   0x4805fe08       0xa0 C:\Program Files\dSPACE RCPHIL 2016-A\DS1007\Lib\libm_fastpow.a(e_pow.o)
                                 0xe8 (size before relaxing)
 .rodata.cst8   0x4805fea8       0x30 C:\Program Files\dSPACE RCPHIL 2016-A\DS1007\Lib\libm_fastpow.a(s_scalbn.o)
 .rodata        0x4805fed8      0x100 c:/program files/dspace rcphil 2016-a/compiler/qnx650_463/host/win32/x86/usr/bin/../lib/gcc/powerpc-unknown-nto-qnx6.5.0/4.6.3\libgcc.a(_clz.o)
                0x4805fed8                __clz_tab
 .rodata        0x4805ffd8      0x100 c:/program files/dspace rcphil 2016-a/compiler/qnx650_463/host/win32/x86/usr/bin/../lib/gcc/powerpc-unknown-nto-qnx6.5.0/4.6.3\libgcc.a(_popcount_tab.o)
                0x4805ffd8                __popcount_tab
 .rodata.cst4   0x480600d8        0x4 c:/program files/dspace rcphil 2016-a/compiler/qnx650_463/host/win32/x86/usr/bin/../lib/gcc/powerpc-unknown-nto-qnx6.5.0/4.6.3\libgcc.a(_powisf2.o)
 .rodata.cst4   0x00000000        0x4 c:/program files/dspace rcphil 2016-a/compiler/qnx650_463/host/win32/x86/usr/bin/../lib/gcc/powerpc-unknown-nto-qnx6.5.0/4.6.3\libgcc.a(_powidf2.o)
 .rodata.cst4   0x480600dc        0xc c:/program files/dspace rcphil 2016-a/compiler/qnx650_463/host/win32/x86/usr/bin/../lib/gcc/powerpc-unknown-nto-qnx6.5.0/4.6.3\libgcc.a(_mulsc3.o)
                                 0x14 (size before relaxing)
 .rodata.cst4   0x00000000       0x10 c:/program files/dspace rcphil 2016-a/compiler/qnx650_463/host/win32/x86/usr/bin/../lib/gcc/powerpc-unknown-nto-qnx6.5.0/4.6.3\libgcc.a(_muldc3.o)
 .rodata.cst8   0x00000000        0x8 c:/program files/dspace rcphil 2016-a/compiler/qnx650_463/host/win32/x86/usr/bin/../lib/gcc/powerpc-unknown-nto-qnx6.5.0/4.6.3\libgcc.a(_muldc3.o)
 .rodata.cst4   0x00000000       0x10 c:/program files/dspace rcphil 2016-a/compiler/qnx650_463/host/win32/x86/usr/bin/../lib/gcc/powerpc-unknown-nto-qnx6.5.0/4.6.3\libgcc.a(_divsc3.o)
 .rodata.cst4   0x00000000        0xc c:/program files/dspace rcphil 2016-a/compiler/qnx650_463/host/win32/x86/usr/bin/../lib/gcc/powerpc-unknown-nto-qnx6.5.0/4.6.3\libgcc.a(_divdc3.o)
 .rodata.cst8   0x00000000        0x8 c:/program files/dspace rcphil 2016-a/compiler/qnx650_463/host/win32/x86/usr/bin/../lib/gcc/powerpc-unknown-nto-qnx6.5.0/4.6.3\libgcc.a(_divdc3.o)
 .rodata.cst4   0x480600e8        0x4 c:/program files/dspace rcphil 2016-a/compiler/qnx650_463/host/win32/x86/usr/bin/../lib/gcc/powerpc-unknown-nto-qnx6.5.0/4.6.3\libgcc.a(_fixunssfsi.o)
 .rodata.cst4   0x00000000        0x4 c:/program files/dspace rcphil 2016-a/compiler/qnx650_463/host/win32/x86/usr/bin/../lib/gcc/powerpc-unknown-nto-qnx6.5.0/4.6.3\libgcc.a(_fixunsdfsi.o)
 .rodata.cst4   0x00000000        0x4 c:/program files/dspace rcphil 2016-a/compiler/qnx650_463/host/win32/x86/usr/bin/../lib/gcc/powerpc-unknown-nto-qnx6.5.0/4.6.3\libgcc.a(_fixsfdi.o)
 .rodata.cst8   0x00000000        0x8 c:/program files/dspace rcphil 2016-a/compiler/qnx650_463/host/win32/x86/usr/bin/../lib/gcc/powerpc-unknown-nto-qnx6.5.0/4.6.3\libgcc.a(_fixdfdi.o)
 .rodata.cst4   0x480600ec        0xc c:/program files/dspace rcphil 2016-a/compiler/qnx650_463/host/win32/x86/usr/bin/../lib/gcc/powerpc-unknown-nto-qnx6.5.0/4.6.3\libgcc.a(_fixunssfdi.o)
                                 0x10 (size before relaxing)
 .rodata.cst4   0x00000000       0x10 c:/program files/dspace rcphil 2016-a/compiler/qnx650_463/host/win32/x86/usr/bin/../lib/gcc/powerpc-unknown-nto-qnx6.5.0/4.6.3\libgcc.a(_fixunsdfdi.o)
 .rodata.cst4   0x00000000        0xc c:/program files/dspace rcphil 2016-a/compiler/qnx650_463/host/win32/x86/usr/bin/../lib/gcc/powerpc-unknown-nto-qnx6.5.0/4.6.3\libgcc.a(_floatdisf.o)
 .rodata.cst4   0x00000000        0xc c:/program files/dspace rcphil 2016-a/compiler/qnx650_463/host/win32/x86/usr/bin/../lib/gcc/powerpc-unknown-nto-qnx6.5.0/4.6.3\libgcc.a(_floatdidf.o)
 .rodata.cst4   0x00000000        0x8 c:/program files/dspace rcphil 2016-a/compiler/qnx650_463/host/win32/x86/usr/bin/../lib/gcc/powerpc-unknown-nto-qnx6.5.0/4.6.3\libgcc.a(_floatundisf.o)
 .rodata.cst4   0x00000000        0x8 c:/program files/dspace rcphil 2016-a/compiler/qnx650_463/host/win32/x86/usr/bin/../lib/gcc/powerpc-unknown-nto-qnx6.5.0/4.6.3\libgcc.a(_floatundidf.o)
 .rodata.cst4   0x480600f8        0x4 c:/program files/dspace rcphil 2016-a/compiler/qnx650_463/host/win32/x86/usr/bin/../lib/gcc/powerpc-unknown-nto-qnx6.5.0/4.6.3\libgcc.a(_si_to_sf.o)
 .rodata        0x480600fc       0x10 c:/program files/dspace rcphil 2016-a/compiler/qnx650_463/host/win32/x86/usr/bin/../lib/gcc/powerpc-unknown-nto-qnx6.5.0/4.6.3\libgcc.a(_thenan_sf.o)
                0x480600fc                __thenan_sf
 .rodata.cst4   0x00000000        0x4 c:/program files/dspace rcphil 2016-a/compiler/qnx650_463/host/win32/x86/usr/bin/../lib/gcc/powerpc-unknown-nto-qnx6.5.0/4.6.3\libgcc.a(_si_to_df.o)
 *fill*         0x4806010c        0x4 00
 .rodata        0x48060110       0x18 c:/program files/dspace rcphil 2016-a/compiler/qnx650_463/host/win32/x86/usr/bin/../lib/gcc/powerpc-unknown-nto-qnx6.5.0/4.6.3\libgcc.a(_thenan_df.o)
                0x48060110                __thenan_df
 .rodata        0x48060128      0x51c c:/program files/dspace rcphil 2016-a/compiler/qnx650_463/host/win32/x86/usr/bin/../lib/gcc/powerpc-unknown-nto-qnx6.5.0/4.6.3\libgcc.a(unwind-dw2.o)
 .rodata        0x48060644       0x34 c:/program files/dspace rcphil 2016-a/compiler/qnx650_463/host/win32/x86/usr/bin/../lib/gcc/powerpc-unknown-nto-qnx6.5.0/4.6.3\libgcc.a(unwind-dw2-fde.o)
 .rodata        0x48060678       0x34 c:/program files/dspace rcphil 2016-a/compiler/qnx650_463/host/win32/x86/usr/bin/../lib/gcc/powerpc-unknown-nto-qnx6.5.0/4.6.3\libgcc.a(unwind-c.o)

.rodata1
 *(.rodata1)

.sdata2         0x480606ac        0x0
                0x00008000                PROVIDE (_SDA2_BASE_, 0x8000)
 *(.sdata2 .sdata2.* .gnu.linkonce.s2.*)

.sbss2
 *(.sbss2 .sbss2.* .gnu.linkonce.sb2.*)

.eh_frame_hdr   0x480606ac      0x254
 *(.eh_frame_hdr)
 .eh_frame_hdr  0x480606ac      0x254 c:/program files/dspace rcphil 2016-a/compiler/qnx650_463/host/win32/x86/usr/bin/../lib/gcc/powerpc-unknown-nto-qnx6.5.0/4.6.3\libgcc.a(_fixsfdi.o)

.eh_frame       0x48060900      0xda4
 *(.eh_frame)
 .eh_frame      0x00000000        0x0 C:\Program Files\dSPACE RCPHIL 2016-A\Compiler\QNX650_463\target\qnx6/ppcbe/lib/crt1.o
 .eh_frame      0x48060900        0x0 c:/program files/dspace rcphil 2016-a/compiler/qnx650_463/host/win32/x86/usr/bin/../lib/gcc/powerpc-unknown-nto-qnx6.5.0/4.6.3/crtbegin.o
 .eh_frame      0x48060900       0x30 c:/program files/dspace rcphil 2016-a/compiler/qnx650_463/host/win32/x86/usr/bin/../lib/gcc/powerpc-unknown-nto-qnx6.5.0/4.6.3\libgcc.a(_fixsfdi.o)
 .eh_frame      0x48060930       0x20 c:/program files/dspace rcphil 2016-a/compiler/qnx650_463/host/win32/x86/usr/bin/../lib/gcc/powerpc-unknown-nto-qnx6.5.0/4.6.3\libgcc.a(_fixdfdi.o)
                                 0x30 (size before relaxing)
 .eh_frame      0x48060950       0x20 c:/program files/dspace rcphil 2016-a/compiler/qnx650_463/host/win32/x86/usr/bin/../lib/gcc/powerpc-unknown-nto-qnx6.5.0/4.6.3\libgcc.a(_eprintf.o)
                                 0x30 (size before relaxing)
 .eh_frame      0x48060970       0x28 c:/program files/dspace rcphil 2016-a/compiler/qnx650_463/host/win32/x86/usr/bin/../lib/gcc/powerpc-unknown-nto-qnx6.5.0/4.6.3\libgcc.a(_divdi3.o)
                                 0x38 (size before relaxing)
 .eh_frame      0x48060998       0x28 c:/program files/dspace rcphil 2016-a/compiler/qnx650_463/host/win32/x86/usr/bin/../lib/gcc/powerpc-unknown-nto-qnx6.5.0/4.6.3\libgcc.a(_moddi3.o)
                                 0x38 (size before relaxing)
 .eh_frame      0x480609c0       0x38 c:/program files/dspace rcphil 2016-a/compiler/qnx650_463/host/win32/x86/usr/bin/../lib/gcc/powerpc-unknown-nto-qnx6.5.0/4.6.3\libgcc.a(_udivdi3.o)
                                 0x48 (size before relaxing)
 .eh_frame      0x480609f8       0x3c c:/program files/dspace rcphil 2016-a/compiler/qnx650_463/host/win32/x86/usr/bin/../lib/gcc/powerpc-unknown-nto-qnx6.5.0/4.6.3\libgcc.a(_umoddi3.o)
                                 0x4c (size before relaxing)
 .eh_frame      0x48060a34       0x10 c:/program files/dspace rcphil 2016-a/compiler/qnx650_463/host/win32/x86/usr/bin/../lib/gcc/powerpc-unknown-nto-qnx6.5.0/4.6.3\libgcc.a(_udiv_w_sdiv.o)
                                 0x20 (size before relaxing)
 .eh_frame      0x48060a44       0x48 c:/program files/dspace rcphil 2016-a/compiler/qnx650_463/host/win32/x86/usr/bin/../lib/gcc/powerpc-unknown-nto-qnx6.5.0/4.6.3\libgcc.a(_udivmoddi4.o)
                                 0x58 (size before relaxing)
 .eh_frame      0x48060a8c       0x38 c:/program files/dspace rcphil 2016-a/compiler/qnx650_463/host/win32/x86/usr/bin/../lib/gcc/powerpc-unknown-nto-qnx6.5.0/4.6.3\libgcc.a(_addsub_sf.o)
                                 0x48 (size before relaxing)
 .eh_frame      0x48060ac4       0x2c c:/program files/dspace rcphil 2016-a/compiler/qnx650_463/host/win32/x86/usr/bin/../lib/gcc/powerpc-unknown-nto-qnx6.5.0/4.6.3\libgcc.a(_mul_sf.o)
                                 0x3c (size before relaxing)
 .eh_frame      0x48060af0       0x24 c:/program files/dspace rcphil 2016-a/compiler/qnx650_463/host/win32/x86/usr/bin/../lib/gcc/powerpc-unknown-nto-qnx6.5.0/4.6.3\libgcc.a(_div_sf.o)
                                 0x34 (size before relaxing)
 .eh_frame      0x48060b14       0x1c c:/program files/dspace rcphil 2016-a/compiler/qnx650_463/host/win32/x86/usr/bin/../lib/gcc/powerpc-unknown-nto-qnx6.5.0/4.6.3\libgcc.a(_compare_sf.o)
                                 0x2c (size before relaxing)
 .eh_frame      0x48060b30       0x1c c:/program files/dspace rcphil 2016-a/compiler/qnx650_463/host/win32/x86/usr/bin/../lib/gcc/powerpc-unknown-nto-qnx6.5.0/4.6.3\libgcc.a(_eq_sf.o)
                                 0x2c (size before relaxing)
 .eh_frame      0x48060b4c       0x1c c:/program files/dspace rcphil 2016-a/compiler/qnx650_463/host/win32/x86/usr/bin/../lib/gcc/powerpc-unknown-nto-qnx6.5.0/4.6.3\libgcc.a(_ne_sf.o)
                                 0x2c (size before relaxing)
 .eh_frame      0x48060b68       0x1c c:/program files/dspace rcphil 2016-a/compiler/qnx650_463/host/win32/x86/usr/bin/../lib/gcc/powerpc-unknown-nto-qnx6.5.0/4.6.3\libgcc.a(_gt_sf.o)
                                 0x2c (size before relaxing)
 .eh_frame      0x48060b84       0x1c c:/program files/dspace rcphil 2016-a/compiler/qnx650_463/host/win32/x86/usr/bin/../lib/gcc/powerpc-unknown-nto-qnx6.5.0/4.6.3\libgcc.a(_ge_sf.o)
                                 0x2c (size before relaxing)
 .eh_frame      0x48060ba0       0x1c c:/program files/dspace rcphil 2016-a/compiler/qnx650_463/host/win32/x86/usr/bin/../lib/gcc/powerpc-unknown-nto-qnx6.5.0/4.6.3\libgcc.a(_lt_sf.o)
                                 0x2c (size before relaxing)
 .eh_frame      0x48060bbc       0x1c c:/program files/dspace rcphil 2016-a/compiler/qnx650_463/host/win32/x86/usr/bin/../lib/gcc/powerpc-unknown-nto-qnx6.5.0/4.6.3\libgcc.a(_le_sf.o)
                                 0x2c (size before relaxing)
 .eh_frame      0x48060bd8       0x1c c:/program files/dspace rcphil 2016-a/compiler/qnx650_463/host/win32/x86/usr/bin/../lib/gcc/powerpc-unknown-nto-qnx6.5.0/4.6.3\libgcc.a(_unord_sf.o)
                                 0x2c (size before relaxing)
 .eh_frame      0x48060bf4       0x20 c:/program files/dspace rcphil 2016-a/compiler/qnx650_463/host/win32/x86/usr/bin/../lib/gcc/powerpc-unknown-nto-qnx6.5.0/4.6.3\libgcc.a(_si_to_sf.o)
                                 0x30 (size before relaxing)
 .eh_frame      0x48060c14       0x24 c:/program files/dspace rcphil 2016-a/compiler/qnx650_463/host/win32/x86/usr/bin/../lib/gcc/powerpc-unknown-nto-qnx6.5.0/4.6.3\libgcc.a(_sf_to_si.o)
                                 0x34 (size before relaxing)
 .eh_frame      0x48060c38       0x1c c:/program files/dspace rcphil 2016-a/compiler/qnx650_463/host/win32/x86/usr/bin/../lib/gcc/powerpc-unknown-nto-qnx6.5.0/4.6.3\libgcc.a(_negate_sf.o)
                                 0x2c (size before relaxing)
 .eh_frame      0x48060c54       0x1c c:/program files/dspace rcphil 2016-a/compiler/qnx650_463/host/win32/x86/usr/bin/../lib/gcc/powerpc-unknown-nto-qnx6.5.0/4.6.3\libgcc.a(_make_sf.o)
                                 0x2c (size before relaxing)
 .eh_frame      0x48060c70       0x1c c:/program files/dspace rcphil 2016-a/compiler/qnx650_463/host/win32/x86/usr/bin/../lib/gcc/powerpc-unknown-nto-qnx6.5.0/4.6.3\libgcc.a(_sf_to_df.o)
                                 0x2c (size before relaxing)
 .eh_frame      0x48060c8c       0x28 c:/program files/dspace rcphil 2016-a/compiler/qnx650_463/host/win32/x86/usr/bin/../lib/gcc/powerpc-unknown-nto-qnx6.5.0/4.6.3\libgcc.a(_usi_to_sf.o)
                                 0x38 (size before relaxing)
 .eh_frame      0x48060cb4       0x38 c:/program files/dspace rcphil 2016-a/compiler/qnx650_463/host/win32/x86/usr/bin/../lib/gcc/powerpc-unknown-nto-qnx6.5.0/4.6.3\libgcc.a(_addsub_df.o)
                                 0x48 (size before relaxing)
 .eh_frame      0x48060cec       0x38 c:/program files/dspace rcphil 2016-a/compiler/qnx650_463/host/win32/x86/usr/bin/../lib/gcc/powerpc-unknown-nto-qnx6.5.0/4.6.3\libgcc.a(_mul_df.o)
                                 0x48 (size before relaxing)
 .eh_frame      0x48060d24       0x34 c:/program files/dspace rcphil 2016-a/compiler/qnx650_463/host/win32/x86/usr/bin/../lib/gcc/powerpc-unknown-nto-qnx6.5.0/4.6.3\libgcc.a(_div_df.o)
                                 0x44 (size before relaxing)
 .eh_frame      0x48060d58       0x1c c:/program files/dspace rcphil 2016-a/compiler/qnx650_463/host/win32/x86/usr/bin/../lib/gcc/powerpc-unknown-nto-qnx6.5.0/4.6.3\libgcc.a(_compare_df.o)
                                 0x2c (size before relaxing)
 .eh_frame      0x48060d74       0x1c c:/program files/dspace rcphil 2016-a/compiler/qnx650_463/host/win32/x86/usr/bin/../lib/gcc/powerpc-unknown-nto-qnx6.5.0/4.6.3\libgcc.a(_eq_df.o)
                                 0x2c (size before relaxing)
 .eh_frame      0x48060d90       0x1c c:/program files/dspace rcphil 2016-a/compiler/qnx650_463/host/win32/x86/usr/bin/../lib/gcc/powerpc-unknown-nto-qnx6.5.0/4.6.3\libgcc.a(_ne_df.o)
                                 0x2c (size before relaxing)
 .eh_frame      0x48060dac       0x1c c:/program files/dspace rcphil 2016-a/compiler/qnx650_463/host/win32/x86/usr/bin/../lib/gcc/powerpc-unknown-nto-qnx6.5.0/4.6.3\libgcc.a(_gt_df.o)
                                 0x2c (size before relaxing)
 .eh_frame      0x48060dc8       0x1c c:/program files/dspace rcphil 2016-a/compiler/qnx650_463/host/win32/x86/usr/bin/../lib/gcc/powerpc-unknown-nto-qnx6.5.0/4.6.3\libgcc.a(_ge_df.o)
                                 0x2c (size before relaxing)
 .eh_frame      0x48060de4       0x1c c:/program files/dspace rcphil 2016-a/compiler/qnx650_463/host/win32/x86/usr/bin/../lib/gcc/powerpc-unknown-nto-qnx6.5.0/4.6.3\libgcc.a(_lt_df.o)
                                 0x2c (size before relaxing)
 .eh_frame      0x48060e00       0x1c c:/program files/dspace rcphil 2016-a/compiler/qnx650_463/host/win32/x86/usr/bin/../lib/gcc/powerpc-unknown-nto-qnx6.5.0/4.6.3\libgcc.a(_le_df.o)
                                 0x2c (size before relaxing)
 .eh_frame      0x48060e1c       0x1c c:/program files/dspace rcphil 2016-a/compiler/qnx650_463/host/win32/x86/usr/bin/../lib/gcc/powerpc-unknown-nto-qnx6.5.0/4.6.3\libgcc.a(_unord_df.o)
                                 0x2c (size before relaxing)
 .eh_frame      0x48060e38       0x20 c:/program files/dspace rcphil 2016-a/compiler/qnx650_463/host/win32/x86/usr/bin/../lib/gcc/powerpc-unknown-nto-qnx6.5.0/4.6.3\libgcc.a(_si_to_df.o)
                                 0x30 (size before relaxing)
 .eh_frame      0x48060e58       0x24 c:/program files/dspace rcphil 2016-a/compiler/qnx650_463/host/win32/x86/usr/bin/../lib/gcc/powerpc-unknown-nto-qnx6.5.0/4.6.3\libgcc.a(_df_to_si.o)
                                 0x34 (size before relaxing)
 .eh_frame      0x48060e7c       0x1c c:/program files/dspace rcphil 2016-a/compiler/qnx650_463/host/win32/x86/usr/bin/../lib/gcc/powerpc-unknown-nto-qnx6.5.0/4.6.3\libgcc.a(_negate_df.o)
                                 0x2c (size before relaxing)
 .eh_frame      0x48060e98       0x1c c:/program files/dspace rcphil 2016-a/compiler/qnx650_463/host/win32/x86/usr/bin/../lib/gcc/powerpc-unknown-nto-qnx6.5.0/4.6.3\libgcc.a(_make_df.o)
                                 0x2c (size before relaxing)
 .eh_frame      0x48060eb4       0x1c c:/program files/dspace rcphil 2016-a/compiler/qnx650_463/host/win32/x86/usr/bin/../lib/gcc/powerpc-unknown-nto-qnx6.5.0/4.6.3\libgcc.a(_df_to_sf.o)
                                 0x2c (size before relaxing)
 .eh_frame      0x48060ed0       0x2c c:/program files/dspace rcphil 2016-a/compiler/qnx650_463/host/win32/x86/usr/bin/../lib/gcc/powerpc-unknown-nto-qnx6.5.0/4.6.3\libgcc.a(_usi_to_df.o)
                                 0x3c (size before relaxing)
 .eh_frame      0x48060efc       0x28 c:/program files/dspace rcphil 2016-a/compiler/qnx650_463/host/win32/x86/usr/bin/../lib/gcc/powerpc-unknown-nto-qnx6.5.0/4.6.3\libgcc.a(crtsavfpr.o)
 .eh_frame      0x48060f24       0x14 c:/program files/dspace rcphil 2016-a/compiler/qnx650_463/host/win32/x86/usr/bin/../lib/gcc/powerpc-unknown-nto-qnx6.5.0/4.6.3\libgcc.a(crtresfpr.o)
                                 0x28 (size before relaxing)
 .eh_frame      0x48060f38       0x14 c:/program files/dspace rcphil 2016-a/compiler/qnx650_463/host/win32/x86/usr/bin/../lib/gcc/powerpc-unknown-nto-qnx6.5.0/4.6.3\libgcc.a(crtsavgpr.o)
                                 0x28 (size before relaxing)
 .eh_frame      0x48060f4c       0x14 c:/program files/dspace rcphil 2016-a/compiler/qnx650_463/host/win32/x86/usr/bin/../lib/gcc/powerpc-unknown-nto-qnx6.5.0/4.6.3\libgcc.a(crtresgpr.o)
                                 0x28 (size before relaxing)
 .eh_frame      0x48060f60       0x7c c:/program files/dspace rcphil 2016-a/compiler/qnx650_463/host/win32/x86/usr/bin/../lib/gcc/powerpc-unknown-nto-qnx6.5.0/4.6.3\libgcc.a(crtresxfpr.o)
 .eh_frame      0x48060fdc       0x7c c:/program files/dspace rcphil 2016-a/compiler/qnx650_463/host/win32/x86/usr/bin/../lib/gcc/powerpc-unknown-nto-qnx6.5.0/4.6.3\libgcc.a(crtresxgpr.o)
 .eh_frame      0x48061058      0x44c c:/program files/dspace rcphil 2016-a/compiler/qnx650_463/host/win32/x86/usr/bin/../lib/gcc/powerpc-unknown-nto-qnx6.5.0/4.6.3\libgcc.a(unwind-dw2.o)
                                0x45c (size before relaxing)
 .eh_frame      0x480614a4      0x1a8 c:/program files/dspace rcphil 2016-a/compiler/qnx650_463/host/win32/x86/usr/bin/../lib/gcc/powerpc-unknown-nto-qnx6.5.0/4.6.3\libgcc.a(unwind-dw2-fde.o)
                                0x1b8 (size before relaxing)
 .eh_frame      0x4806164c       0x34 c:/program files/dspace rcphil 2016-a/compiler/qnx650_463/host/win32/x86/usr/bin/../lib/gcc/powerpc-unknown-nto-qnx6.5.0/4.6.3\libgcc.a(unwind-c.o)
                                 0x44 (size before relaxing)
 .eh_frame      0x48061680       0x20 c:/program files/dspace rcphil 2016-a/compiler/qnx650_463/host/win32/x86/usr/bin/../lib/gcc/powerpc-unknown-nto-qnx6.5.0/4.6.3\libgcc.a(emutls.o)
                                 0x30 (size before relaxing)
 .eh_frame      0x480616a0        0x4 c:/program files/dspace rcphil 2016-a/compiler/qnx650_463/host/win32/x86/usr/bin/../lib/gcc/powerpc-unknown-nto-qnx6.5.0/4.6.3/crtend.o

.gcc_except_table
 *(.gcc_except_table .gcc_except_table.*)
                0x480616a4                . = (ALIGN (0x1000) - ((0x1000 - .) & 0xfff))
                0x480626a4                . = DATA_SEGMENT_ALIGN (0x1000, 0x1000)

.eh_frame
 *(.eh_frame)

.gcc_except_table
 *(.gcc_except_table .gcc_except_table.*)

.tdata
 *(.tdata .tdata.* .gnu.linkonce.td.*)

.tbss
 *(.tbss .tbss.* .gnu.linkonce.tb.*)
 *(.tcommon)

.preinit_array  0x480626a4        0x0
                0x480626a4                PROVIDE (__preinit_array_start, .)
 *(.preinit_array)
                0x480626a4                PROVIDE (__preinit_array_end, .)

.init_array     0x480626a4        0x0
                0x480626a4                PROVIDE (__init_array_start, .)
 *(SORT(.init_array.*))
 *(.init_array)
                0x480626a4                PROVIDE (__init_array_end, .)

.fini_array     0x480626a4        0x0
                0x480626a4                PROVIDE (__fini_array_start, .)
 *(.fini_array)
 *(SORT(.fini_array.*))
                0x480626a4                PROVIDE (__fini_array_end, .)

.ctors          0x480626a4        0x8
 *crtbegin.o(.ctors)
 .ctors         0x480626a4        0x4 c:/program files/dspace rcphil 2016-a/compiler/qnx650_463/host/win32/x86/usr/bin/../lib/gcc/powerpc-unknown-nto-qnx6.5.0/4.6.3/crtbegin.o
 *crtbegin?.o(.ctors)
 *(EXCLUDE_FILE(*crtend?.o *crtend.o) .ctors)
 *(SORT(.ctors.*))
 *(.ctors)
 .ctors         0x480626a8        0x4 c:/program files/dspace rcphil 2016-a/compiler/qnx650_463/host/win32/x86/usr/bin/../lib/gcc/powerpc-unknown-nto-qnx6.5.0/4.6.3/crtend.o

.dtors          0x480626ac        0x8
 *crtbegin.o(.dtors)
 .dtors         0x480626ac        0x4 c:/program files/dspace rcphil 2016-a/compiler/qnx650_463/host/win32/x86/usr/bin/../lib/gcc/powerpc-unknown-nto-qnx6.5.0/4.6.3/crtbegin.o
 *crtbegin?.o(.dtors)
 *(EXCLUDE_FILE(*crtend?.o *crtend.o) .dtors)
 *(SORT(.dtors.*))
 *(.dtors)
 .dtors         0x480626b0        0x4 c:/program files/dspace rcphil 2016-a/compiler/qnx650_463/host/win32/x86/usr/bin/../lib/gcc/powerpc-unknown-nto-qnx6.5.0/4.6.3/crtend.o
                0x480626b0                __DTOR_END__

.jcr            0x480626b4        0x4
 *(.jcr)
 .jcr           0x480626b4        0x0 c:/program files/dspace rcphil 2016-a/compiler/qnx650_463/host/win32/x86/usr/bin/../lib/gcc/powerpc-unknown-nto-qnx6.5.0/4.6.3/crtbegin.o
 .jcr           0x480626b4        0x4 c:/program files/dspace rcphil 2016-a/compiler/qnx650_463/host/win32/x86/usr/bin/../lib/gcc/powerpc-unknown-nto-qnx6.5.0/4.6.3/crtend.o

.data.rel.ro
 *(.data.rel.ro.local* .gnu.linkonce.d.rel.ro.local.*)
 *(.data.rel.ro* .gnu.linkonce.d.rel.ro.*)

.fixup
 *(.fixup)

.got1
 *(.got1)

.got2
 *(.got2)
