Archive member included because of file (symbol)

C:\Program Files\dSPACE RCPHIL 2016-A\DS1007\Lib\librtversion.a(RtVersion.o)
                              (--whole-archive)
C:\Program Files\dSPACE RCPHIL 2016-A\DS1007\Lib\librtglobals.a(DsEESPort.o)
                              (--whole-archive)
C:\Program Files\dSPACE RCPHIL 2016-A\DS1007\Lib\libm_fastpow.a(w_pow.o)
                              handTraj.o07 (pow)
C:\Program Files\dSPACE RCPHIL 2016-A\DS1007\Lib\libm_fastpow.a(e_pow.o)
                              C:\Program Files\dSPACE RCPHIL 2016-A\DS1007\Lib\libm_fastpow.a(w_pow.o) (__ieee754_pow)
C:\Program Files\dSPACE RCPHIL 2016-A\DS1007\Lib\libm_fastpow.a(s_scalbn.o)
                              C:\Program Files\dSPACE RCPHIL 2016-A\DS1007\Lib\libm_fastpow.a(e_pow.o) (scalbn)
c:/program files/dspace rcphil 2016-a/compiler/qnx650_463/host/win32/x86/usr/bin/../lib/gcc/powerpc-unknown-nto-qnx6.5.0/4.6.3\libgcc.a(_muldi3.o)
                              (--whole-archive)
c:/program files/dspace rcphil 2016-a/compiler/qnx650_463/host/win32/x86/usr/bin/../lib/gcc/powerpc-unknown-nto-qnx6.5.0/4.6.3\libgcc.a(_negdi2.o)
                              (--whole-archive)
c:/program files/dspace rcphil 2016-a/compiler/qnx650_463/host/win32/x86/usr/bin/../lib/gcc/powerpc-unknown-nto-qnx6.5.0/4.6.3\libgcc.a(_lshrdi3.o)
                              (--whole-archive)
c:/program files/dspace rcphil 2016-a/compiler/qnx650_463/host/win32/x86/usr/bin/../lib/gcc/powerpc-unknown-nto-qnx6.5.0/4.6.3\libgcc.a(_ashldi3.o)
                              (--whole-archive)
c:/program files/dspace rcphil 2016-a/compiler/qnx650_463/host/win32/x86/usr/bin/../lib/gcc/powerpc-unknown-nto-qnx6.5.0/4.6.3\libgcc.a(_ashrdi3.o)
                              (--whole-archive)
c:/program files/dspace rcphil 2016-a/compiler/qnx650_463/host/win32/x86/usr/bin/../lib/gcc/powerpc-unknown-nto-qnx6.5.0/4.6.3\libgcc.a(_cmpdi2.o)
                              (--whole-archive)
c:/program files/dspace rcphil 2016-a/compiler/qnx650_463/host/win32/x86/usr/bin/../lib/gcc/powerpc-unknown-nto-qnx6.5.0/4.6.3\libgcc.a(_ucmpdi2.o)
                              (--whole-archive)
c:/program files/dspace rcphil 2016-a/compiler/qnx650_463/host/win32/x86/usr/bin/../lib/gcc/powerpc-unknown-nto-qnx6.5.0/4.6.3\libgcc.a(_clear_cache.o)
                              (--whole-archive)
c:/program files/dspace rcphil 2016-a/compiler/qnx650_463/host/win32/x86/usr/bin/../lib/gcc/powerpc-unknown-nto-qnx6.5.0/4.6.3\libgcc.a(_enable_execute_stack.o)
                              (--whole-archive)
c:/program files/dspace rcphil 2016-a/compiler/qnx650_463/host/win32/x86/usr/bin/../lib/gcc/powerpc-unknown-nto-qnx6.5.0/4.6.3\libgcc.a(_trampoline.o)
                              (--whole-archive)
c:/program files/dspace rcphil 2016-a/compiler/qnx650_463/host/win32/x86/usr/bin/../lib/gcc/powerpc-unknown-nto-qnx6.5.0/4.6.3\libgcc.a(__main.o)
                              (--whole-archive)
c:/program files/dspace rcphil 2016-a/compiler/qnx650_463/host/win32/x86/usr/bin/../lib/gcc/powerpc-unknown-nto-qnx6.5.0/4.6.3\libgcc.a(_absvsi2.o)
                              (--whole-archive)
c:/program files/dspace rcphil 2016-a/compiler/qnx650_463/host/win32/x86/usr/bin/../lib/gcc/powerpc-unknown-nto-qnx6.5.0/4.6.3\libgcc.a(_absvdi2.o)
                              (--whole-archive)
c:/program files/dspace rcphil 2016-a/compiler/qnx650_463/host/win32/x86/usr/bin/../lib/gcc/powerpc-unknown-nto-qnx6.5.0/4.6.3\libgcc.a(_addvsi3.o)
                              (--whole-archive)
c:/program files/dspace rcphil 2016-a/compiler/qnx650_463/host/win32/x86/usr/bin/../lib/gcc/powerpc-unknown-nto-qnx6.5.0/4.6.3\libgcc.a(_addvdi3.o)
                              (--whole-archive)
c:/program files/dspace rcphil 2016-a/compiler/qnx650_463/host/win32/x86/usr/bin/../lib/gcc/powerpc-unknown-nto-qnx6.5.0/4.6.3\libgcc.a(_subvsi3.o)
                              (--whole-archive)
c:/program files/dspace rcphil 2016-a/compiler/qnx650_463/host/win32/x86/usr/bin/../lib/gcc/powerpc-unknown-nto-qnx6.5.0/4.6.3\libgcc.a(_subvdi3.o)
                              (--whole-archive)
c:/program files/dspace rcphil 2016-a/compiler/qnx650_463/host/win32/x86/usr/bin/../lib/gcc/powerpc-unknown-nto-qnx6.5.0/4.6.3\libgcc.a(_mulvsi3.o)
                              (--whole-archive)
c:/program files/dspace rcphil 2016-a/compiler/qnx650_463/host/win32/x86/usr/bin/../lib/gcc/powerpc-unknown-nto-qnx6.5.0/4.6.3\libgcc.a(_mulvdi3.o)
                              (--whole-archive)
c:/program files/dspace rcphil 2016-a/compiler/qnx650_463/host/win32/x86/usr/bin/../lib/gcc/powerpc-unknown-nto-qnx6.5.0/4.6.3\libgcc.a(_negvsi2.o)
                              (--whole-archive)
c:/program files/dspace rcphil 2016-a/compiler/qnx650_463/host/win32/x86/usr/bin/../lib/gcc/powerpc-unknown-nto-qnx6.5.0/4.6.3\libgcc.a(_negvdi2.o)
                              (--whole-archive)
[...]
Memory Configuration

Name             Origin             Length             Attributes
*default*        0x00000000         0xffffffff

Linker script and memory map

LOAD C:\Program Files\dSPACE RCPHIL 2016-A\Compiler\QNX650_463\target\qnx6/ppcbe/lib/crt1.o
LOAD C:\Program Files\dSPACE RCPHIL 2016-A\Compiler\QNX650_463\target\qnx6/ppcbe/lib/crti.o
LOAD c:/program files/dspace rcphil 2016-a/compiler/qnx650_463/host/win32/x86/usr/bin/../lib/gcc/powerpc-unknown-nto-qnx6.5.0/4.6.3/crtbegin.o
                0x00000000                _DSPACE_START = 0x0
                0x00000000                _DSPACE_START_ = 0x0
                0x000003ef                DS_TARGET_PLATFORM = 0x3ef
START GROUP
LOAD SystemFunc.o07
LOAD HandFunc.o07
LOAD WAMFunc.o07
LOAD AVSFunc.o07
LOAD HandApp.o07
LOAD WAMApp.o07
LOAD WAM2App.o07
LOAD AVSApp.o07
LOAD XYZstageApp.o07
LOAD LinkHomoMat.o07
LOAD vec3DRot.o07
LOAD vec3DInProduct.o07
LOAD pmatrix.o07
LOAD homoMat.o07
LOAD myMatrix.o07
LOAD Vector.o07
LOAD Kalman.o07
LOAD Predict3D.o07
LOAD throwJnt2armJnt.o07
LOAD storeData.o07
LOAD TaskSet.o07
LOAD handEnc2JntAng.o07
LOAD rtiethernetdecode.o07
LOAD handTraj.o07
LOAD handJntAngLimit.o07
LOAD handCtrl.o07
LOAD handJntTrq2DA.o07
LOAD handDALimit.o07
LOAD rtiethernetencode.o07
LOAD XYZstageTraj.o07
LOAD XYZstageAngLimit.o07
LOAD XYZstageEnc2JntAng.o07
LOAD XYZstageCtrl.o07
LOAD XYZstageTrq2DA.o07
LOAD XYZstageDALimit.o07
LOAD SystemSet.o07
LOAD base.o07
LOAD base_data.o07
LOAD base_trc_ptr.o07
LOAD rtGetInf.o07
LOAD rtGetNaN.o07
LOAD rt_i32zcfcn.o07
LOAD rt_matrx.o07
LOAD rt_nonfinite.o07
LOAD rt_printf.o07
LOAD rti_sim_engine.o07
LOAD rti_init_c.o07
LOAD rt_sim.o07
LOAD rti_assert.o07
LOAD C:\Program Files\dSPACE RCPHIL 2016-A\DS1007\Lib\librtcan.so
LOAD C:\Program Files\dSPACE RCPHIL 2016-A\DS1007\Lib\librteth.so
LOAD C:\Program Files\dSPACE RCPHIL 2016-A\DS1007\Lib\librtfr.so
LOAD C:\Program Files\dSPACE RCPHIL 2016-A\DS1007\Lib\librtlin.so
LOAD C:\Program Files\dSPACE RCPHIL 2016-A\DS1007\Lib\librtrpcu.so
LOAD C:\Program Files\dSPACE RCPHIL 2016-A\DS1007\Lib\librtser.so
LOAD C:\Program Files\dSPACE RCPHIL 2016-A\DS1007\Lib\librtj1939.so
LOAD C:\Program Files\dSPACE RCPHIL 2016-A\DS1007\Lib\librt2001.so
LOAD C:\Program Files\dSPACE RCPHIL 2016-A\DS1007\Lib\librt2002.so
LOAD C:\Program Files\dSPACE RCPHIL 2016-A\DS1007\Lib\librt2003.so
LOAD C:\Program Files\dSPACE RCPHIL 2016-A\DS1007\Lib\librt2004.so
LOAD C:\Program Files\dSPACE RCPHIL 2016-A\DS1007\Lib\librt2101.so
LOAD C:\Program Files\dSPACE RCPHIL 2016-A\DS1007\Lib\librt2102.so
LOAD C:\Program Files\dSPACE RCPHIL 2016-A\DS1007\Lib\librt2103.so
LOAD C:\Program Files\dSPACE RCPHIL 2016-A\DS1007\Lib\librt2201.so
LOAD C:\Program Files\dSPACE RCPHIL 2016-A\DS1007\Lib\librt22xx.so
LOAD C:\Program Files\dSPACE RCPHIL 2016-A\DS1007\Lib\librt2301.so
LOAD C:\Program Files\dSPACE RCPHIL 2016-A\DS1007\Lib\librt2302.so
LOAD C:\Program Files\dSPACE RCPHIL 2016-A\DS1007\Lib\librt2401.so
LOAD C:\Program Files\dSPACE RCPHIL 2016-A\DS1007\Lib\librt3001.so
LOAD C:\Program Files\dSPACE RCPHIL 2016-A\DS1007\Lib\librt3002.so
LOAD C:\Program Files\dSPACE RCPHIL 2016-A\DS1007\Lib\librt4001.so
LOAD C:\Program Files\dSPACE RCPHIL 2016-A\DS1007\Lib\librt4002.so
LOAD C:\Program Files\dSPACE RCPHIL 2016-A\DS1007\Lib\librt4003.so
LOAD C:\Program Files\dSPACE RCPHIL 2016-A\DS1007\Lib\librt4004.so
LOAD C:\Program Files\dSPACE RCPHIL 2016-A\DS1007\Lib\librt4101.so
LOAD C:\Program Files\dSPACE RCPHIL 2016-A\DS1007\Lib\librt4120.so
LOAD C:\Program Files\dSPACE RCPHIL 2016-A\DS1007\Lib\librt4121.so
LOAD C:\Program Files\dSPACE RCPHIL 2016-A\DS1007\Lib\librt4201.so
LOAD C:\Program Files\dSPACE RCPHIL 2016-A\DS1007\Lib\librt4201s.so
LOAD C:\Program Files\dSPACE RCPHIL 2016-A\DS1007\Lib\librt4301.so
LOAD C:\Program Files\dSPACE RCPHIL 2016-A\DS1007\Lib\librt4302.so
LOAD C:\Program Files\dSPACE RCPHIL 2016-A\DS1007\Lib\librt4330.so
LOAD C:\Program Files\dSPACE RCPHIL 2016-A\DS1007\Lib\librt4501.so
LOAD C:\Program Files\dSPACE RCPHIL 2016-A\DS1007\Lib\librt4505.so
LOAD C:\Program Files\dSPACE RCPHIL 2016-A\DS1007\Lib\librt5001.so
LOAD C:\Program Files\dSPACE RCPHIL 2016-A\DS1007\Lib\librt5101.so
LOAD C:\Program Files\dSPACE RCPHIL 2016-A\DS1007\Lib\librt5201.so
LOAD C:\Program Files\dSPACE RCPHIL 2016-A\DS1007\Lib\librt5202.so
LOAD C:\Program Files\dSPACE RCPHIL 2016-A\DS1007\Lib\librt5203.so
LOAD C:\Program Files\dSPACE RCPHIL 2016-A\DS1007\Lib\libDsRealTimeTestingRP.so
LOAD C:\Program Files\dSPACE RCPHIL 2016-A\DS1007\Lib\libDsXcpRP.so
LOAD C:\Program Files\dSPACE RCPHIL 2016-A\DS1007\Lib\libDsNvDataRP.so
LOAD C:\Program Files\dSPACE RCPHIL 2016-A\DS1007\Lib\libDsNVDataCommon.so
LOAD C:\Program Files\dSPACE RCPHIL 2016-A\DS1007\Lib\librt1007.so
LOAD C:\Program Files\dSPACE RCPHIL 2016-A\DS1007\Lib\librtversion.a
LOAD C:\Program Files\dSPACE RCPHIL 2016-A\DS1007\Lib\librtglobals.a
LOAD C:\Program Files\dSPACE RCPHIL 2016-A\DS1007\Lib\libm_fastpow.a
LOAD c:/program files/dspace rcphil 2016-a/compiler/qnx650_463/host/win32/x86/usr/bin/../lib/gcc/powerpc-unknown-nto-qnx6.5.0/4.6.3\libgcc.a
END GROUP
LOAD C:\Program Files\dSPACE RCPHIL 2016-A\Compiler\QNX650_463\target\qnx6/ppcbe/lib/gcc/4.6.3/libstdc++.so
LOAD C:\Program Files\dSPACE RCPHIL 2016-A\Compiler\QNX650_463\target\qnx6/ppcbe/lib/libm.so
LOAD c:/program files/dspace rcphil 2016-a/compiler/qnx650_463/host/win32/x86/usr/bin/../lib/gcc/powerpc-unknown-nto-qnx6.5.0/4.6.3/libgcc.a
LOAD C:\Program Files\dSPACE RCPHIL 2016-A\Compiler\QNX650_463\target\qnx6/ppcbe/lib/libc.so
LOAD C:\Program Files\dSPACE RCPHIL 2016-A\Compiler\QNX650_463\target\qnx6/ppcbe/lib\libc.a
LOAD c:/program files/dspace rcphil 2016-a/compiler/qnx650_463/host/win32/x86/usr/bin/../lib/gcc/powerpc-unknown-nto-qnx6.5.0/4.6.3/libgcc.a
LOAD c:/program files/dspace rcphil 2016-a/compiler/qnx650_463/host/win32/x86/usr/bin/../lib/gcc/powerpc-unknown-nto-qnx6.5.0/4.6.3/crtend.o
LOAD C:\Program Files\dSPACE RCPHIL 2016-A\Compiler\QNX650_463\target\qnx6/ppcbe/lib/crtn.o
                0x00000000                PROVIDE (__stack, 0x0)
                0x00000000                PROVIDE (___stack, 0x0)
                0x48040000                PROVIDE (__executable_start, 0x48040000)
                0x48040114                . = (0x48040000 + SIZEOF_HEADERS)

.interp         0x48040114       0x14
 *(.interp)
 .interp        0x48040114       0x14 C:\Program Files\dSPACE RCPHIL 2016-A\Compiler\QNX650_463\target\qnx6/ppcbe/lib/crt1.o

.note           0x48040130       0x18
 .note          0x48040130       0x18 C:\Program Files\dSPACE RCPHIL 2016-A\Compiler\QNX650_463\target\qnx6/ppcbe/lib/crtn.o

.note.gnu.build-id
 *(.note.gnu.build-id)

.hash           0x48040148      0x4c0
 *(.hash)
 .hash          0x48040148      0x4c0 C:\Program Files\dSPACE RCPHIL 2016-A\Compiler\QNX650_463\target\qnx6/ppcbe/lib/crt1.o

.gnu.hash
 *(.gnu.hash)

.dynsym         0x48040608      0xab0
 *(.dynsym)
 .dynsym        0x48040608      0xab0 C:\Program Files\dSPACE RCPHIL 2016-A\Compiler\QNX650_463\target\qnx6/ppcbe/lib/crt1.o

.dynstr         0x480410b8      0xd6a
 *(.dynstr)
 .dynstr        0x480410b8      0xd6a C:\Program Files\dSPACE RCPHIL 2016-A\Compiler\QNX650_463\target\qnx6/ppcbe/lib/crt1.o

.gnu.version    0x48041e22        0x0
 *(.gnu.version)
 .gnu.version   0x00000000        0x0 C:\Program Files\dSPACE RCPHIL 2016-A\Compiler\QNX650_463\target\qnx6/ppcbe/lib/crt1.o

.gnu.version_d  0x48041e24        0x0
 *(.gnu.version_d)
 .gnu.version_d
                0x00000000        0x0 C:\Program Files\dSPACE RCPHIL 2016-A\Compiler\QNX650_463\target\qnx6/ppcbe/lib/crt1.o

.gnu.version_r  0x48041e24        0x0
 *(.gnu.version_r)
 .gnu.version_r
                0x00000000        0x0 C:\Program Files\dSPACE RCPHIL 2016-A\Compiler\QNX650_463\target\qnx6/ppcbe/lib/crt1.o

.rel.dyn
 *(.rel.init)
 *(.rel.text .rel.text.* .rel.gnu.linkonce.t.*)
 *(.rel.fini)
 *(.rel.rodata .rel.rodata.* .rel.gnu.linkonce.r.*)
 *(.rel.data.rel.ro* .rel.gnu.linkonce.d.rel.ro.*)
 *(.rel.data .rel.data.* .rel.gnu.linkonce.d.*)
 *(.rel.tdata .rel.tdata.* .rel.gnu.linkonce.td.*)
 *(.rel.tbss .rel.tbss.* .rel.gnu.linkonce.tb.*)
 *(.rel.ctors)
 *(.rel.dtors)
 *(.rel.got)
 *(.rel.sdata .rel.sdata.* .rel.gnu.linkonce.s.*)
 *(.rel.sbss .rel.sbss.* .rel.gnu.linkonce.sb.*)
 *(.rel.sdata2 .rel.sdata2.* .rel.gnu.linkonce.s2.*)
 *(.rel.sbss2 .rel.sbss2.* .rel.gnu.linkonce.sb2.*)
 *(.rel.bss .rel.bss.* .rel.gnu.linkonce.b.*)

.rela.dyn       0x48041e24       0x78
 *(.rela.init)
 *(.rela.text .rela.text.* .rela.gnu.linkonce.t.*)
 .rela.text     0x00000000        0x0 C:\Program Files\dSPACE RCPHIL 2016-A\Compiler\QNX650_463\target\qnx6/ppcbe/lib/crt1.o
 .rela.text.startup
                0x00000000        0x0 C:\Program Files\dSPACE RCPHIL 2016-A\Compiler\QNX650_463\target\qnx6/ppcbe/lib/crt1.o
 *(.rela.fini)
 *(.rela.rodata .rela.rodata.* .rela.gnu.linkonce.r.*)
 .rela.rodata   0x00000000        0x0 C:\Program Files\dSPACE RCPHIL 2016-A\Compiler\QNX650_463\target\qnx6/ppcbe/lib/crt1.o
 *(.rela.data .rela.data.* .rela.gnu.linkonce.d.*)
 *(.rela.tdata .rela.tdata.* .rela.gnu.linkonce.td.*)
 *(.rela.tbss .rela.tbss.* .rela.gnu.linkonce.tb.*)
 *(.rela.ctors)
 *(.rela.dtors)
 *(.rela.got)
 .rela.got      0x48041e24       0x30 C:\Program Files\dSPACE RCPHIL 2016-A\Compiler\QNX650_463\target\qnx6/ppcbe/lib/crt1.o
 *(.rela.got1)
 *(.rela.got2)
 *(.rela.sdata .rela.sdata.* .rela.gnu.linkonce.s.*)
 *(.rela.sbss .rela.sbss.* .rela.gnu.linkonce.sb.*)
 .rela.sbss     0x00000000        0x0 C:\Program Files\dSPACE RCPHIL 2016-A\Compiler\QNX650_463\target\qnx6/ppcbe/lib/crt1.o
 *(.rela.sdata2 .rela.sdata2.* .rela.gnu.linkonce.s2.*)
 *(.rela.sbss2 .rela.sbss2.* .rela.gnu.linkonce.sb2.*)
 *(.rela.bss .rela.bss.* .rela.gnu.linkonce.b.*)
 .rela.bss      0x48041e54       0x48 C:\Program Files\dSPACE RCPHIL 2016-A\Compiler\QNX650_463\target\qnx6/ppcbe/lib/crt1.o
 .rela.iplt     0x00000000        0x0 C:\Program Files\dSPACE RCPHIL 2016-A\Compiler\QNX650_463\target\qnx6/ppcbe/lib/crt1.o

.rel.plt
 *(.rel.plt)

.rela.plt       0x48041e9c      0x510
 *(.rela.plt)
 .rela.plt      0x48041e9c      0x510 C:\Program Files\dSPACE RCPHIL 2016-A\Compiler\QNX650_463\target\qnx6/ppcbe/lib/crt1.o

.init           0x480423ac       0x24
 *(.init)
 .init          0x480423ac        0xc C:\Program Files\dSPACE RCPHIL 2016-A\Compiler\QNX650_463\target\qnx6/ppcbe/lib/crti.o
                0x480423ac                _init
 .init          0x480423b8        0x4 c:/program files/dspace rcphil 2016-a/compiler/qnx650_463/host/win32/x86/usr/bin/../lib/gcc/powerpc-unknown-nto-qnx6.5.0/4.6.3/crtbegin.o
 .init          0x480423bc        0x4 c:/program files/dspace rcphil 2016-a/compiler/qnx650_463/host/win32/x86/usr/bin/../lib/gcc/powerpc-unknown-nto-qnx6.5.0/4.6.3/crtend.o
 .init          0x480423c0       0x10 C:\Program Files\dSPACE RCPHIL 2016-A\Compiler\QNX650_463\target\qnx6/ppcbe/lib/crtn.o

.text           0x480423d0    0x1c1b0
                0x480423d0                _btext = .
 *(.text .stub .text.* .gnu.linkonce.t.*)
 .text          0x480423d0      0x118 C:\Program Files\dSPACE RCPHIL 2016-A\Compiler\QNX650_463\target\qnx6/ppcbe/lib/crt1.o
                0x480423d0                _start
 .text          0x480424e8        0x0 C:\Program Files\dSPACE RCPHIL 2016-A\Compiler\QNX650_463\target\qnx6/ppcbe/lib/crti.o
 .text          0x480424e8      0x1b8 c:/program files/dspace rcphil 2016-a/compiler/qnx650_463/host/win32/x86/usr/bin/../lib/gcc/powerpc-unknown-nto-qnx6.5.0/4.6.3/crtbegin.o
 .text          0x480426a0      0x214 SystemFunc.o07
                0x480426a0                dspaceInit
                0x480427f0                dspaceServoOn
                0x48042800                dspaceServoOff
                0x48042810                dspaceSetDAZero
 *fill*         0x480428b4        0xc 00000000
 .text          0x480428c0      0x950 HandFunc.o07
                0x480428c0                handSetOrigin
                0x48042920                handSetLinkPara
                0x48042b60                handSetOffsetLinkPara
                0x48042e70                handInit
                0x48042f30                handKineLinkVar
 .text          0x48043210      0x710 WAMFunc.o07
                0x48043210                wamSetOrigin
                0x48043270                wamSetLinkPara
                0x48043430                wamSetOffsetLinkPara
                0x48043520                wamInit
                0x480435d0                wamAng2VelAccJer
                0x48043670                wamPos2Vel
                0x480436b0                wamKineLinkVar
                0x48043830                wamKineJntEffVar
                0x480438a0                wamJntAng2MotorAng
 .text          0x48043920      0x258 AVSFunc.o07
                0x48043920                avsEncToJntAng
                0x48043a10                avsInit
                0x48043a40                avsCheckInitEnc
                0x48043b70                avsServoOff
 *fill*         0x48043b78        0x8 00000000
 .text          0x48043b80     0x21c8 HandApp.o07
                0x48043b80                invKine
                0x48043e70                UturnKine
                0x48044500                Xturn2
                0x48044920                Xturn
                0x48044bd0                Yturn2
                0x48045570                Yturn
                0x48045740                execFromString
                0x480459b0                trajGeneLine
                0x480459d0                handWaveGeneSin
                0x48045a40                handTrajApp
                0x48045d00                handAppSet
 *fill*         0x48045d48        0x8 00000000
 .text          0x48045d50      0x214 WAMApp.o07
                0x48045d50                least_square
                0x48045ed0                wamTrajApp
                0x48045f00                wamAppSet
 *fill*         0x48045f64        0xc 00000000
 .text          0x48045f70      0x574 WAM2App.o07
                0x48045f70                wamTra5th
                0x48046000                waveGeneSin
                0x48046070                waveGeneExp
                0x480461d0                wam2TrajApp
                0x48046480                wam2AppSet
 *fill*         0x480464e4        0xc 00000000
 .text          0x480464f0      0x130 AVSApp.o07
                0x480464f0                avsTrajApp
                0x480465c0                avsVisualTrajApp
                0x480465f0                avsAppSet
 .text          0x48046620      0x124 XYZstageApp.o07
                0x48046620                xyzTrajApp
                0x48046720                xyzAppSet
 *fill*         0x48046744        0xc 00000000
 .text          0x48046750      0x15c LinkHomoMat.o07
                0x48046750                linkHomoMat
                0x48046850                linkHomoMatCS
 *fill*         0x480468ac        0x4 00000000
 .text          0x480468b0       0x6c vec3DRot.o07
                0x480468b0                vec3DRot
 *fill*         0x4804691c        0x4 00000000
 .text          0x48046920       0x28 vec3DInProduct.o07
                0x48046920                vec3DInProduct
 *fill*         0x48046948        0x8 00000000
 .text          0x48046950      0x5e4 pmatrix.o07
                0x48046950                pmatPrint
                0x48046a40                pmatCopy
                0x48046aa0                pmatCompare
                0x48046b20                pmatUnit
                0x48046ba0                pmatAdd
                0x48046c10                pmatSub
                0x48046c80                pmatMul
                0x48046df0                pmatTrans
                0x48046f00                pmatTrace
 *fill*         0x48046f34        0xc 00000000
 .text          0x48046f40      0x480 homoMat.o07
                0x48046f40                homoMatPrint
                0x48047040                homoMatCopy
                0x48047080                homoMatFile
                0x48047190                homoMatMul
                0x48047330                homoMatInv
 .text          0x480473c0      0x58c myMatrix.o07
                0x480473c0                dmatInit
                0x48047510                dmatZeros
                0x480475b0                dmatFree
                0x48047630                dmatCopy
                0x480476e0                fmatInit
                0x48047830                fmatZeros
                0x480478d0                fmatFree
 *fill*         0x4804794c        0x4 00000000
 .text          0x48047950      0x304 Vector.o07
                0x48047950                dvecInit
                0x480479f0                dvecZeros
                0x48047a60                dvecCopy
                0x48047a90                dvecFree
                0x48047ac0                fvecInit
                0x48047b60                fvecFree
                0x48047b90                ivecInit
                0x48047c30                ivecFree
 *fill*         0x48047c54        0xc 00000000
 .text          0x48047c60      0xb68 Kalman.o07
                0x48047c60                mat2UD
                0x48047e80                UD2mat
                0x48048090                kalmanObservUpdateUD
                0x480483d0                kalmanTimeUpdateUD
 *fill*         0x480487c8        0x8 00000000
 .text          0x480487d0      0x7f4 Predict3D.o07
                0x480487d0                predict3D_init
                0x480489a0                predict3D_start
                0x48048a60                predict3D
                0x48048c70                predict3D_calc
                0x48048d10                predict_trajectory
                0x48048ea0                predict3D_exit
                0x48048f90                predict3D_get
 *fill*         0x48048fc4        0xc 00000000
 .text          0x48048fd0     0x16dc throwJnt2armJnt.o07
                0x48048fd0                throwModelJnt2armJnt
                0x48049700                battingModelJnt2armJnt
                0x48049f50                armJnt2battingModelJnt
 *fill*         0x4804a6ac        0x4 00000000
 .text          0x4804a6b0       0x7c storeData.o07
                0x4804a6b0                storeInDATA
 *fill*         0x4804a72c        0x4 00000000
 .text          0x4804a730      0x180 TaskSet.o07
                0x4804a870                TaskSet
 .text          0x4804a8b0      0x1d4 handEnc2JntAng.o07
                0x4804aa50                handEnc2JntAng
 *fill*         0x4804aa84        0xc 00000000
 .text          0x4804aa90     0x1000 rtiethernetdecode.o07
                0x4804ba50                rtiethernetdecode
 .text          0x4804ba90      0x830 handTraj.o07
                0x4804bc00                handTrajStart
                0x4804bd90                handTrajEnd
                0x4804c280                handTraj
 .text          0x4804c2c0      0x1e4 handJntAngLimit.o07
                0x4804c470                handJntAngLimit
 *fill*         0x4804c4a4        0xc 00000000
 .text          0x4804c4b0      0x420 handCtrl.o07
                0x4804c5a0                handCtrlPD
                0x4804c890                handCtrl
 .text          0x4804c8d0      0x104 handJntTrq2DA.o07
                0x4804c9a0                handJntTrq2DA
 *fill*         0x4804c9d4        0xc 00000000
 .text          0x4804c9e0      0x174 handDALimit.o07
                0x4804cb20                handDALimit
 *fill*         0x4804cb54        0xc 00000000
 .text          0x4804cb60      0xfb0 rtiethernetencode.o07
                0x4804dad0                rtiethernetencode
 .text          0x4804db10      0x650 XYZstageTraj.o07
                0x4804dc30                xyzTrajStart
                0x4804ddc0                xyzTrajEnd
                0x4804e120                XYZstageTraj
 .text          0x4804e160      0x194 XYZstageAngLimit.o07
                0x4804e2c0                XYZstageAngLimit
 *fill*         0x4804e2f4        0xc 00000000
 .text          0x4804e300      0x174 XYZstageEnc2JntAng.o07
                0x4804e440                XYZstageEnc2JntAng
 *fill*         0x4804e474        0xc 00000000
 .text          0x4804e480      0x230 XYZstageCtrl.o07
                0x4804e550                xyzCtrlPD
                0x4804e670                XYZstageCtrl
 .text          0x4804e6b0      0x104 XYZstageTrq2DA.o07
                0x4804e780                XYZstageTrq2DA
 *fill*         0x4804e7b4        0xc 00000000
 .text          0x4804e7c0      0x1c0 XYZstageDALimit.o07
                0x4804e940                XYZstageDALimit
 .text          0x4804e980      0x200 SystemSet.o07
                0x4804eb40                SystemSet
 .text          0x4804eb80     0x2c4c base.o07
                0x4804eb80                MdlOutputs
                0x4804efe0                MdlUpdate
                0x4804f060                MdlInitializeSizes
                0x4804f070                MdlInitializeSampleTimes
                0x4804f080                MdlInitialize
                0x4804f090                MdlStart
                0x4804f380                MdlTerminate
                0x4804f500                base
 .text          0x480517cc        0x0 base_data.o07
 *fill*         0x480517cc        0x4 00000000
 .text          0x480517d0       0xf0 base_trc_ptr.o07
                0x48051890                base_rti_init_trc_pointers
 .text          0x480518c0       0x5c rtGetInf.o07
                0x480518c0                rtGetInf
                0x480518e0                rtGetInfF
                0x480518f0                rtGetMinusInf
                0x48051910                rtGetMinusInfF
 *fill*         0x4805191c        0x4 00000000
 .text          0x48051920       0x4c rtGetNaN.o07
                0x48051920                rtGetNaN
                0x48051950                rtGetNaNF
 *fill*         0x4805196c        0x4 00000000
 .text          0x48051970       0xdc rt_i32zcfcn.o07
                0x48051970                rt_I32ZCFcn
 *fill*         0x48051a4c        0x4 00000000
 .text          0x48051a50      0x65c rt_matrx.o07
                0x48051a50                rt_mxCreateCharMatrixFromStrings
                0x48051c40                rt_mxCreateString
                0x48051d10                rt_mxCreateDoubleMatrix
                0x48051db0                rt_mxCreateNumericArray
                0x48051de0                rt_mxDuplicateArray
                0x48051ed0                rt_mxGetDimensions
                0x48051f90                rt_mxGetEps
                0x48051fa0                rt_mxGetString
 *fill*         0x480520ac        0x4 00000000
 .text          0x480520b0       0xf4 rt_nonfinite.o07
                0x480520b0                rt_InitInfAndNaN
                0x48052110                rtIsInf
                0x48052140                rtIsInfF
                0x48052170                rtIsNaN
                0x48052190                rtIsNaNF
 *fill*         0x480521a4        0xc 00000000
 .text          0x480521b0       0xc8 rt_printf.o07
                0x480521b0                rtPrintfNoOp
 *fill*         0x48052278        0x8 00000000
 .text          0x48052280      0x524 rti_sim_engine.o07
                0x48052730                rtk_idle_function
                0x48052740                rti_th_timertask1_trigger_source
                0x48052790                initConditions
                0x480527a0                initVariables
 *fill*         0x480527a4        0xc 00000000
 .text.startup  0x480527b0      0x694 rti_sim_engine.o07
                0x480527b0                main
 *fill*         0x48052e44        0xc 00000000
 .text          0x48052e50       0x40 rti_init_c.o07
                0x48052e50                rti_init
 .text          0x48052e90       0x34 rt_sim.o07
                0x48052e90                rt_SimInitTimingEngine
                0x48052eb0                rt_SimGetNextSampleHit
                0x48052ec0                rt_SimUpdateDiscreteTaskSampleHits
 *fill*         0x48052ec4        0xc 00000000
 .text          0x48052ed0      0x124 rti_assert.o07
                0x48052ed0                rti_assertion_handler
                0x48052f80                rti_assertion_mode_msg
 .text          0x48052ff4        0x0 C:\Program Files\dSPACE RCPHIL 2016-A\DS1007\Lib\librtversion.a(RtVersion.o)
 *fill*         0x48052ff4        0xc 00000000
 .text          0x48053000        0x4 C:\Program Files\dSPACE RCPHIL 2016-A\DS1007\Lib\librtglobals.a(DsEESPort.o)
                0x48053000                DsEesPort_init()
 .text          0x48053004       0x20 C:\Program Files\dSPACE RCPHIL 2016-A\DS1007\Lib\libm_fastpow.a(w_pow.o)
                0x48053004                pow
 .text          0x48053024      0x85c C:\Program Files\dSPACE RCPHIL 2016-A\DS1007\Lib\libm_fastpow.a(e_pow.o)
                0x48053024                __ieee754_pow
 .text          0x48053880      0x188 C:\Program Files\dSPACE RCPHIL 2016-A\DS1007\Lib\libm_fastpow.a(s_scalbn.o)
                0x48053880                scalbn
 .text          0x48053a08       0x1c c:/program files/dspace rcphil 2016-a/compiler/qnx650_463/host/win32/x86/usr/bin/../lib/gcc/powerpc-unknown-nto-qnx6.5.0/4.6.3\libgcc.a(_muldi3.o)
                0x48053a08                __muldi3
 .text          0x48053a24       0x20 c:/program files/dspace rcphil 2016-a/compiler/qnx650_463/host/win32/x86/usr/bin/../lib/gcc/powerpc-unknown-nto-qnx6.5.0/4.6.3\libgcc.a(_negdi2.o)
                0x48053a24                __negdi2
 .text          0x48053a44       0x40 c:/program files/dspace rcphil 2016-a/compiler/qnx650_463/host/win32/x86/usr/bin/../lib/gcc/powerpc-unknown-nto-qnx6.5.0/4.6.3\libgcc.a(_lshrdi3.o)
                0x48053a44                __lshrdi3
 .text          0x48053a84       0x40 c:/program files/dspace rcphil 2016-a/compiler/qnx650_463/host/win32/x86/usr/bin/../lib/gcc/powerpc-unknown-nto-qnx6.5.0/4.6.3\libgcc.a(_ashldi3.o)
                0x48053a84                __ashldi3
 .text          0x48053ac4       0x40 c:/program files/dspace rcphil 2016-a/compiler/qnx650_463/host/win32/x86/usr/bin/../lib/gcc/powerpc-unknown-nto-qnx6.5.0/4.6.3\libgcc.a(_ashrdi3.o)
                0x48053ac4                __ashrdi3
 .text          0x48053b04       0x2c c:/program files/dspace rcphil 2016-a/compiler/qnx650_463/host/win32/x86/usr/bin/../lib/gcc/powerpc-unknown-nto-qnx6.5.0/4.6.3\libgcc.a(_cmpdi2.o)
                0x48053b04                __cmpdi2
 .text          0x48053b30       0x2c c:/program files/dspace rcphil 2016-a/compiler/qnx650_463/host/win32/x86/usr/bin/../lib/gcc/powerpc-unknown-nto-qnx6.5.0/4.6.3\libgcc.a(_ucmpdi2.o)
                0x48053b30                __ucmpdi2
 .text          0x48053b5c        0x4 c:/program files/dspace rcphil 2016-a/compiler/qnx650_463/host/win32/x86/usr/bin/../lib/gcc/powerpc-unknown-nto-qnx6.5.0/4.6.3\libgcc.a(_clear_cache.o)
                0x48053b5c                __clear_cache
 .text          0x48053b60        0x4 c:/program files/dspace rcphil 2016-a/compiler/qnx650_463/host/win32/x86/usr/bin/../lib/gcc/powerpc-unknown-nto-qnx6.5.0/4.6.3\libgcc.a(_enable_execute_stack.o)
                0x48053b60                __enable_execute_stack
 .text          0x48053b64        0x0 c:/program files/dspace rcphil 2016-a/compiler/qnx650_463/host/win32/x86/usr/bin/../lib/gcc/powerpc-unknown-nto-qnx6.5.0/4.6.3\libgcc.a(_trampoline.o)
 .text          0x48053b64        0x0 c:/program files/dspace rcphil 2016-a/compiler/qnx650_463/host/win32/x86/usr/bin/../lib/gcc/powerpc-unknown-nto-qnx6.5.0/4.6.3\libgcc.a(__main.o)
 .text          0x48053b64       0x38 c:/program files/dspace rcphil 2016-a/compiler/qnx650_463/host/win32/x86/usr/bin/../lib/gcc/powerpc-unknown-nto-qnx6.5.0/4.6.3\libgcc.a(_absvsi2.o)
                0x48053b64                __absvsi2
 .text          0x48053b9c       0x38 c:/program files/dspace rcphil 2016-a/compiler/qnx650_463/host/win32/x86/usr/bin/../lib/gcc/powerpc-unknown-nto-qnx6.5.0/4.6.3\libgcc.a(_absvdi2.o)
                0x48053b9c                __absvdi2
 .text          0x48053bd4       0x54 c:/program files/dspace rcphil 2016-a/compiler/qnx650_463/host/win32/x86/usr/bin/../lib/gcc/powerpc-unknown-nto-qnx6.5.0/4.6.3\libgcc.a(_addvsi3.o)
                0x48053bd4                __addvsi3
 .text          0x48053c28       0x68 c:/program files/dspace rcphil 2016-a/compiler/qnx650_463/host/win32/x86/usr/bin/../lib/gcc/powerpc-unknown-nto-qnx6.5.0/4.6.3\libgcc.a(_addvdi3.o)
                0x48053c28                __addvdi3
 .text          0x48053c90       0x54 c:/program files/dspace rcphil 2016-a/compiler/qnx650_463/host/win32/x86/usr/bin/../lib/gcc/powerpc-unknown-nto-qnx6.5.0/4.6.3\libgcc.a(_subvsi3.o)
                0x48053c90                __subvsi3
 .text          0x48053ce4       0x68 c:/program files/dspace rcphil 2016-a/compiler/qnx650_463/host/win32/x86/usr/bin/../lib/gcc/powerpc-unknown-nto-qnx6.5.0/4.6.3\libgcc.a(_subvdi3.o)
                0x48053ce4                __subvdi3
 .text          0x48053d4c       0x38 c:/program files/dspace rcphil 2016-a/compiler/qnx650_463/host/win32/x86/usr/bin/../lib/gcc/powerpc-unknown-nto-qnx6.5.0/4.6.3\libgcc.a(_mulvsi3.o)
                0x48053d4c                __mulvsi3
 .text          0x48053d84      0x1d0 c:/program files/dspace rcphil 2016-a/compiler/qnx650_463/host/win32/x86/usr/bin/../lib/gcc/powerpc-unknown-nto-qnx6.5.0/4.6.3\libgcc.a(_mulvdi3.o)
                0x48053d84                __mulvdi3
 .text          0x48053f54       0x44 c:/program files/dspace rcphil 2016-a/compiler/qnx650_463/host/win32/x86/usr/bin/../lib/gcc/powerpc-unknown-nto-qnx6.5.0/4.6.3\libgcc.a(_negvsi2.o)
                0x48053f54                __negvsi2
 .text          0x48053f98       0x58 c:/program files/dspace rcphil 2016-a/compiler/qnx650_463/host/win32/x86/usr/bin/../lib/gcc/powerpc-unknown-nto-qnx6.5.0/4.6.3\libgcc.a(_negvdi2.o)
                0x48053f98                __negvdi2
 .text          0x48053ff0        0x0 c:/program files/dspace rcphil 2016-a/compiler/qnx650_463/host/win32/x86/usr/bin/../lib/gcc/powerpc-unknown-nto-qnx6.5.0/4.6.3\libgcc.a(_ctors.o)
 .text          0x48053ff0       0x20 c:/program files/dspace rcphil 2016-a/compiler/qnx650_463/host/win32/x86/usr/bin/../lib/gcc/powerpc-unknown-nto-qnx6.5.0/4.6.3\libgcc.a(_ffssi2.o)
                0x48053ff0                __ffssi2
 .text          0x48054010       0x4c c:/program files/dspace rcphil 2016-a/compiler/qnx650_463/host/win32/x86/usr/bin/../lib/gcc/powerpc-unknown-nto-qnx6.5.0/4.6.3\libgcc.a(_ffsdi2.o)
                0x48054010                __ffsdi2
 .text          0x4805405c        0x0 c:/program files/dspace rcphil 2016-a/compiler/qnx650_463/host/win32/x86/usr/bin/../lib/gcc/powerpc-unknown-nto-qnx6.5.0/4.6.3\libgcc.a(_clz.o)
 .text          0x4805405c        0x8 c:/program files/dspace rcphil 2016-a/compiler/qnx650_463/host/win32/x86/usr/bin/../lib/gcc/powerpc-unknown-nto-qnx6.5.0/4.6.3\libgcc.a(_clzsi2.o)
                0x4805405c                __clzsi2
 .text          0x48054064       0x20 c:/program files/dspace rcphil 2016-a/compiler/qnx650_463/host/win32/x86/usr/bin/../lib/gcc/powerpc-unknown-nto-qnx6.5.0/4.6.3\libgcc.a(_clzdi2.o)
                0x48054064                __clzdi2
 .text          0x48054084       0x14 c:/program files/dspace rcphil 2016-a/compiler/qnx650_463/host/win32/x86/usr/bin/../lib/gcc/powerpc-unknown-nto-qnx6.5.0/4.6.3\libgcc.a(_ctzsi2.o)
                0x48054084                __ctzsi2
 .text          0x48054098       0x2c c:/program files/dspace rcphil 2016-a/compiler/qnx650_463/host/win32/x86/usr/bin/../lib/gcc/powerpc-unknown-nto-qnx6.5.0/4.6.3\libgcc.a(_ctzdi2.o)
                0x48054098                __ctzdi2
 .text          0x480540c4        0x0 c:/program files/dspace rcphil 2016-a/compiler/qnx650_463/host/win32/x86/usr/bin/../lib/gcc/powerpc-unknown-nto-qnx6.5.0/4.6.3\libgcc.a(_popcount_tab.o)
 .text          0x480540c4       0x38 c:/program files/dspace rcphil 2016-a/compiler/qnx650_463/host/win32/x86/usr/bin/../lib/gcc/powerpc-unknown-nto-qnx6.5.0/4.6.3\libgcc.a(_popcountsi2.o)
                0x480540c4                __popcountsi2
 .text          0x480540fc       0x6c c:/program files/dspace rcphil 2016-a/compiler/qnx650_463/host/win32/x86/usr/bin/../lib/gcc/powerpc-unknown-nto-qnx6.5.0/4.6.3\libgcc.a(_popcountdi2.o)
                0x480540fc                __popcountdi2
 .text          0x48054168       0x2c c:/program files/dspace rcphil 2016-a/compiler/qnx650_463/host/win32/x86/usr/bin/../lib/gcc/powerpc-unknown-nto-qnx6.5.0/4.6.3\libgcc.a(_paritysi2.o)
                0x48054168                __paritysi2
 .text          0x48054194       0x30 c:/program files/dspace rcphil 2016-a/compiler/qnx650_463/host/win32/x86/usr/bin/../lib/gcc/powerpc-unknown-nto-qnx6.5.0/4.6.3\libgcc.a(_paritydi2.o)
                0x48054194                __paritydi2
 .text          0x480541c4       0x64 c:/program files/dspace rcphil 2016-a/compiler/qnx650_463/host/win32/x86/usr/bin/../lib/gcc/powerpc-unknown-nto-qnx6.5.0/4.6.3\libgcc.a(_powisf2.o)
                0x480541c4                __powisf2
 .text          0x48054228       0x64 c:/program files/dspace rcphil 2016-a/compiler/qnx650_463/host/win32/x86/usr/bin/../lib/gcc/powerpc-unknown-nto-qnx6.5.0/4.6.3\libgcc.a(_powidf2.o)
                0x48054228                __powidf2
 .text          0x4805428c        0x0 c:/program files/dspace rcphil 2016-a/compiler/qnx650_463/host/win32/x86/usr/bin/../lib/gcc/powerpc-unknown-nto-qnx6.5.0/4.6.3\libgcc.a(_powixf2.o)
 .text          0x4805428c        0x0 c:/program files/dspace rcphil 2016-a/compiler/qnx650_463/host/win32/x86/usr/bin/../lib/gcc/powerpc-unknown-nto-qnx6.5.0/4.6.3\libgcc.a(_powitf2.o)
 .text          0x4805428c      0x3bc c:/program files/dspace rcphil 2016-a/compiler/qnx650_463/host/win32/x86/usr/bin/../lib/gcc/powerpc-unknown-nto-qnx6.5.0/4.6.3\libgcc.a(_mulsc3.o)
                0x4805428c                __mulsc3
 .text          0x48054648      0x3ec c:/program files/dspace rcphil 2016-a/compiler/qnx650_463/host/win32/x86/usr/bin/../lib/gcc/powerpc-unknown-nto-qnx6.5.0/4.6.3\libgcc.a(_muldc3.o)
                0x48054648                __muldc3
 .text          0x48054a34        0x0 c:/program files/dspace rcphil 2016-a/compiler/qnx650_463/host/win32/x86/usr/bin/../lib/gcc/powerpc-unknown-nto-qnx6.5.0/4.6.3\libgcc.a(_mulxc3.o)
 .text          0x48054a34        0x0 c:/program files/dspace rcphil 2016-a/compiler/qnx650_463/host/win32/x86/usr/bin/../lib/gcc/powerpc-unknown-nto-qnx6.5.0/4.6.3\libgcc.a(_multc3.o)
 .text          0x48054a34      0x304 c:/program files/dspace rcphil 2016-a/compiler/qnx650_463/host/win32/x86/usr/bin/../lib/gcc/powerpc-unknown-nto-qnx6.5.0/4.6.3\libgcc.a(_divsc3.o)
                0x48054a34                __divsc3
 .text          0x48054d38      0x2fc c:/program files/dspace rcphil 2016-a/compiler/qnx650_463/host/win32/x86/usr/bin/../lib/gcc/powerpc-unknown-nto-qnx6.5.0/4.6.3\libgcc.a(_divdc3.o)
                0x48054d38                __divdc3
 .text          0x48055034        0x0 c:/program files/dspace rcphil 2016-a/compiler/qnx650_463/host/win32/x86/usr/bin/../lib/gcc/powerpc-unknown-nto-qnx6.5.0/4.6.3\libgcc.a(_divxc3.o)
 .text          0x48055034        0x0 c:/program files/dspace rcphil 2016-a/compiler/qnx650_463/host/win32/x86/usr/bin/../lib/gcc/powerpc-unknown-nto-qnx6.5.0/4.6.3\libgcc.a(_divtc3.o)
 .text          0x48055034       0x14 c:/program files/dspace rcphil 2016-a/compiler/qnx650_463/host/win32/x86/usr/bin/../lib/gcc/powerpc-unknown-nto-qnx6.5.0/4.6.3\libgcc.a(_bswapsi2.o)
                0x48055034                __bswapsi2
 .text          0x48055048       0x24 c:/program files/dspace rcphil 2016-a/compiler/qnx650_463/host/win32/x86/usr/bin/../lib/gcc/powerpc-unknown-nto-qnx6.5.0/4.6.3\libgcc.a(_bswapdi2.o)
                0x48055048                __bswapdi2
 .text          0x4805506c       0x48 c:/program files/dspace rcphil 2016-a/compiler/qnx650_463/host/win32/x86/usr/bin/../lib/gcc/powerpc-unknown-nto-qnx6.5.0/4.6.3\libgcc.a(_fixunssfsi.o)
                0x4805506c                __fixunssfsi
 .text          0x480550b4       0x48 c:/program files/dspace rcphil 2016-a/compiler/qnx650_463/host/win32/x86/usr/bin/../lib/gcc/powerpc-unknown-nto-qnx6.5.0/4.6.3\libgcc.a(_fixunsdfsi.o)
                0x480550b4                __fixunsdfsi
 .text          0x480550fc        0x0 c:/program files/dspace rcphil 2016-a/compiler/qnx650_463/host/win32/x86/usr/bin/../lib/gcc/powerpc-unknown-nto-qnx6.5.0/4.6.3\libgcc.a(_fixunsxfsi.o)
 .text          0x480550fc       0x68 c:/program files/dspace rcphil 2016-a/compiler/qnx650_463/host/win32/x86/usr/bin/../lib/gcc/powerpc-unknown-nto-qnx6.5.0/4.6.3\libgcc.a(_fixsfdi.o)
                0x480550fc                __fixsfdi
 .text          0x48055164       0x68 c:/program files/dspace rcphil 2016-a/compiler/qnx650_463/host/win32/x86/usr/bin/../lib/gcc/powerpc-unknown-nto-qnx6.5.0/4.6.3\libgcc.a(_fixdfdi.o)
                0x48055164                __fixdfdi
 .text          0x480551cc        0x0 c:/program files/dspace rcphil 2016-a/compiler/qnx650_463/host/win32/x86/usr/bin/../lib/gcc/powerpc-unknown-nto-qnx6.5.0/4.6.3\libgcc.a(_fixxfdi.o)
 .text          0x480551cc        0x0 c:/program files/dspace rcphil 2016-a/compiler/qnx650_463/host/win32/x86/usr/bin/../lib/gcc/powerpc-unknown-nto-qnx6.5.0/4.6.3\libgcc.a(_fixtfdi.o)
 .text          0x480551cc       0xf0 c:/program files/dspace rcphil 2016-a/compiler/qnx650_463/host/win32/x86/usr/bin/../lib/gcc/powerpc-unknown-nto-qnx6.5.0/4.6.3\libgcc.a(_fixunssfdi.o)
                0x480551cc                __fixunssfdi
 .text          0x480552bc       0xec c:/program files/dspace rcphil 2016-a/compiler/qnx650_463/host/win32/x86/usr/bin/../lib/gcc/powerpc-unknown-nto-qnx6.5.0/4.6.3\libgcc.a(_fixunsdfdi.o)
                0x480552bc                __fixunsdfdi
 .text          0x480553a8        0x0 c:/program files/dspace rcphil 2016-a/compiler/qnx650_463/host/win32/x86/usr/bin/../lib/gcc/powerpc-unknown-nto-qnx6.5.0/4.6.3\libgcc.a(_fixunsxfdi.o)
 .text          0x480553a8        0x0 c:/program files/dspace rcphil 2016-a/compiler/qnx650_463/host/win32/x86/usr/bin/../lib/gcc/powerpc-unknown-nto-qnx6.5.0/4.6.3\libgcc.a(_fixunstfdi.o)
 .text          0x480553a8       0xac c:/program files/dspace rcphil 2016-a/compiler/qnx650_463/host/win32/x86/usr/bin/../lib/gcc/powerpc-unknown-nto-qnx6.5.0/4.6.3\libgcc.a(_floatdisf.o)
                0x480553a8                __floatdisf
 .text          0x48055454       0x50 c:/program files/dspace rcphil 2016-a/compiler/qnx650_463/host/win32/x86/usr/bin/../lib/gcc/powerpc-unknown-nto-qnx6.5.0/4.6.3\libgcc.a(_floatdidf.o)
                0x48055454                __floatdidf
 .text          0x480554a4        0x0 c:/program files/dspace rcphil 2016-a/compiler/qnx650_463/host/win32/x86/usr/bin/../lib/gcc/powerpc-unknown-nto-qnx6.5.0/4.6.3\libgcc.a(_floatdixf.o)
 .text          0x480554a4        0x0 c:/program files/dspace rcphil 2016-a/compiler/qnx650_463/host/win32/x86/usr/bin/../lib/gcc/powerpc-unknown-nto-qnx6.5.0/4.6.3\libgcc.a(_floatditf.o)
 .text          0x480554a4       0x68 c:/program files/dspace rcphil 2016-a/compiler/qnx650_463/host/win32/x86/usr/bin/../lib/gcc/powerpc-unknown-nto-qnx6.5.0/4.6.3\libgcc.a(_floatundisf.o)
                0x480554a4                __floatundisf
 .text          0x4805550c       0x44 c:/program files/dspace rcphil 2016-a/compiler/qnx650_463/host/win32/x86/usr/bin/../lib/gcc/powerpc-unknown-nto-qnx6.5.0/4.6.3\libgcc.a(_floatundidf.o)
                0x4805550c                __floatundidf
 .text          0x48055550        0x0 c:/program files/dspace rcphil 2016-a/compiler/qnx650_463/host/win32/x86/usr/bin/../lib/gcc/powerpc-unknown-nto-qnx6.5.0/4.6.3\libgcc.a(_floatundixf.o)
 .text          0x48055550        0x0 c:/program files/dspace rcphil 2016-a/compiler/qnx650_463/host/win32/x86/usr/bin/../lib/gcc/powerpc-unknown-nto-qnx6.5.0/4.6.3\libgcc.a(_floatunditf.o)
 .text          0x48055550       0x48 c:/program files/dspace rcphil 2016-a/compiler/qnx650_463/host/win32/x86/usr/bin/../lib/gcc/powerpc-unknown-nto-qnx6.5.0/4.6.3\libgcc.a(_eprintf.o)
                0x48055550                __eprintf
 .text          0x48055598       0x4c c:/program files/dspace rcphil 2016-a/compiler/qnx650_463/host/win32/x86/usr/bin/../lib/gcc/powerpc-unknown-nto-qnx6.5.0/4.6.3\libgcc.a(__gcc_bcmp.o)
                0x48055598                __gcc_bcmp
 .text          0x480555e4      0x448 c:/program files/dspace rcphil 2016-a/compiler/qnx650_463/host/win32/x86/usr/bin/../lib/gcc/powerpc-unknown-nto-qnx6.5.0/4.6.3\libgcc.a(_divdi3.o)
                0x480555e4                __divdi3
 .text          0x48055a2c      0x430 c:/program files/dspace rcphil 2016-a/compiler/qnx650_463/host/win32/x86/usr/bin/../lib/gcc/powerpc-unknown-nto-qnx6.5.0/4.6.3\libgcc.a(_moddi3.o)
                0x48055a2c                __moddi3
 .text          0x48055e5c      0x400 c:/program files/dspace rcphil 2016-a/compiler/qnx650_463/host/win32/x86/usr/bin/../lib/gcc/powerpc-unknown-nto-qnx6.5.0/4.6.3\libgcc.a(_udivdi3.o)
                0x48055e5c                __udivdi3
 .text          0x4805625c      0x3d4 c:/program files/dspace rcphil 2016-a/compiler/qnx650_463/host/win32/x86/usr/bin/../lib/gcc/powerpc-unknown-nto-qnx6.5.0/4.6.3\libgcc.a(_umoddi3.o)
                0x4805625c                __umoddi3
 .text          0x48056630        0x8 c:/program files/dspace rcphil 2016-a/compiler/qnx650_463/host/win32/x86/usr/bin/../lib/gcc/powerpc-unknown-nto-qnx6.5.0/4.6.3\libgcc.a(_udiv_w_sdiv.o)
                0x48056630                __udiv_w_sdiv
 .text          0x48056638      0x4d4 c:/program files/dspace rcphil 2016-a/compiler/qnx650_463/host/win32/x86/usr/bin/../lib/gcc/powerpc-unknown-nto-qnx6.5.0/4.6.3\libgcc.a(_udivmoddi4.o)
                0x48056638                __udivmoddi4
 .text          0x48056b0c      0x130 c:/program files/dspace rcphil 2016-a/compiler/qnx650_463/host/win32/x86/usr/bin/../lib/gcc/powerpc-unknown-nto-qnx6.5.0/4.6.3\libgcc.a(_pack_sf.o)
                0x48056b0c                __pack_f
 .text          0x48056c3c       0xb0 c:/program files/dspace rcphil 2016-a/compiler/qnx650_463/host/win32/x86/usr/bin/../lib/gcc/powerpc-unknown-nto-qnx6.5.0/4.6.3\libgcc.a(_unpack_sf.o)
                0x48056c3c                __unpack_f
 .text          0x48056cec      0x2e0 c:/program files/dspace rcphil 2016-a/compiler/qnx650_463/host/win32/x86/usr/bin/../lib/gcc/powerpc-unknown-nto-qnx6.5.0/4.6.3\libgcc.a(_addsub_sf.o)
                0x48056f20                __addsf3
                0x48056f70                __subsf3
 .text          0x48056fcc      0x1e4 c:/program files/dspace rcphil 2016-a/compiler/qnx650_463/host/win32/x86/usr/bin/../lib/gcc/powerpc-unknown-nto-qnx6.5.0/4.6.3\libgcc.a(_mul_sf.o)
                0x48056fcc                __mulsf3
 .text          0x480571b0      0x16c c:/program files/dspace rcphil 2016-a/compiler/qnx650_463/host/win32/x86/usr/bin/../lib/gcc/powerpc-unknown-nto-qnx6.5.0/4.6.3\libgcc.a(_div_sf.o)
                0x480571b0                __divsf3
 .text          0x4805731c      0x108 c:/program files/dspace rcphil 2016-a/compiler/qnx650_463/host/win32/x86/usr/bin/../lib/gcc/powerpc-unknown-nto-qnx6.5.0/4.6.3\libgcc.a(_fpcmp_parts_sf.o)
                0x4805731c                __fpcmp_parts_f
 .text          0x48057424       0x48 c:/program files/dspace rcphil 2016-a/compiler/qnx650_463/host/win32/x86/usr/bin/../lib/gcc/powerpc-unknown-nto-qnx6.5.0/4.6.3\libgcc.a(_compare_sf.o)
                0x48057424                __cmpsf2
 .text          0x4805746c       0x64 c:/program files/dspace rcphil 2016-a/compiler/qnx650_463/host/win32/x86/usr/bin/../lib/gcc/powerpc-unknown-nto-qnx6.5.0/4.6.3\libgcc.a(_eq_sf.o)
                0x4805746c                __eqsf2
 .text          0x480574d0       0x64 c:/program files/dspace rcphil 2016-a/compiler/qnx650_463/host/win32/x86/usr/bin/../lib/gcc/powerpc-unknown-nto-qnx6.5.0/4.6.3\libgcc.a(_ne_sf.o)
                0x480574d0                __nesf2
 .text          0x48057534       0x64 c:/program files/dspace rcphil 2016-a/compiler/qnx650_463/host/win32/x86/usr/bin/../lib/gcc/powerpc-unknown-nto-qnx6.5.0/4.6.3\libgcc.a(_gt_sf.o)
                0x48057534                __gtsf2
 .text          0x48057598       0x64 c:/program files/dspace rcphil 2016-a/compiler/qnx650_463/host/win32/x86/usr/bin/../lib/gcc/powerpc-unknown-nto-qnx6.5.0/4.6.3\libgcc.a(_ge_sf.o)
                0x48057598                __gesf2
 .text          0x480575fc       0x64 c:/program files/dspace rcphil 2016-a/compiler/qnx650_463/host/win32/x86/usr/bin/../lib/gcc/powerpc-unknown-nto-qnx6.5.0/4.6.3\libgcc.a(_lt_sf.o)
                0x480575fc                __ltsf2
 .text          0x48057660       0x64 c:/program files/dspace rcphil 2016-a/compiler/qnx650_463/host/win32/x86/usr/bin/../lib/gcc/powerpc-unknown-nto-qnx6.5.0/4.6.3\libgcc.a(_le_sf.o)
                0x48057660                __lesf2
 .text          0x480576c4       0x5c c:/program files/dspace rcphil 2016-a/compiler/qnx650_463/host/win32/x86/usr/bin/../lib/gcc/powerpc-unknown-nto-qnx6.5.0/4.6.3\libgcc.a(_unord_sf.o)
                0x480576c4                __unordsf2
 .text          0x48057720       0x94 c:/program files/dspace rcphil 2016-a/compiler/qnx650_463/host/win32/x86/usr/bin/../lib/gcc/powerpc-unknown-nto-qnx6.5.0/4.6.3\libgcc.a(_si_to_sf.o)
                0x48057720                __floatsisf
 .text          0x480577b4       0xb8 c:/program files/dspace rcphil 2016-a/compiler/qnx650_463/host/win32/x86/usr/bin/../lib/gcc/powerpc-unknown-nto-qnx6.5.0/4.6.3\libgcc.a(_sf_to_si.o)
                0x480577b4                __fixsfsi
 .text          0x4805786c       0x44 c:/program files/dspace rcphil 2016-a/compiler/qnx650_463/host/win32/x86/usr/bin/../lib/gcc/powerpc-unknown-nto-qnx6.5.0/4.6.3\libgcc.a(_negate_sf.o)
                0x4805786c                __negsf2
 .text          0x480578b0       0x34 c:/program files/dspace rcphil 2016-a/compiler/qnx650_463/host/win32/x86/usr/bin/../lib/gcc/powerpc-unknown-nto-qnx6.5.0/4.6.3\libgcc.a(_make_sf.o)
                0x480578b0                __make_fp
 .text          0x480578e4       0x48 c:/program files/dspace rcphil 2016-a/compiler/qnx650_463/host/win32/x86/usr/bin/../lib/gcc/powerpc-unknown-nto-qnx6.5.0/4.6.3\libgcc.a(_sf_to_df.o)
                0x480578e4                __extendsfdf2
 .text          0x4805792c        0x0 c:/program files/dspace rcphil 2016-a/compiler/qnx650_463/host/win32/x86/usr/bin/../lib/gcc/powerpc-unknown-nto-qnx6.5.0/4.6.3\libgcc.a(_thenan_sf.o)
 .text          0x4805792c        0x0 c:/program files/dspace rcphil 2016-a/compiler/qnx650_463/host/win32/x86/usr/bin/../lib/gcc/powerpc-unknown-nto-qnx6.5.0/4.6.3\libgcc.a(_sf_to_usi.o)
 .text          0x4805792c       0xd4 c:/program files/dspace rcphil 2016-a/compiler/qnx650_463/host/win32/x86/usr/bin/../lib/gcc/powerpc-unknown-nto-qnx6.5.0/4.6.3\libgcc.a(_usi_to_sf.o)
                0x4805792c                __floatunsisf
 .text          0x48057a00      0x248 c:/program files/dspace rcphil 2016-a/compiler/qnx650_463/host/win32/x86/usr/bin/../lib/gcc/powerpc-unknown-nto-qnx6.5.0/4.6.3\libgcc.a(_pack_df.o)
                0x48057a00                __pack_d
 .text          0x48057c48       0xe4 c:/program files/dspace rcphil 2016-a/compiler/qnx650_463/host/win32/x86/usr/bin/../lib/gcc/powerpc-unknown-nto-qnx6.5.0/4.6.3\libgcc.a(_unpack_df.o)
                0x48057c48                __unpack_d
 .text          0x48057d2c      0x440 c:/program files/dspace rcphil 2016-a/compiler/qnx650_463/host/win32/x86/usr/bin/../lib/gcc/powerpc-unknown-nto-qnx6.5.0/4.6.3\libgcc.a(_addsub_df.o)
                0x480580c0                __adddf3
                0x48058110                __subdf3
 .text          0x4805816c      0x328 c:/program files/dspace rcphil 2016-a/compiler/qnx650_463/host/win32/x86/usr/bin/../lib/gcc/powerpc-unknown-nto-qnx6.5.0/4.6.3\libgcc.a(_mul_df.o)
                0x4805816c                __muldf3
 .text          0x48058494      0x21c c:/program files/dspace rcphil 2016-a/compiler/qnx650_463/host/win32/x86/usr/bin/../lib/gcc/powerpc-unknown-nto-qnx6.5.0/4.6.3\libgcc.a(_div_df.o)
                0x48058494                __divdf3
 .text          0x480586b0      0x124 c:/program files/dspace rcphil 2016-a/compiler/qnx650_463/host/win32/x86/usr/bin/../lib/gcc/powerpc-unknown-nto-qnx6.5.0/4.6.3\libgcc.a(_fpcmp_parts_df.o)
                0x480586b0                __fpcmp_parts_d
 .text          0x480587d4       0x48 c:/program files/dspace rcphil 2016-a/compiler/qnx650_463/host/win32/x86/usr/bin/../lib/gcc/powerpc-unknown-nto-qnx6.5.0/4.6.3\libgcc.a(_compare_df.o)
                0x480587d4                __cmpdf2
 .text          0x4805881c       0x64 c:/program files/dspace rcphil 2016-a/compiler/qnx650_463/host/win32/x86/usr/bin/../lib/gcc/powerpc-unknown-nto-qnx6.5.0/4.6.3\libgcc.a(_eq_df.o)
                0x4805881c                __eqdf2
 .text          0x48058880       0x64 c:/program files/dspace rcphil 2016-a/compiler/qnx650_463/host/win32/x86/usr/bin/../lib/gcc/powerpc-unknown-nto-qnx6.5.0/4.6.3\libgcc.a(_ne_df.o)
                0x48058880                __nedf2
 .text          0x480588e4       0x64 c:/program files/dspace rcphil 2016-a/compiler/qnx650_463/host/win32/x86/usr/bin/../lib/gcc/powerpc-unknown-nto-qnx6.5.0/4.6.3\libgcc.a(_gt_df.o)
                0x480588e4                __gtdf2
 .text          0x48058948       0x64 c:/program files/dspace rcphil 2016-a/compiler/qnx650_463/host/win32/x86/usr/bin/../lib/gcc/powerpc-unknown-nto-qnx6.5.0/4.6.3\libgcc.a(_ge_df.o)
                0x48058948                __gedf2
 .text          0x480589ac       0x64 c:/program files/dspace rcphil 2016-a/compiler/qnx650_463/host/win32/x86/usr/bin/../lib/gcc/powerpc-unknown-nto-qnx6.5.0/4.6.3\libgcc.a(_lt_df.o)
                0x480589ac                __ltdf2
 .text          0x48058a10       0x64 c:/program files/dspace rcphil 2016-a/compiler/qnx650_463/host/win32/x86/usr/bin/../lib/gcc/powerpc-unknown-nto-qnx6.5.0/4.6.3\libgcc.a(_le_df.o)
                0x48058a10                __ledf2
 .text          0x48058a74       0x5c c:/program files/dspace rcphil 2016-a/compiler/qnx650_463/host/win32/x86/usr/bin/../lib/gcc/powerpc-unknown-nto-qnx6.5.0/4.6.3\libgcc.a(_unord_df.o)
                0x48058a74                __unorddf2
 .text          0x48058ad0       0xc4 c:/program files/dspace rcphil 2016-a/compiler/qnx650_463/host/win32/x86/usr/bin/../lib/gcc/powerpc-unknown-nto-qnx6.5.0/4.6.3\libgcc.a(_si_to_df.o)
                0x48058ad0                __floatsidf
 .text          0x48058b94       0xe0 c:/program files/dspace rcphil 2016-a/compiler/qnx650_463/host/win32/x86/usr/bin/../lib/gcc/powerpc-unknown-nto-qnx6.5.0/4.6.3\libgcc.a(_df_to_si.o)
                0x48058b94                __fixdfsi
 .text          0x48058c74       0x44 c:/program files/dspace rcphil 2016-a/compiler/qnx650_463/host/win32/x86/usr/bin/../lib/gcc/powerpc-unknown-nto-qnx6.5.0/4.6.3\libgcc.a(_negate_df.o)
                0x48058c74                __negdf2
 .text          0x48058cb8       0x38 c:/program files/dspace rcphil 2016-a/compiler/qnx650_463/host/win32/x86/usr/bin/../lib/gcc/powerpc-unknown-nto-qnx6.5.0/4.6.3\libgcc.a(_make_df.o)
                0x48058cb8                __make_dp
 .text          0x48058cf0       0x5c c:/program files/dspace rcphil 2016-a/compiler/qnx650_463/host/win32/x86/usr/bin/../lib/gcc/powerpc-unknown-nto-qnx6.5.0/4.6.3\libgcc.a(_df_to_sf.o)
                0x48058cf0                __truncdfsf2
 .text          0x48058d4c        0x0 c:/program files/dspace rcphil 2016-a/compiler/qnx650_463/host/win32/x86/usr/bin/../lib/gcc/powerpc-unknown-nto-qnx6.5.0/4.6.3\libgcc.a(_thenan_df.o)
 .text          0x48058d4c        0x0 c:/program files/dspace rcphil 2016-a/compiler/qnx650_463/host/win32/x86/usr/bin/../lib/gcc/powerpc-unknown-nto-qnx6.5.0/4.6.3\libgcc.a(_df_to_usi.o)
 .text          0x48058d4c      0x124 c:/program files/dspace rcphil 2016-a/compiler/qnx650_463/host/win32/x86/usr/bin/../lib/gcc/powerpc-unknown-nto-qnx6.5.0/4.6.3\libgcc.a(_usi_to_df.o)
                0x48058d4c                __floatunsidf
 .text          0x48058e70       0x8c c:/program files/dspace rcphil 2016-a/compiler/qnx650_463/host/win32/x86/usr/bin/../lib/gcc/powerpc-unknown-nto-qnx6.5.0/4.6.3\libgcc.a(tramp.o)
                0x48058e98                __trampoline_setup
 .text          0x48058efc       0x4c c:/program files/dspace rcphil 2016-a/compiler/qnx650_463/host/win32/x86/usr/bin/../lib/gcc/powerpc-unknown-nto-qnx6.5.0/4.6.3\libgcc.a(crtsavfpr.o)
                0x48058efc                _savefpr_14
                0x48058f00                _savefpr_15
                0x48058f04                _savefpr_16
                0x48058f08                _savefpr_17
                0x48058f0c                _savefpr_18
                0x48058f10                _savefpr_19
                0x48058f14                _savefpr_20
                0x48058f18                _savefpr_21
                0x48058f1c                _savefpr_22
                0x48058f20                _savefpr_23
                0x48058f24                _savefpr_24
                0x48058f28                _savefpr_25
                0x48058f2c                _savefpr_26
                0x48058f30                _savefpr_27
                0x48058f34                _savefpr_28
                0x48058f38                _savefpr_29
                0x48058f3c                _savefpr_30
                0x48058f40                _savefpr_31
 .text          0x48058f48       0x4c c:/program files/dspace rcphil 2016-a/compiler/qnx650_463/host/win32/x86/usr/bin/../lib/gcc/powerpc-unknown-nto-qnx6.5.0/4.6.3\libgcc.a(crtresfpr.o)
                0x48058f48                _restfpr_14
                0x48058f4c                _restfpr_15
                0x48058f50                _restfpr_16
                0x48058f54                _restfpr_17
                0x48058f58                _restfpr_18
                0x48058f5c                _restfpr_19
                0x48058f60                _restfpr_20
                0x48058f64                _restfpr_21
                0x48058f68                _restfpr_22
                0x48058f6c                _restfpr_23
                0x48058f70                _restfpr_24
                0x48058f74                _restfpr_25
                0x48058f78                _restfpr_26
                0x48058f7c                _restfpr_27
                0x48058f80                _restfpr_28
                0x48058f84                _restfpr_29
                0x48058f88                _restfpr_30
                0x48058f8c                _restfpr_31
 .text          0x48058f94       0x4c c:/program files/dspace rcphil 2016-a/compiler/qnx650_463/host/win32/x86/usr/bin/../lib/gcc/powerpc-unknown-nto-qnx6.5.0/4.6.3\libgcc.a(crtsavgpr.o)
                0x48058f94                _savegpr_14
                0x48058f98                _savegpr_15
                0x48058f9c                _savegpr_16
                0x48058fa0                _savegpr_17
                0x48058fa4                _savegpr_18
                0x48058fa8                _savegpr_19
                0x48058fac                _savegpr_20
                0x48058fb0                _savegpr_21
                0x48058fb4                _savegpr_22
                0x48058fb8                _savegpr_23
                0x48058fbc                _savegpr_24
                0x48058fc0                _savegpr_25
                0x48058fc4                _savegpr_26
                0x48058fc8                _savegpr_27
                0x48058fcc                _savegpr_28
                0x48058fd0                _savegpr_29
                0x48058fd4                _savegpr_30
                0x48058fd8                _savegpr_31
 .text          0x48058fe0       0x4c c:/program files/dspace rcphil 2016-a/compiler/qnx650_463/host/win32/x86/usr/bin/../lib/gcc/powerpc-unknown-nto-qnx6.5.0/4.6.3\libgcc.a(crtresgpr.o)
                0x48058fe0                _restgpr_14
                0x48058fe4                _restgpr_15
                0x48058fe8                _restgpr_16
                0x48058fec                _restgpr_17
                0x48058ff0                _restgpr_18
                0x48058ff4                _restgpr_19
                0x48058ff8                _restgpr_20
                0x48058ffc                _restgpr_21
                0x48059000                _restgpr_22
                0x48059004                _restgpr_23
                0x48059008                _restgpr_24
                0x4805900c                _restgpr_25
                0x48059010                _restgpr_26
                0x48059014                _restgpr_27
                0x48059018                _restgpr_28
                0x4805901c                _restgpr_29
                0x48059020                _restgpr_30
                0x48059024                _restgpr_31
 .text          0x4805902c       0x58 c:/program files/dspace rcphil 2016-a/compiler/qnx650_463/host/win32/x86/usr/bin/../lib/gcc/powerpc-unknown-nto-qnx6.5.0/4.6.3\libgcc.a(crtresxfpr.o)
                0x4805902c                _restfpr_14_x
                0x48059030                _restfpr_15_x
                0x48059034                _restfpr_16_x
                0x48059038                _restfpr_17_x
                0x4805903c                _restfpr_18_x
                0x48059040                _restfpr_19_x
                0x48059044                _restfpr_20_x
                0x48059048                _restfpr_21_x
                0x4805904c                _restfpr_22_x
                0x48059050                _restfpr_23_x
                0x48059054                _restfpr_24_x
                0x48059058                _restfpr_25_x
                0x4805905c                _restfpr_26_x
                0x48059060                _restfpr_27_x
                0x48059064                _restfpr_28_x
                0x48059068                _restfpr_29_x
                0x4805906c                _restfpr_30_x
                0x48059070                _restfpr_31_x
 .text          0x48059084       0x58 c:/program files/dspace rcphil 2016-a/compiler/qnx650_463/host/win32/x86/usr/bin/../lib/gcc/powerpc-unknown-nto-qnx6.5.0/4.6.3\libgcc.a(crtresxgpr.o)
                0x48059084                _restgpr_14_x
                0x48059088                _restgpr_15_x
                0x4805908c                _restgpr_16_x
                0x48059090                _restgpr_17_x
                0x48059094                _restgpr_18_x
                0x48059098                _restgpr_19_x
                0x4805909c                _restgpr_20_x
                0x480590a0                _restgpr_21_x
                0x480590a4                _restgpr_22_x
                0x480590a8                _restgpr_23_x
                0x480590ac                _restgpr_24_x
                0x480590b0                _restgpr_25_x
                0x480590b4                _restgpr_26_x
                0x480590b8                _restgpr_27_x
                0x480590bc                _restgpr_28_x
                0x480590c0                _restgpr_29_x
                0x480590c4                _restgpr_30_x
                0x480590c8                _restgpr_31_x
 .text          0x480590dc        0x0 c:/program files/dspace rcphil 2016-a/compiler/qnx650_463/host/win32/x86/usr/bin/../lib/gcc/powerpc-unknown-nto-qnx6.5.0/4.6.3\libgcc.a(e500crtres32gpr.o)
 .text          0x480590dc        0x0 c:/program files/dspace rcphil 2016-a/compiler/qnx650_463/host/win32/x86/usr/bin/../lib/gcc/powerpc-unknown-nto-qnx6.5.0/4.6.3\libgcc.a(e500crtres64gpr.o)
 .text          0x480590dc        0x0 c:/program files/dspace rcphil 2016-a/compiler/qnx650_463/host/win32/x86/usr/bin/../lib/gcc/powerpc-unknown-nto-qnx6.5.0/4.6.3\libgcc.a(e500crtres64gprctr.o)
 .text          0x480590dc        0x0 c:/program files/dspace rcphil 2016-a/compiler/qnx650_463/host/win32/x86/usr/bin/../lib/gcc/powerpc-unknown-nto-qnx6.5.0/4.6.3\libgcc.a(e500crtrest32gpr.o)
 .text          0x480590dc        0x0 c:/program files/dspace rcphil 2016-a/compiler/qnx650_463/host/win32/x86/usr/bin/../lib/gcc/powerpc-unknown-nto-qnx6.5.0/4.6.3\libgcc.a(e500crtrest64gpr.o)
 .text          0x480590dc        0x0 c:/program files/dspace rcphil 2016-a/compiler/qnx650_463/host/win32/x86/usr/bin/../lib/gcc/powerpc-unknown-nto-qnx6.5.0/4.6.3\libgcc.a(e500crtresx32gpr.o)
 .text          0x480590dc        0x0 c:/program files/dspace rcphil 2016-a/compiler/qnx650_463/host/win32/x86/usr/bin/../lib/gcc/powerpc-unknown-nto-qnx6.5.0/4.6.3\libgcc.a(e500crtresx64gpr.o)
 .text          0x480590dc        0x0 c:/program files/dspace rcphil 2016-a/compiler/qnx650_463/host/win32/x86/usr/bin/../lib/gcc/powerpc-unknown-nto-qnx6.5.0/4.6.3\libgcc.a(e500crtsav32gpr.o)
 .text          0x480590dc        0x0 c:/program files/dspace rcphil 2016-a/compiler/qnx650_463/host/win32/x86/usr/bin/../lib/gcc/powerpc-unknown-nto-qnx6.5.0/4.6.3\libgcc.a(e500crtsav64gpr.o)
 .text          0x480590dc        0x0 c:/program files/dspace rcphil 2016-a/compiler/qnx650_463/host/win32/x86/usr/bin/../lib/gcc/powerpc-unknown-nto-qnx6.5.0/4.6.3\libgcc.a(e500crtsav64gprctr.o)
 .text          0x480590dc        0x0 c:/program files/dspace rcphil 2016-a/compiler/qnx650_463/host/win32/x86/usr/bin/../lib/gcc/powerpc-unknown-nto-qnx6.5.0/4.6.3\libgcc.a(e500crtsavg32gpr.o)
 .text          0x480590dc        0x0 c:/program files/dspace rcphil 2016-a/compiler/qnx650_463/host/win32/x86/usr/bin/../lib/gcc/powerpc-unknown-nto-qnx6.5.0/4.6.3\libgcc.a(e500crtsavg64gpr.o)
 .text          0x480590dc        0x0 c:/program files/dspace rcphil 2016-a/compiler/qnx650_463/host/win32/x86/usr/bin/../lib/gcc/powerpc-unknown-nto-qnx6.5.0/4.6.3\libgcc.a(e500crtsavg64gprctr.o)
 .text          0x480590dc     0x3250 c:/program files/dspace rcphil 2016-a/compiler/qnx650_463/host/win32/x86/usr/bin/../lib/gcc/powerpc-unknown-nto-qnx6.5.0/4.6.3\libgcc.a(unwind-dw2.o)
                0x4805b63c                _Unwind_GetGR
                0x4805b6b0                _Unwind_GetCFA
                0x4805b6b8                _Unwind_SetGR
                0x4805b740                _Unwind_GetIP
                0x4805b748                _Unwind_GetIPInfo
                0x4805b75c                _Unwind_SetIP
                0x4805b764                _Unwind_GetLanguageSpecificData
                0x4805b76c                _Unwind_GetRegionStart
                0x4805b774                _Unwind_FindEnclosingFunction
                0x4805b7ac                _Unwind_GetDataRelBase
                0x4805b7b4                _Unwind_GetTextRelBase
                0x4805b7bc                __frame_state_for
                0x4805b8d8                _Unwind_RaiseException
                0x4805bb5c                _Unwind_ForcedUnwind
                0x4805bd4c                _Unwind_Resume
                0x4805bf3c                _Unwind_Resume_or_Rethrow
                0x4805c130                _Unwind_DeleteException
                0x4805c168                _Unwind_Backtrace
 .text          0x4805c32c     0x1924 c:/program files/dspace rcphil 2016-a/compiler/qnx650_463/host/win32/x86/usr/bin/../lib/gcc/powerpc-unknown-nto-qnx6.5.0/4.6.3\libgcc.a(unwind-dw2-fde.o)
                0x4805d718                __register_frame_info_bases
                0x4805d7a0                __register_frame_info
                0x4805d7ac                __register_frame
                0x4805d804                __register_frame_info_table_bases
                0x4805d87c                __register_frame_info_table
                0x4805d888                __register_frame_table
                0x4805d8c0                __deregister_frame_info_bases
                0x4805da04                __deregister_frame_info
                0x4805da08                __deregister_frame
                0x4805da38                _Unwind_Find_FDE
 .text          0x4805dc50        0x0 c:/program files/dspace rcphil 2016-a/compiler/qnx650_463/host/win32/x86/usr/bin/../lib/gcc/powerpc-unknown-nto-qnx6.5.0/4.6.3\libgcc.a(unwind-sjlj.o)
 .text          0x4805dc50      0x5a0 c:/program files/dspace rcphil 2016-a/compiler/qnx650_463/host/win32/x86/usr/bin/../lib/gcc/powerpc-unknown-nto-qnx6.5.0/4.6.3\libgcc.a(unwind-c.o)
                0x4805ddd0                __gcc_personality_v0
 .text          0x4805e1f0      0x2f8 c:/program files/dspace rcphil 2016-a/compiler/qnx650_463/host/win32/x86/usr/bin/../lib/gcc/powerpc-unknown-nto-qnx6.5.0/4.6.3\libgcc.a(emutls.o)
                0x4805e2ac                __emutls_get_address
                0x4805e4a4                __emutls_register_common
 .text          0x4805e4e8       0x98 c:/program files/dspace rcphil 2016-a/compiler/qnx650_463/host/win32/x86/usr/bin/../lib/gcc/powerpc-unknown-nto-qnx6.5.0/4.6.3/crtend.o
 .text          0x4805e580        0x0 C:\Program Files\dSPACE RCPHIL 2016-A\Compiler\QNX650_463\target\qnx6/ppcbe/lib/crtn.o
 *(.gnu.warning)
 *(.glink)
 .glink         0x00000000        0x0 C:\Program Files\dSPACE RCPHIL 2016-A\Compiler\QNX650_463\target\qnx6/ppcbe/lib/crt1.o

.fini           0x4805e580       0x20
 *(.fini)
 .fini          0x4805e580        0xc C:\Program Files\dSPACE RCPHIL 2016-A\Compiler\QNX650_463\target\qnx6/ppcbe/lib/crti.o
                0x4805e580                _fini
 .fini          0x4805e58c        0x4 c:/program files/dspace rcphil 2016-a/compiler/qnx650_463/host/win32/x86/usr/bin/../lib/gcc/powerpc-unknown-nto-qnx6.5.0/4.6.3/crtbegin.o
 .fini          0x4805e590       0x10 C:\Program Files\dSPACE RCPHIL 2016-A\Compiler\QNX650_463\target\qnx6/ppcbe/lib/crtn.o
                0x4805e5a0                PROVIDE (__etext, .)
                0x4805e5a0                PROVIDE (_etext, .)
                0x4805e5a0                PROVIDE (etext, .)

.rodata         0x4805e5a0     0x1bb4
 *(.rodata .rodata.* .gnu.linkonce.r.*)
 .rodata        0x4805e5a0       0x38 SystemFunc.o07
 .rodata.cst8   0x4805e5d8       0x38 HandFunc.o07
 .rodata.cst4   0x4805e610        0x4 WAMFunc.o07
 *fill*         0x4805e614        0x4 00
 .rodata.cst8   0x4805e618       0x50 WAMFunc.o07
                                 0x58 (size before relaxing)
 .rodata.cst8   0x4805e668       0x38 AVSFunc.o07
 .rodata.str1.4
                0x4805e6a0       0xad AVSFunc.o07
 *fill*         0x4805e74d        0x3 00
 .rodata        0x4805e750       0x48 HandApp.o07
                0x4805e760                Lw1
                0x4805e768                Lpl
                0x4805e770                Lpm
                0x4805e778                Lpr
                0x4805e780                r
                0x4805e788                L1
                0x4805e790                Lr
 .rodata.cst8   0x4805e798      0x338 HandApp.o07
                                0x380 (size before relaxing)
 .rodata        0x4805ead0       0x28 WAMApp.o07
 .rodata.cst4   0x4805eaf8        0x4 WAMApp.o07
 *fill*         0x4805eafc        0x4 00
 .rodata.cst8   0x4805eb00        0x8 WAMApp.o07
                                 0x10 (size before relaxing)
 .rodata        0x4805eb08       0x28 WAM2App.o07
 .rodata.cst8   0x4805eb30       0x60 WAM2App.o07
                                 0xc0 (size before relaxing)
 .rodata.cst8   0x4805eb90       0x10 AVSApp.o07
                                 0x20 (size before relaxing)
 .rodata.cst8   0x4805eba0       0x30 XYZstageApp.o07
                                 0x40 (size before relaxing)
 .rodata.cst8   0x00000000       0x10 pmatrix.o07
 .rodata.str1.4
                0x4805ebd0       0x22 pmatrix.o07
 .rodata.cst8   0x00000000       0x10 homoMat.o07
 *fill*         0x4805ebf2        0x2 00
 .rodata.str1.4
                0x4805ebf4        0xe homoMat.o07
                                 0x16 (size before relaxing)
 *fill*         0x4805ec02        0x6 00
 .rodata.cst8   0x4805ec08        0x8 Kalman.o07
                                 0x18 (size before relaxing)
 .rodata.cst4   0x4805ec10        0x4 Predict3D.o07
                                  0x8 (size before relaxing)
 *fill*         0x4805ec14        0x4 00
 .rodata.cst8   0x4805ec18        0x8 Predict3D.o07
 .rodata.cst8   0x00000000        0x8 throwJnt2armJnt.o07
 .rodata.cst8   0x4805ec20        0x8 TaskSet.o07
                                 0x10 (size before relaxing)
 .rodata        0x4805ec28       0xb0 handEnc2JntAng.o07
 .rodata.cst8   0x4805ecd8        0x8 handEnc2JntAng.o07
                                 0x10 (size before relaxing)
 .rodata        0x4805ece0       0x74 rtiethernetdecode.o07
 .rodata.cst4   0x00000000        0x4 rtiethernetdecode.o07
 *fill*         0x4805ed54        0x4 00
 .rodata.cst8   0x4805ed58       0x10 rtiethernetdecode.o07
                                 0x20 (size before relaxing)
 .rodata.str1.4
                0x4805ed68       0x8f rtiethernetdecode.o07
 .rodata.cst4   0x00000000        0x4 handTraj.o07
 *fill*         0x4805edf7        0x1 00
 .rodata.cst8   0x4805edf8        0x8 handTraj.o07
                                 0x58 (size before relaxing)
 .rodata.cst8   0x4805ee00        0x8 handJntAngLimit.o07
                                 0x38 (size before relaxing)
 .rodata        0x4805ee08       0x58 handCtrl.o07
 .rodata.cst8   0x4805ee60       0x40 handCtrl.o07
                                 0x48 (size before relaxing)
 .rodata.cst8   0x00000000        0x8 handJntTrq2DA.o07
 .rodata.cst8   0x00000000        0x8 handDALimit.o07
 .rodata        0x4805eea0       0x74 rtiethernetencode.o07
 .rodata.cst8   0x00000000       0x18 rtiethernetencode.o07
 .rodata.str1.4
                0x00000000       0x8f rtiethernetencode.o07
 *fill*         0x4805ef14        0x4 00
 .rodata        0x4805ef18       0x30 XYZstageTraj.o07
                0x4805ef18                xyz_init_jnt_pos
                0x4805ef30                xyz_end_jnt_pos
 .rodata.cst4   0x00000000        0x4 XYZstageTraj.o07
 .rodata.cst8   0x00000000       0x50 XYZstageTraj.o07
 .rodata.cst8   0x00000000       0x10 XYZstageAngLimit.o07
 .rodata.cst8   0x4805ef48       0x10 XYZstageEnc2JntAng.o07
                                 0x18 (size before relaxing)
 .rodata.cst8   0x00000000        0x8 XYZstageCtrl.o07
 .rodata.cst8   0x00000000        0x8 XYZstageTrq2DA.o07
 .rodata.cst8   0x4805ef58        0x8 XYZstageDALimit.o07
                                 0x18 (size before relaxing)
 .rodata.cst8   0x00000000        0x8 SystemSet.o07
 .rodata        0x4805ef60        0xc base.o07
                0x4805ef60                base_RGND
                0x4805ef68                base_M
 *fill*         0x4805ef6c        0x4 00
 .rodata.cst8   0x4805ef70        0x8 base.o07
                                 0x20 (size before relaxing)
 .rodata.str1.4
                0x4805ef78      0x400 base.o07
 .rodata.cst4   0x4805f378        0x8 rtGetInf.o07
 .rodata.cst8   0x4805f380       0x10 rtGetInf.o07
 .rodata        0x4805f390       0x13 rt_i32zcfcn.o07
 .rodata.cst4   0x00000000        0x4 rt_matrx.o07
 *fill*         0x4805f3a3        0x5 00
 .rodata.cst8   0x4805f3a8        0x8 rt_matrx.o07
                                 0x28 (size before relaxing)
 .rodata.str1.4
                0x4805f3b0        0xf rt_printf.o07
 *fill*         0x4805f3bf        0x1 00
 .rodata        0x4805f3c0        0xc rti_sim_engine.o07
                0x4805f3c0                rtiDataSetStorageEnabled
                0x4805f3c4                p_dsts_sum_of_reset_time
                0x4805f3c8                p_msg_last_error_no
 .rodata.cst8   0x00000000       0x10 rti_sim_engine.o07
 .rodata.str1.4
                0x4805f3cc      0x3c1 rti_sim_engine.o07
 .rodata.cst8   0x00000000       0x10 rt_sim.o07
 *fill*         0x4805f78d        0x3 00
 .rodata.str1.4
                0x4805f790       0x71 rt_sim.o07
 *fill*         0x4805f801        0x3 00
 .rodata.str1.4
                0x4805f804       0x70 rti_assert.o07
                                 0x6d (size before relaxing)
 *fill*         0x4805f874        0x4 00
 .rodata        0x4805f878       0x30 C:\Program Files\dSPACE RCPHIL 2016-A\DS1007\Lib\libm_fastpow.a(e_pow.o)
 .rodata.cst4   0x4805f8a8        0x8 C:\Program Files\dSPACE RCPHIL 2016-A\DS1007\Lib\libm_fastpow.a(e_pow.o)
 .rodata.cst8   0x4805f8b0       0xa0 C:\Program Files\dSPACE RCPHIL 2016-A\DS1007\Lib\libm_fastpow.a(e_pow.o)
                                 0xe8 (size before relaxing)
 .rodata.cst8   0x4805f950       0x30 C:\Program Files\dSPACE RCPHIL 2016-A\DS1007\Lib\libm_fastpow.a(s_scalbn.o)
 .rodata        0x4805f980      0x100 c:/program files/dspace rcphil 2016-a/compiler/qnx650_463/host/win32/x86/usr/bin/../lib/gcc/powerpc-unknown-nto-qnx6.5.0/4.6.3\libgcc.a(_clz.o)
                0x4805f980                __clz_tab
 .rodata        0x4805fa80      0x100 c:/program files/dspace rcphil 2016-a/compiler/qnx650_463/host/win32/x86/usr/bin/../lib/gcc/powerpc-unknown-nto-qnx6.5.0/4.6.3\libgcc.a(_popcount_tab.o)
                0x4805fa80                __popcount_tab
 .rodata.cst4   0x4805fb80        0x4 c:/program files/dspace rcphil 2016-a/compiler/qnx650_463/host/win32/x86/usr/bin/../lib/gcc/powerpc-unknown-nto-qnx6.5.0/4.6.3\libgcc.a(_powisf2.o)
 .rodata.cst4   0x00000000        0x4 c:/program files/dspace rcphil 2016-a/compiler/qnx650_463/host/win32/x86/usr/bin/../lib/gcc/powerpc-unknown-nto-qnx6.5.0/4.6.3\libgcc.a(_powidf2.o)
 .rodata.cst4   0x4805fb84        0xc c:/program files/dspace rcphil 2016-a/compiler/qnx650_463/host/win32/x86/usr/bin/../lib/gcc/powerpc-unknown-nto-qnx6.5.0/4.6.3\libgcc.a(_mulsc3.o)
                                 0x14 (size before relaxing)
 .rodata.cst4   0x00000000       0x10 c:/program files/dspace rcphil 2016-a/compiler/qnx650_463/host/win32/x86/usr/bin/../lib/gcc/powerpc-unknown-nto-qnx6.5.0/4.6.3\libgcc.a(_muldc3.o)
 .rodata.cst8   0x00000000        0x8 c:/program files/dspace rcphil 2016-a/compiler/qnx650_463/host/win32/x86/usr/bin/../lib/gcc/powerpc-unknown-nto-qnx6.5.0/4.6.3\libgcc.a(_muldc3.o)
 .rodata.cst4   0x00000000       0x10 c:/program files/dspace rcphil 2016-a/compiler/qnx650_463/host/win32/x86/usr/bin/../lib/gcc/powerpc-unknown-nto-qnx6.5.0/4.6.3\libgcc.a(_divsc3.o)
 .rodata.cst4   0x00000000        0xc c:/program files/dspace rcphil 2016-a/compiler/qnx650_463/host/win32/x86/usr/bin/../lib/gcc/powerpc-unknown-nto-qnx6.5.0/4.6.3\libgcc.a(_divdc3.o)
 .rodata.cst8   0x00000000        0x8 c:/program files/dspace rcphil 2016-a/compiler/qnx650_463/host/win32/x86/usr/bin/../lib/gcc/powerpc-unknown-nto-qnx6.5.0/4.6.3\libgcc.a(_divdc3.o)
 .rodata.cst4   0x4805fb90        0x4 c:/program files/dspace rcphil 2016-a/compiler/qnx650_463/host/win32/x86/usr/bin/../lib/gcc/powerpc-unknown-nto-qnx6.5.0/4.6.3\libgcc.a(_fixunssfsi.o)
 .rodata.cst4   0x00000000        0x4 c:/program files/dspace rcphil 2016-a/compiler/qnx650_463/host/win32/x86/usr/bin/../lib/gcc/powerpc-unknown-nto-qnx6.5.0/4.6.3\libgcc.a(_fixunsdfsi.o)
 .rodata.cst4   0x00000000        0x4 c:/program files/dspace rcphil 2016-a/compiler/qnx650_463/host/win32/x86/usr/bin/../lib/gcc/powerpc-unknown-nto-qnx6.5.0/4.6.3\libgcc.a(_fixsfdi.o)
 .rodata.cst8   0x00000000        0x8 c:/program files/dspace rcphil 2016-a/compiler/qnx650_463/host/win32/x86/usr/bin/../lib/gcc/powerpc-unknown-nto-qnx6.5.0/4.6.3\libgcc.a(_fixdfdi.o)
 .rodata.cst4   0x4805fb94        0xc c:/program files/dspace rcphil 2016-a/compiler/qnx650_463/host/win32/x86/usr/bin/../lib/gcc/powerpc-unknown-nto-qnx6.5.0/4.6.3\libgcc.a(_fixunssfdi.o)
                                 0x10 (size before relaxing)
 .rodata.cst4   0x00000000       0x10 c:/program files/dspace rcphil 2016-a/compiler/qnx650_463/host/win32/x86/usr/bin/../lib/gcc/powerpc-unknown-nto-qnx6.5.0/4.6.3\libgcc.a(_fixunsdfdi.o)
 .rodata.cst4   0x00000000        0xc c:/program files/dspace rcphil 2016-a/compiler/qnx650_463/host/win32/x86/usr/bin/../lib/gcc/powerpc-unknown-nto-qnx6.5.0/4.6.3\libgcc.a(_floatdisf.o)
 .rodata.cst4   0x00000000        0xc c:/program files/dspace rcphil 2016-a/compiler/qnx650_463/host/win32/x86/usr/bin/../lib/gcc/powerpc-unknown-nto-qnx6.5.0/4.6.3\libgcc.a(_floatdidf.o)
 .rodata.cst4   0x00000000        0x8 c:/program files/dspace rcphil 2016-a/compiler/qnx650_463/host/win32/x86/usr/bin/../lib/gcc/powerpc-unknown-nto-qnx6.5.0/4.6.3\libgcc.a(_floatundisf.o)
 .rodata.cst4   0x00000000        0x8 c:/program files/dspace rcphil 2016-a/compiler/qnx650_463/host/win32/x86/usr/bin/../lib/gcc/powerpc-unknown-nto-qnx6.5.0/4.6.3\libgcc.a(_floatundidf.o)
 .rodata.cst4   0x4805fba0        0x4 c:/program files/dspace rcphil 2016-a/compiler/qnx650_463/host/win32/x86/usr/bin/../lib/gcc/powerpc-unknown-nto-qnx6.5.0/4.6.3\libgcc.a(_si_to_sf.o)
 .rodata        0x4805fba4       0x10 c:/program files/dspace rcphil 2016-a/compiler/qnx650_463/host/win32/x86/usr/bin/../lib/gcc/powerpc-unknown-nto-qnx6.5.0/4.6.3\libgcc.a(_thenan_sf.o)
                0x4805fba4                __thenan_sf
 .rodata.cst4   0x00000000        0x4 c:/program files/dspace rcphil 2016-a/compiler/qnx650_463/host/win32/x86/usr/bin/../lib/gcc/powerpc-unknown-nto-qnx6.5.0/4.6.3\libgcc.a(_si_to_df.o)
 *fill*         0x4805fbb4        0x4 00
 .rodata        0x4805fbb8       0x18 c:/program files/dspace rcphil 2016-a/compiler/qnx650_463/host/win32/x86/usr/bin/../lib/gcc/powerpc-unknown-nto-qnx6.5.0/4.6.3\libgcc.a(_thenan_df.o)
                0x4805fbb8                __thenan_df
 .rodata        0x4805fbd0      0x51c c:/program files/dspace rcphil 2016-a/compiler/qnx650_463/host/win32/x86/usr/bin/../lib/gcc/powerpc-unknown-nto-qnx6.5.0/4.6.3\libgcc.a(unwind-dw2.o)
 .rodata        0x480600ec       0x34 c:/program files/dspace rcphil 2016-a/compiler/qnx650_463/host/win32/x86/usr/bin/../lib/gcc/powerpc-unknown-nto-qnx6.5.0/4.6.3\libgcc.a(unwind-dw2-fde.o)
 .rodata        0x48060120       0x34 c:/program files/dspace rcphil 2016-a/compiler/qnx650_463/host/win32/x86/usr/bin/../lib/gcc/powerpc-unknown-nto-qnx6.5.0/4.6.3\libgcc.a(unwind-c.o)

.rodata1
 *(.rodata1)

.sdata2         0x48060154        0x0
                0x00008000                PROVIDE (_SDA2_BASE_, 0x8000)
 *(.sdata2 .sdata2.* .gnu.linkonce.s2.*)

.sbss2
 *(.sbss2 .sbss2.* .gnu.linkonce.sb2.*)

.eh_frame_hdr   0x48060154      0x254
 *(.eh_frame_hdr)
 .eh_frame_hdr  0x48060154      0x254 c:/program files/dspace rcphil 2016-a/compiler/qnx650_463/host/win32/x86/usr/bin/../lib/gcc/powerpc-unknown-nto-qnx6.5.0/4.6.3\libgcc.a(_fixsfdi.o)

.eh_frame       0x480603a8      0xda4
 *(.eh_frame)
 .eh_frame      0x00000000        0x0 C:\Program Files\dSPACE RCPHIL 2016-A\Compiler\QNX650_463\target\qnx6/ppcbe/lib/crt1.o
 .eh_frame      0x480603a8        0x0 c:/program files/dspace rcphil 2016-a/compiler/qnx650_463/host/win32/x86/usr/bin/../lib/gcc/powerpc-unknown-nto-qnx6.5.0/4.6.3/crtbegin.o
 .eh_frame      0x480603a8       0x30 c:/program files/dspace rcphil 2016-a/compiler/qnx650_463/host/win32/x86/usr/bin/../lib/gcc/powerpc-unknown-nto-qnx6.5.0/4.6.3\libgcc.a(_fixsfdi.o)
 .eh_frame      0x480603d8       0x20 c:/program files/dspace rcphil 2016-a/compiler/qnx650_463/host/win32/x86/usr/bin/../lib/gcc/powerpc-unknown-nto-qnx6.5.0/4.6.3\libgcc.a(_fixdfdi.o)
                                 0x30 (size before relaxing)
 .eh_frame      0x480603f8       0x20 c:/program files/dspace rcphil 2016-a/compiler/qnx650_463/host/win32/x86/usr/bin/../lib/gcc/powerpc-unknown-nto-qnx6.5.0/4.6.3\libgcc.a(_eprintf.o)
                                 0x30 (size before relaxing)
 .eh_frame      0x48060418       0x28 c:/program files/dspace rcphil 2016-a/compiler/qnx650_463/host/win32/x86/usr/bin/../lib/gcc/powerpc-unknown-nto-qnx6.5.0/4.6.3\libgcc.a(_divdi3.o)
                                 0x38 (size before relaxing)
 .eh_frame      0x48060440       0x28 c:/program files/dspace rcphil 2016-a/compiler/qnx650_463/host/win32/x86/usr/bin/../lib/gcc/powerpc-unknown-nto-qnx6.5.0/4.6.3\libgcc.a(_moddi3.o)
                                 0x38 (size before relaxing)
 .eh_frame      0x48060468       0x38 c:/program files/dspace rcphil 2016-a/compiler/qnx650_463/host/win32/x86/usr/bin/../lib/gcc/powerpc-unknown-nto-qnx6.5.0/4.6.3\libgcc.a(_udivdi3.o)
                                 0x48 (size before relaxing)
 .eh_frame      0x480604a0       0x3c c:/program files/dspace rcphil 2016-a/compiler/qnx650_463/host/win32/x86/usr/bin/../lib/gcc/powerpc-unknown-nto-qnx6.5.0/4.6.3\libgcc.a(_umoddi3.o)
                                 0x4c (size before relaxing)
 .eh_frame      0x480604dc       0x10 c:/program files/dspace rcphil 2016-a/compiler/qnx650_463/host/win32/x86/usr/bin/../lib/gcc/powerpc-unknown-nto-qnx6.5.0/4.6.3\libgcc.a(_udiv_w_sdiv.o)
                                 0x20 (size before relaxing)
 .eh_frame      0x480604ec       0x48 c:/program files/dspace rcphil 2016-a/compiler/qnx650_463/host/win32/x86/usr/bin/../lib/gcc/powerpc-unknown-nto-qnx6.5.0/4.6.3\libgcc.a(_udivmoddi4.o)
                                 0x58 (size before relaxing)
 .eh_frame      0x48060534       0x38 c:/program files/dspace rcphil 2016-a/compiler/qnx650_463/host/win32/x86/usr/bin/../lib/gcc/powerpc-unknown-nto-qnx6.5.0/4.6.3\libgcc.a(_addsub_sf.o)
                                 0x48 (size before relaxing)
 .eh_frame      0x4806056c       0x2c c:/program files/dspace rcphil 2016-a/compiler/qnx650_463/host/win32/x86/usr/bin/../lib/gcc/powerpc-unknown-nto-qnx6.5.0/4.6.3\libgcc.a(_mul_sf.o)
                                 0x3c (size before relaxing)
 .eh_frame      0x48060598       0x24 c:/program files/dspace rcphil 2016-a/compiler/qnx650_463/host/win32/x86/usr/bin/../lib/gcc/powerpc-unknown-nto-qnx6.5.0/4.6.3\libgcc.a(_div_sf.o)
                                 0x34 (size before relaxing)
 .eh_frame      0x480605bc       0x1c c:/program files/dspace rcphil 2016-a/compiler/qnx650_463/host/win32/x86/usr/bin/../lib/gcc/powerpc-unknown-nto-qnx6.5.0/4.6.3\libgcc.a(_compare_sf.o)
                                 0x2c (size before relaxing)
 .eh_frame      0x480605d8       0x1c c:/program files/dspace rcphil 2016-a/compiler/qnx650_463/host/win32/x86/usr/bin/../lib/gcc/powerpc-unknown-nto-qnx6.5.0/4.6.3\libgcc.a(_eq_sf.o)
                                 0x2c (size before relaxing)
 .eh_frame      0x480605f4       0x1c c:/program files/dspace rcphil 2016-a/compiler/qnx650_463/host/win32/x86/usr/bin/../lib/gcc/powerpc-unknown-nto-qnx6.5.0/4.6.3\libgcc.a(_ne_sf.o)
                                 0x2c (size before relaxing)
 .eh_frame      0x48060610       0x1c c:/program files/dspace rcphil 2016-a/compiler/qnx650_463/host/win32/x86/usr/bin/../lib/gcc/powerpc-unknown-nto-qnx6.5.0/4.6.3\libgcc.a(_gt_sf.o)
                                 0x2c (size before relaxing)
 .eh_frame      0x4806062c       0x1c c:/program files/dspace rcphil 2016-a/compiler/qnx650_463/host/win32/x86/usr/bin/../lib/gcc/powerpc-unknown-nto-qnx6.5.0/4.6.3\libgcc.a(_ge_sf.o)
                                 0x2c (size before relaxing)
 .eh_frame      0x48060648       0x1c c:/program files/dspace rcphil 2016-a/compiler/qnx650_463/host/win32/x86/usr/bin/../lib/gcc/powerpc-unknown-nto-qnx6.5.0/4.6.3\libgcc.a(_lt_sf.o)
                                 0x2c (size before relaxing)
 .eh_frame      0x48060664       0x1c c:/program files/dspace rcphil 2016-a/compiler/qnx650_463/host/win32/x86/usr/bin/../lib/gcc/powerpc-unknown-nto-qnx6.5.0/4.6.3\libgcc.a(_le_sf.o)
                                 0x2c (size before relaxing)
 .eh_frame      0x48060680       0x1c c:/program files/dspace rcphil 2016-a/compiler/qnx650_463/host/win32/x86/usr/bin/../lib/gcc/powerpc-unknown-nto-qnx6.5.0/4.6.3\libgcc.a(_unord_sf.o)
                                 0x2c (size before relaxing)
 .eh_frame      0x4806069c       0x20 c:/program files/dspace rcphil 2016-a/compiler/qnx650_463/host/win32/x86/usr/bin/../lib/gcc/powerpc-unknown-nto-qnx6.5.0/4.6.3\libgcc.a(_si_to_sf.o)
                                 0x30 (size before relaxing)
 .eh_frame      0x480606bc       0x24 c:/program files/dspace rcphil 2016-a/compiler/qnx650_463/host/win32/x86/usr/bin/../lib/gcc/powerpc-unknown-nto-qnx6.5.0/4.6.3\libgcc.a(_sf_to_si.o)
                                 0x34 (size before relaxing)
 .eh_frame      0x480606e0       0x1c c:/program files/dspace rcphil 2016-a/compiler/qnx650_463/host/win32/x86/usr/bin/../lib/gcc/powerpc-unknown-nto-qnx6.5.0/4.6.3\libgcc.a(_negate_sf.o)
                                 0x2c (size before relaxing)
 .eh_frame      0x480606fc       0x1c c:/program files/dspace rcphil 2016-a/compiler/qnx650_463/host/win32/x86/usr/bin/../lib/gcc/powerpc-unknown-nto-qnx6.5.0/4.6.3\libgcc.a(_make_sf.o)
                                 0x2c (size before relaxing)
 .eh_frame      0x48060718       0x1c c:/program files/dspace rcphil 2016-a/compiler/qnx650_463/host/win32/x86/usr/bin/../lib/gcc/powerpc-unknown-nto-qnx6.5.0/4.6.3\libgcc.a(_sf_to_df.o)
                                 0x2c (size before relaxing)
 .eh_frame      0x48060734       0x28 c:/program files/dspace rcphil 2016-a/compiler/qnx650_463/host/win32/x86/usr/bin/../lib/gcc/powerpc-unknown-nto-qnx6.5.0/4.6.3\libgcc.a(_usi_to_sf.o)
                                 0x38 (size before relaxing)
 .eh_frame      0x4806075c       0x38 c:/program files/dspace rcphil 2016-a/compiler/qnx650_463/host/win32/x86/usr/bin/../lib/gcc/powerpc-unknown-nto-qnx6.5.0/4.6.3\libgcc.a(_addsub_df.o)
                                 0x48 (size before relaxing)
 .eh_frame      0x48060794       0x38 c:/program files/dspace rcphil 2016-a/compiler/qnx650_463/host/win32/x86/usr/bin/../lib/gcc/powerpc-unknown-nto-qnx6.5.0/4.6.3\libgcc.a(_mul_df.o)
                                 0x48 (size before relaxing)
 .eh_frame      0x480607cc       0x34 c:/program files/dspace rcphil 2016-a/compiler/qnx650_463/host/win32/x86/usr/bin/../lib/gcc/powerpc-unknown-nto-qnx6.5.0/4.6.3\libgcc.a(_div_df.o)
                                 0x44 (size before relaxing)
 .eh_frame      0x48060800       0x1c c:/program files/dspace rcphil 2016-a/compiler/qnx650_463/host/win32/x86/usr/bin/../lib/gcc/powerpc-unknown-nto-qnx6.5.0/4.6.3\libgcc.a(_compare_df.o)
                                 0x2c (size before relaxing)
 .eh_frame      0x4806081c       0x1c c:/program files/dspace rcphil 2016-a/compiler/qnx650_463/host/win32/x86/usr/bin/../lib/gcc/powerpc-unknown-nto-qnx6.5.0/4.6.3\libgcc.a(_eq_df.o)
                                 0x2c (size before relaxing)
 .eh_frame      0x48060838       0x1c c:/program files/dspace rcphil 2016-a/compiler/qnx650_463/host/win32/x86/usr/bin/../lib/gcc/powerpc-unknown-nto-qnx6.5.0/4.6.3\libgcc.a(_ne_df.o)
                                 0x2c (size before relaxing)
 .eh_frame      0x48060854       0x1c c:/program files/dspace rcphil 2016-a/compiler/qnx650_463/host/win32/x86/usr/bin/../lib/gcc/powerpc-unknown-nto-qnx6.5.0/4.6.3\libgcc.a(_gt_df.o)
                                 0x2c (size before relaxing)
 .eh_frame      0x48060870       0x1c c:/program files/dspace rcphil 2016-a/compiler/qnx650_463/host/win32/x86/usr/bin/../lib/gcc/powerpc-unknown-nto-qnx6.5.0/4.6.3\libgcc.a(_ge_df.o)
                                 0x2c (size before relaxing)
 .eh_frame      0x4806088c       0x1c c:/program files/dspace rcphil 2016-a/compiler/qnx650_463/host/win32/x86/usr/bin/../lib/gcc/powerpc-unknown-nto-qnx6.5.0/4.6.3\libgcc.a(_lt_df.o)
                                 0x2c (size before relaxing)
 .eh_frame      0x480608a8       0x1c c:/program files/dspace rcphil 2016-a/compiler/qnx650_463/host/win32/x86/usr/bin/../lib/gcc/powerpc-unknown-nto-qnx6.5.0/4.6.3\libgcc.a(_le_df.o)
                                 0x2c (size before relaxing)
 .eh_frame      0x480608c4       0x1c c:/program files/dspace rcphil 2016-a/compiler/qnx650_463/host/win32/x86/usr/bin/../lib/gcc/powerpc-unknown-nto-qnx6.5.0/4.6.3\libgcc.a(_unord_df.o)
                                 0x2c (size before relaxing)
 .eh_frame      0x480608e0       0x20 c:/program files/dspace rcphil 2016-a/compiler/qnx650_463/host/win32/x86/usr/bin/../lib/gcc/powerpc-unknown-nto-qnx6.5.0/4.6.3\libgcc.a(_si_to_df.o)
                                 0x30 (size before relaxing)
 .eh_frame      0x48060900       0x24 c:/program files/dspace rcphil 2016-a/compiler/qnx650_463/host/win32/x86/usr/bin/../lib/gcc/powerpc-unknown-nto-qnx6.5.0/4.6.3\libgcc.a(_df_to_si.o)
                                 0x34 (size before relaxing)
 .eh_frame      0x48060924       0x1c c:/program files/dspace rcphil 2016-a/compiler/qnx650_463/host/win32/x86/usr/bin/../lib/gcc/powerpc-unknown-nto-qnx6.5.0/4.6.3\libgcc.a(_negate_df.o)
                                 0x2c (size before relaxing)
 .eh_frame      0x48060940       0x1c c:/program files/dspace rcphil 2016-a/compiler/qnx650_463/host/win32/x86/usr/bin/../lib/gcc/powerpc-unknown-nto-qnx6.5.0/4.6.3\libgcc.a(_make_df.o)
                                 0x2c (size before relaxing)
 .eh_frame      0x4806095c       0x1c c:/program files/dspace rcphil 2016-a/compiler/qnx650_463/host/win32/x86/usr/bin/../lib/gcc/powerpc-unknown-nto-qnx6.5.0/4.6.3\libgcc.a(_df_to_sf.o)
                                 0x2c (size before relaxing)
 .eh_frame      0x48060978       0x2c c:/program files/dspace rcphil 2016-a/compiler/qnx650_463/host/win32/x86/usr/bin/../lib/gcc/powerpc-unknown-nto-qnx6.5.0/4.6.3\libgcc.a(_usi_to_df.o)
                                 0x3c (size before relaxing)
 .eh_frame      0x480609a4       0x28 c:/program files/dspace rcphil 2016-a/compiler/qnx650_463/host/win32/x86/usr/bin/../lib/gcc/powerpc-unknown-nto-qnx6.5.0/4.6.3\libgcc.a(crtsavfpr.o)
 .eh_frame      0x480609cc       0x14 c:/program files/dspace rcphil 2016-a/compiler/qnx650_463/host/win32/x86/usr/bin/../lib/gcc/powerpc-unknown-nto-qnx6.5.0/4.6.3\libgcc.a(crtresfpr.o)
                                 0x28 (size before relaxing)
 .eh_frame      0x480609e0       0x14 c:/program files/dspace rcphil 2016-a/compiler/qnx650_463/host/win32/x86/usr/bin/../lib/gcc/powerpc-unknown-nto-qnx6.5.0/4.6.3\libgcc.a(crtsavgpr.o)
                                 0x28 (size before relaxing)
 .eh_frame      0x480609f4       0x14 c:/program files/dspace rcphil 2016-a/compiler/qnx650_463/host/win32/x86/usr/bin/../lib/gcc/powerpc-unknown-nto-qnx6.5.0/4.6.3\libgcc.a(crtresgpr.o)
                                 0x28 (size before relaxing)
 .eh_frame      0x48060a08       0x7c c:/program files/dspace rcphil 2016-a/compiler/qnx650_463/host/win32/x86/usr/bin/../lib/gcc/powerpc-unknown-nto-qnx6.5.0/4.6.3\libgcc.a(crtresxfpr.o)
 .eh_frame      0x48060a84       0x7c c:/program files/dspace rcphil 2016-a/compiler/qnx650_463/host/win32/x86/usr/bin/../lib/gcc/powerpc-unknown-nto-qnx6.5.0/4.6.3\libgcc.a(crtresxgpr.o)
 .eh_frame      0x48060b00      0x44c c:/program files/dspace rcphil 2016-a/compiler/qnx650_463/host/win32/x86/usr/bin/../lib/gcc/powerpc-unknown-nto-qnx6.5.0/4.6.3\libgcc.a(unwind-dw2.o)
                                0x45c (size before relaxing)
 .eh_frame      0x48060f4c      0x1a8 c:/program files/dspace rcphil 2016-a/compiler/qnx650_463/host/win32/x86/usr/bin/../lib/gcc/powerpc-unknown-nto-qnx6.5.0/4.6.3\libgcc.a(unwind-dw2-fde.o)
                                0x1b8 (size before relaxing)
 .eh_frame      0x480610f4       0x34 c:/program files/dspace rcphil 2016-a/compiler/qnx650_463/host/win32/x86/usr/bin/../lib/gcc/powerpc-unknown-nto-qnx6.5.0/4.6.3\libgcc.a(unwind-c.o)
                                 0x44 (size before relaxing)
 .eh_frame      0x48061128       0x20 c:/program files/dspace rcphil 2016-a/compiler/qnx650_463/host/win32/x86/usr/bin/../lib/gcc/powerpc-unknown-nto-qnx6.5.0/4.6.3\libgcc.a(emutls.o)
                                 0x30 (size before relaxing)
 .eh_frame      0x48061148        0x4 c:/program files/dspace rcphil 2016-a/compiler/qnx650_463/host/win32/x86/usr/bin/../lib/gcc/powerpc-unknown-nto-qnx6.5.0/4.6.3/crtend.o

.gcc_except_table
 *(.gcc_except_table .gcc_except_table.*)
                0x4806114c                . = (ALIGN (0x1000) - ((0x1000 - .) & 0xfff))
                0x4806214c                . = DATA_SEGMENT_ALIGN (0x1000, 0x1000)

.eh_frame
 *(.eh_frame)

.gcc_except_table
 *(.gcc_except_table .gcc_except_table.*)

.tdata
 *(.tdata .tdata.* .gnu.linkonce.td.*)

.tbss
 *(.tbss .tbss.* .gnu.linkonce.tb.*)
 *(.tcommon)

.preinit_array  0x4806214c        0x0
                0x4806214c                PROVIDE (__preinit_array_start, .)
 *(.preinit_array)
                0x4806214c                PROVIDE (__preinit_array_end, .)

.init_array     0x4806214c        0x0
                0x4806214c                PROVIDE (__init_array_start, .)
 *(SORT(.init_array.*))
 *(.init_array)
                0x4806214c                PROVIDE (__init_array_end, .)

.fini_array     0x4806214c        0x0
                0x4806214c                PROVIDE (__fini_array_start, .)
 *(.fini_array)
 *(SORT(.fini_array.*))
                0x4806214c                PROVIDE (__fini_array_end, .)

.ctors          0x4806214c        0x8
 *crtbegin.o(.ctors)
 .ctors         0x4806214c        0x4 c:/program files/dspace rcphil 2016-a/compiler/qnx650_463/host/win32/x86/usr/bin/../lib/gcc/powerpc-unknown-nto-qnx6.5.0/4.6.3/crtbegin.o
 *crtbegin?.o(.ctors)
 *(EXCLUDE_FILE(*crtend?.o *crtend.o) .ctors)
 *(SORT(.ctors.*))
 *(.ctors)
 .ctors         0x48062150        0x4 c:/program files/dspace rcphil 2016-a/compiler/qnx650_463/host/win32/x86/usr/bin/../lib/gcc/powerpc-unknown-nto-qnx6.5.0/4.6.3/crtend.o

.dtors          0x48062154        0x8
 *crtbegin.o(.dtors)
 .dtors         0x48062154        0x4 c:/program files/dspace rcphil 2016-a/compiler/qnx650_463/host/win32/x86/usr/bin/../lib/gcc/powerpc-unknown-nto-qnx6.5.0/4.6.3/crtbegin.o
 *crtbegin?.o(.dtors)
 *(EXCLUDE_FILE(*crtend?.o *crtend.o) .dtors)
 *(SORT(.dtors.*))
 *(.dtors)
 .dtors         0x48062158        0x4 c:/program files/dspace rcphil 2016-a/compiler/qnx650_463/host/win32/x86/usr/bin/../lib/gcc/powerpc-unknown-nto-qnx6.5.0/4.6.3/crtend.o
                0x48062158                __DTOR_END__

.jcr            0x4806215c        0x4
 *(.jcr)
 .jcr           0x4806215c        0x0 c:/program files/dspace rcphil 2016-a/compiler/qnx650_463/host/win32/x86/usr/bin/../lib/gcc/powerpc-unknown-nto-qnx6.5.0/4.6.3/crtbegin.o
 .jcr           0x4806215c        0x4 c:/program files/dspace rcphil 2016-a/compiler/qnx650_463/host/win32/x86/usr/bin/../lib/gcc/powerpc-unknown-nto-qnx6.5.0/4.6.3/crtend.o

.data.rel.ro