Archive member included because of file (symbol)

C:\Program Files\dSPACE RCPHIL 2016-A\DS1007\Lib\librtversion.a(RtVersion.o)
                              (--whole-archive)
C:\Program Files\dSPACE RCPHIL 2016-A\DS1007\Lib\librtglobals.a(DsEESPort.o)
                              (--whole-archive)
C:\Program Files\dSPACE RCPHIL 2016-A\DS1007\Lib\libm_fastpow.a(w_pow.o)
                              handTraj.o07 (pow)
C:\Program Files\dSPACE RCPHIL 2016-A\DS1007\Lib\libm_fastpow.a(e_pow.o)
                              C:\Program Files\dSPACE RCPHIL 2016-A\DS1007\Lib\libm_fastpow.a(w_pow.o) (__ieee754_pow)
C:\Program Files\dSPACE RCPHIL 2016-A\DS1007\Lib\libm_fastpow.a(s_scalbn.o)
                              C:\Program Files\dSPACE RCPHIL 2016-A\DS1007\Lib\libm_fastpow.a(e_pow.o) (scalbn)
c:/program files/dspace rcphil 2016-a/compiler/qnx650_463/host/win32/x86/usr/bin/../lib/gcc/powerpc-unknown-nto-qnx6.5.0/4.6.3\libgcc.a(_muldi3.o)
                              (--whole-archive)
c:/program files/dspace rcphil 2016-a/compiler/qnx650_463/host/win32/x86/usr/bin/../lib/gcc/powerpc-unknown-nto-qnx6.5.0/4.6.3\libgcc.a(_negdi2.o)
                              (--whole-archive)
c:/program files/dspace rcphil 2016-a/compiler/qnx650_463/host/win32/x86/usr/bin/../lib/gcc/powerpc-unknown-nto-qnx6.5.0/4.6.3\libgcc.a(_lshrdi3.o)
                              (--whole-archive)
c:/program files/dspace rcphil 2016-a/compiler/qnx650_463/host/win32/x86/usr/bin/../lib/gcc/powerpc-unknown-nto-qnx6.5.0/4.6.3\libgcc.a(_ashldi3.o)
                              (--whole-archive)
c:/program files/dspace rcphil 2016-a/compiler/qnx650_463/host/win32/x86/usr/bin/../lib/gcc/powerpc-unknown-nto-qnx6.5.0/4.6.3\libgcc.a(_ashrdi3.o)
                              (--whole-archive)
c:/program files/dspace rcphil 2016-a/compiler/qnx650_463/host/win32/x86/usr/bin/../lib/gcc/powerpc-unknown-nto-qnx6.5.0/4.6.3\libgcc.a(_cmpdi2.o)
                              (--whole-archive)
c:/program files/dspace rcphil 2016-a/compiler/qnx650_463/host/win32/x86/usr/bin/../lib/gcc/powerpc-unknown-nto-qnx6.5.0/4.6.3\libgcc.a(_ucmpdi2.o)
                              (--whole-archive)
c:/program files/dspace rcphil 2016-a/compiler/qnx650_463/host/win32/x86/usr/bin/../lib/gcc/powerpc-unknown-nto-qnx6.5.0/4.6.3\libgcc.a(_clear_cache.o)
                              (--whole-archive)
c:/program files/dspace rcphil 2016-a/compiler/qnx650_463/host/win32/x86/usr/bin/../lib/gcc/powerpc-unknown-nto-qnx6.5.0/4.6.3\libgcc.a(_enable_execute_stack.o)
                              (--whole-archive)
c:/program files/dspace rcphil 2016-a/compiler/qnx650_463/host/win32/x86/usr/bin/../lib/gcc/powerpc-unknown-nto-qnx6.5.0/4.6.3\libgcc.a(_trampoline.o)
                              (--whole-archive)
c:/program files/dspace rcphil 2016-a/compiler/qnx650_463/host/win32/x86/usr/bin/../lib/gcc/powerpc-unknown-nto-qnx6.5.0/4.6.3\libgcc.a(__main.o)
                              (--whole-archive)
c:/program files/dspace rcphil 2016-a/compiler/qnx650_463/host/win32/x86/usr/bin/../lib/gcc/powerpc-unknown-nto-qnx6.5.0/4.6.3\libgcc.a(_absvsi2.o)
                              (--whole-archive)
c:/program files/dspace rcphil 2016-a/compiler/qnx650_463/host/win32/x86/usr/bin/../lib/gcc/powerpc-unknown-nto-qnx6.5.0/4.6.3\libgcc.a(_absvdi2.o)
                              (--whole-archive)
c:/program files/dspace rcphil 2016-a/compiler/qnx650_463/host/win32/x86/usr/bin/../lib/gcc/powerpc-unknown-nto-qnx6.5.0/4.6.3\libgcc.a(_addvsi3.o)
                              (--whole-archive)
c:/program files/dspace rcphil 2016-a/compiler/qnx650_463/host/win32/x86/usr/bin/../lib/gcc/powerpc-unknown-nto-qnx6.5.0/4.6.3\libgcc.a(_addvdi3.o)
                              (--whole-archive)
c:/program files/dspace rcphil 2016-a/compiler/qnx650_463/host/win32/x86/usr/bin/../lib/gcc/powerpc-unknown-nto-qnx6.5.0/4.6.3\libgcc.a(_subvsi3.o)
                              (--whole-archive)
c:/program files/dspace rcphil 2016-a/compiler/qnx650_463/host/win32/x86/usr/bin/../lib/gcc/powerpc-unknown-nto-qnx6.5.0/4.6.3\libgcc.a(_subvdi3.o)
                              (--whole-archive)
c:/program files/dspace rcphil 2016-a/compiler/qnx650_463/host/win32/x86/usr/bin/../lib/gcc/powerpc-unknown-nto-qnx6.5.0/4.6.3\libgcc.a(_mulvsi3.o)
                              (--whole-archive)
c:/program files/dspace rcphil 2016-a/compiler/qnx650_463/host/win32/x86/usr/bin/../lib/gcc/powerpc-unknown-nto-qnx6.5.0/4.6.3\libgcc.a(_mulvdi3.o)
                              (--whole-archive)
c:/program files/dspace rcphil 2016-a/compiler/qnx650_463/host/win32/x86/usr/bin/../lib/gcc/powerpc-unknown-nto-qnx6.5.0/4.6.3\libgcc.a(_negvsi2.o)
                              (--whole-archive)
c:/program files/dspace rcphil 2016-a/compiler/qnx650_463/host/win32/x86/usr/bin/../lib/gcc/powerpc-unknown-nto-qnx6.5.0/4.6.3\libgcc.a(_negvdi2.o)
                              (--whole-archive)
[...]
Memory Configuration

Name             Origin             Length             Attributes
*default*        0x00000000         0xffffffff

Linker script and memory map

LOAD C:\Program Files\dSPACE RCPHIL 2016-A\Compiler\QNX650_463\target\qnx6/ppcbe/lib/crt1.o
LOAD C:\Program Files\dSPACE RCPHIL 2016-A\Compiler\QNX650_463\target\qnx6/ppcbe/lib/crti.o
LOAD c:/program files/dspace rcphil 2016-a/compiler/qnx650_463/host/win32/x86/usr/bin/../lib/gcc/powerpc-unknown-nto-qnx6.5.0/4.6.3/crtbegin.o
                0x00000000                _DSPACE_START = 0x0
                0x00000000                _DSPACE_START_ = 0x0
                0x000003ef                DS_TARGET_PLATFORM = 0x3ef
START GROUP
LOAD SystemFunc.o07
LOAD HandFunc.o07
LOAD WAMFunc.o07
LOAD AVSFunc.o07
LOAD HandApp.o07
LOAD WAMApp.o07
LOAD WAM2App.o07
LOAD AVSApp.o07
LOAD XYZstageApp.o07
LOAD LinkHomoMat.o07
LOAD vec3DRot.o07
LOAD vec3DInProduct.o07
LOAD pmatrix.o07
LOAD homoMat.o07
LOAD myMatrix.o07
LOAD Vector.o07
LOAD Kalman.o07
LOAD Predict3D.o07
LOAD throwJnt2armJnt.o07
LOAD storeData.o07
LOAD TaskSet.o07
LOAD handEnc2JntAng.o07
LOAD rtiethernetdecode.o07
LOAD handTraj.o07
LOAD handJntAngLimit.o07
LOAD handCtrl.o07
LOAD handJntTrq2DA.o07
LOAD handDALimit.o07
LOAD rtiethernetencode.o07
LOAD XYZstageTraj.o07
LOAD XYZstageAngLimit.o07
LOAD XYZstageEnc2JntAng.o07
LOAD XYZstageCtrl.o07
LOAD XYZstageTrq2DA.o07
LOAD XYZstageDALimit.o07
LOAD SystemSet.o07
LOAD base.o07
LOAD base_data.o07
LOAD base_trc_ptr.o07
LOAD rtGetInf.o07
LOAD rtGetNaN.o07
LOAD rt_i32zcfcn.o07
LOAD rt_matrx.o07
LOAD rt_nonfinite.o07
LOAD rt_printf.o07
LOAD rti_sim_engine.o07
LOAD rti_init_c.o07
LOAD rt_sim.o07
LOAD rti_assert.o07
LOAD C:\Program Files\dSPACE RCPHIL 2016-A\DS1007\Lib\librtcan.so
LOAD C:\Program Files\dSPACE RCPHIL 2016-A\DS1007\Lib\librteth.so
LOAD C:\Program Files\dSPACE RCPHIL 2016-A\DS1007\Lib\librtfr.so
LOAD C:\Program Files\dSPACE RCPHIL 2016-A\DS1007\Lib\librtlin.so
LOAD C:\Program Files\dSPACE RCPHIL 2016-A\DS1007\Lib\librtrpcu.so
LOAD C:\Program Files\dSPACE RCPHIL 2016-A\DS1007\Lib\librtser.so
LOAD C:\Program Files\dSPACE RCPHIL 2016-A\DS1007\Lib\librtj1939.so
LOAD C:\Program Files\dSPACE RCPHIL 2016-A\DS1007\Lib\librt2001.so
LOAD C:\Program Files\dSPACE RCPHIL 2016-A\DS1007\Lib\librt2002.so
LOAD C:\Program Files\dSPACE RCPHIL 2016-A\DS1007\Lib\librt2003.so
LOAD C:\Program Files\dSPACE RCPHIL 2016-A\DS1007\Lib\librt2004.so
LOAD C:\Program Files\dSPACE RCPHIL 2016-A\DS1007\Lib\librt2101.so
LOAD C:\Program Files\dSPACE RCPHIL 2016-A\DS1007\Lib\librt2102.so
LOAD C:\Program Files\dSPACE RCPHIL 2016-A\DS1007\Lib\librt2103.so
LOAD C:\Program Files\dSPACE RCPHIL 2016-A\DS1007\Lib\librt2201.so
LOAD C:\Program Files\dSPACE RCPHIL 2016-A\DS1007\Lib\librt22xx.so
LOAD C:\Program Files\dSPACE RCPHIL 2016-A\DS1007\Lib\librt2301.so
LOAD C:\Program Files\dSPACE RCPHIL 2016-A\DS1007\Lib\librt2302.so
LOAD C:\Program Files\dSPACE RCPHIL 2016-A\DS1007\Lib\librt2401.so
LOAD C:\Program Files\dSPACE RCPHIL 2016-A\DS1007\Lib\librt3001.so
LOAD C:\Program Files\dSPACE RCPHIL 2016-A\DS1007\Lib\librt3002.so
LOAD C:\Program Files\dSPACE RCPHIL 2016-A\DS1007\Lib\librt4001.so
LOAD C:\Program Files\dSPACE RCPHIL 2016-A\DS1007\Lib\librt4002.so
LOAD C:\Program Files\dSPACE RCPHIL 2016-A\DS1007\Lib\librt4003.so
LOAD C:\Program Files\dSPACE RCPHIL 2016-A\DS1007\Lib\librt4004.so
LOAD C:\Program Files\dSPACE RCPHIL 2016-A\DS1007\Lib\librt4101.so
LOAD C:\Program Files\dSPACE RCPHIL 2016-A\DS1007\Lib\librt4120.so
LOAD C:\Program Files\dSPACE RCPHIL 2016-A\DS1007\Lib\librt4121.so
LOAD C:\Program Files\dSPACE RCPHIL 2016-A\DS1007\Lib\librt4201.so
LOAD C:\Program Files\dSPACE RCPHIL 2016-A\DS1007\Lib\librt4201s.so
LOAD C:\Program Files\dSPACE RCPHIL 2016-A\DS1007\Lib\librt4301.so
LOAD C:\Program Files\dSPACE RCPHIL 2016-A\DS1007\Lib\librt4302.so
LOAD C:\Program Files\dSPACE RCPHIL 2016-A\DS1007\Lib\librt4330.so
LOAD C:\Program Files\dSPACE RCPHIL 2016-A\DS1007\Lib\librt4501.so
LOAD C:\Program Files\dSPACE RCPHIL 2016-A\DS1007\Lib\librt4505.so
LOAD C:\Program Files\dSPACE RCPHIL 2016-A\DS1007\Lib\librt5001.so
LOAD C:\Program Files\dSPACE RCPHIL 2016-A\DS1007\Lib\librt5101.so
LOAD C:\Program Files\dSPACE RCPHIL 2016-A\DS1007\Lib\librt5201.so
LOAD C:\Program Files\dSPACE RCPHIL 2016-A\DS1007\Lib\librt5202.so
LOAD C:\Program Files\dSPACE RCPHIL 2016-A\DS1007\Lib\librt5203.so
LOAD C:\Program Files\dSPACE RCPHIL 2016-A\DS1007\Lib\libDsRealTimeTestingRP.so
LOAD C:\Program Files\dSPACE RCPHIL 2016-A\DS1007\Lib\libDsXcpRP.so
LOAD C:\Program Files\dSPACE RCPHIL 2016-A\DS1007\Lib\libDsNvDataRP.so
LOAD C:\Program Files\dSPACE RCPHIL 2016-A\DS1007\Lib\libDsNVDataCommon.so
LOAD C:\Program Files\dSPACE RCPHIL 2016-A\DS1007\Lib\librt1007.so
LOAD C:\Program Files\dSPACE RCPHIL 2016-A\DS1007\Lib\librtversion.a
LOAD C:\Program Files\dSPACE RCPHIL 2016-A\DS1007\Lib\librtglobals.a
LOAD C:\Program Files\dSPACE RCPHIL 2016-A\DS1007\Lib\libm_fastpow.a
LOAD c:/program files/dspace rcphil 2016-a/compiler/qnx650_463/host/win32/x86/usr/bin/../lib/gcc/powerpc-unknown-nto-qnx6.5.0/4.6.3\libgcc.a
END GROUP
LOAD C:\Program Files\dSPACE RCPHIL 2016-A\Compiler\QNX650_463\target\qnx6/ppcbe/lib/gcc/4.6.3/libstdc++.so
LOAD C:\Program Files\dSPACE RCPHIL 2016-A\Compiler\QNX650_463\target\qnx6/ppcbe/lib/libm.so
LOAD c:/program files/dspace rcphil 2016-a/compiler/qnx650_463/host/win32/x86/usr/bin/../lib/gcc/powerpc-unknown-nto-qnx6.5.0/4.6.3/libgcc.a
LOAD C:\Program Files\dSPACE RCPHIL 2016-A\Compiler\QNX650_463\target\qnx6/ppcbe/lib/libc.so
LOAD C:\Program Files\dSPACE RCPHIL 2016-A\Compiler\QNX650_463\target\qnx6/ppcbe/lib\libc.a
LOAD c:/program files/dspace rcphil 2016-a/compiler/qnx650_463/host/win32/x86/usr/bin/../lib/gcc/powerpc-unknown-nto-qnx6.5.0/4.6.3/libgcc.a
LOAD c:/program files/dspace rcphil 2016-a/compiler/qnx650_463/host/win32/x86/usr/bin/../lib/gcc/powerpc-unknown-nto-qnx6.5.0/4.6.3/crtend.o
LOAD C:\Program Files\dSPACE RCPHIL 2016-A\Compiler\QNX650_463\target\qnx6/ppcbe/lib/crtn.o
                0x00000000                PROVIDE (__stack, 0x0)
                0x00000000                PROVIDE (___stack, 0x0)
                0x48040000                PROVIDE (__executable_start, 0x48040000)
                0x48040114                . = (0x48040000 + SIZEOF_HEADERS)

.interp         0x48040114       0x14
 *(.interp)
 .interp        0x48040114       0x14 C:\Program Files\dSPACE RCPHIL 2016-A\Compiler\QNX650_463\target\qnx6/ppcbe/lib/crt1.o

.note           0x48040130       0x18
 .note          0x48040130       0x18 C:\Program Files\dSPACE RCPHIL 2016-A\Compiler\QNX650_463\target\qnx6/ppcbe/lib/crtn.o

.note.gnu.build-id
 *(.note.gnu.build-id)

.hash           0x48040148      0x4c0
 *(.hash)
 .hash          0x48040148      0x4c0 C:\Program Files\dSPACE RCPHIL 2016-A\Compiler\QNX650_463\target\qnx6/ppcbe/lib/crt1.o

.gnu.hash
 *(.gnu.hash)

.dynsym         0x48040608      0xab0
 *(.dynsym)
 .dynsym        0x48040608      0xab0 C:\Program Files\dSPACE RCPHIL 2016-A\Compiler\QNX650_463\target\qnx6/ppcbe/lib/crt1.o

.dynstr         0x480410b8      0xd6a
 *(.dynstr)
 .dynstr        0x480410b8      0xd6a C:\Program Files\dSPACE RCPHIL 2016-A\Compiler\QNX650_463\target\qnx6/ppcbe/lib/crt1.o

.gnu.version    0x48041e22        0x0
 *(.gnu.version)
 .gnu.version   0x00000000        0x0 C:\Program Files\dSPACE RCPHIL 2016-A\Compiler\QNX650_463\target\qnx6/ppcbe/lib/crt1.o

.gnu.version_d  0x48041e24        0x0
 *(.gnu.version_d)
 .gnu.version_d
                0x00000000        0x0 C:\Program Files\dSPACE RCPHIL 2016-A\Compiler\QNX650_463\target\qnx6/ppcbe/lib/crt1.o

.gnu.version_r  0x48041e24        0x0
 *(.gnu.version_r)
 .gnu.version_r
                0x00000000        0x0 C:\Program Files\dSPACE RCPHIL 2016-A\Compiler\QNX650_463\target\qnx6/ppcbe/lib/crt1.o

.rel.dyn
 *(.rel.init)
 *(.rel.text .rel.text.* .rel.gnu.linkonce.t.*)
 *(.rel.fini)
 *(.rel.rodata .rel.rodata.* .rel.gnu.linkonce.r.*)
 *(.rel.data.rel.ro* .rel.gnu.linkonce.d.rel.ro.*)
 *(.rel.data .rel.data.* .rel.gnu.linkonce.d.*)
 *(.rel.tdata .rel.tdata.* .rel.gnu.linkonce.td.*)
 *(.rel.tbss .rel.tbss.* .rel.gnu.linkonce.tb.*)
 *(.rel.ctors)
 *(.rel.dtors)
 *(.rel.got)
 *(.rel.sdata .rel.sdata.* .rel.gnu.linkonce.s.*)
 *(.rel.sbss .rel.sbss.* .rel.gnu.linkonce.sb.*)
 *(.rel.sdata2 .rel.sdata2.* .rel.gnu.linkonce.s2.*)
 *(.rel.sbss2 .rel.sbss2.* .rel.gnu.linkonce.sb2.*)
 *(.rel.bss .rel.bss.* .rel.gnu.linkonce.b.*)

.rela.dyn       0x48041e24       0x78
 *(.rela.init)
 *(.rela.text .rela.text.* .rela.gnu.linkonce.t.*)
 .rela.text     0x00000000        0x0 C:\Program Files\dSPACE RCPHIL 2016-A\Compiler\QNX650_463\target\qnx6/ppcbe/lib/crt1.o
 .rela.text.startup
                0x00000000        0x0 C:\Program Files\dSPACE RCPHIL 2016-A\Compiler\QNX650_463\target\qnx6/ppcbe/lib/crt1.o
 *(.rela.fini)
 *(.rela.rodata .rela.rodata.* .rela.gnu.linkonce.r.*)
 .rela.rodata   0x00000000        0x0 C:\Program Files\dSPACE RCPHIL 2016-A\Compiler\QNX650_463\target\qnx6/ppcbe/lib/crt1.o
 *(.rela.data .rela.data.* .rela.gnu.linkonce.d.*)
 *(.rela.tdata .rela.tdata.* .rela.gnu.linkonce.td.*)
 *(.rela.tbss .rela.tbss.* .rela.gnu.linkonce.tb.*)
 *(.rela.ctors)
 *(.rela.dtors)
 *(.rela.got)
 .rela.got      0x48041e24       0x30 C:\Program Files\dSPACE RCPHIL 2016-A\Compiler\QNX650_463\target\qnx6/ppcbe/lib/crt1.o
 *(.rela.got1)
 *(.rela.got2)
 *(.rela.sdata .rela.sdata.* .rela.gnu.linkonce.s.*)
 *(.rela.sbss .rela.sbss.* .rela.gnu.linkonce.sb.*)
 .rela.sbss     0x00000000        0x0 C:\Program Files\dSPACE RCPHIL 2016-A\Compiler\QNX650_463\target\qnx6/ppcbe/lib/crt1.o
 *(.rela.sdata2 .rela.sdata2.* .rela.gnu.linkonce.s2.*)
 *(.rela.sbss2 .rela.sbss2.* .rela.gnu.linkonce.sb2.*)
 *(.rela.bss .rela.bss.* .rela.gnu.linkonce.b.*)
 .rela.bss      0x48041e54       0x48 C:\Program Files\dSPACE RCPHIL 2016-A\Compiler\QNX650_463\target\qnx6/ppcbe/lib/crt1.o
 .rela.iplt     0x00000000        0x0 C:\Program Files\dSPACE RCPHIL 2016-A\Compiler\QNX650_463\target\qnx6/ppcbe/lib/crt1.o

.rel.plt
 *(.rel.plt)

.rela.plt       0x48041e9c      0x510
 *(.rela.plt)
 .rela.plt      0x48041e9c      0x510 C:\Program Files\dSPACE RCPHIL 2016-A\Compiler\QNX650_463\target\qnx6/ppcbe/lib/crt1.o

.init           0x480423ac       0x24
 *(.init)
 .init          0x480423ac        0xc C:\Program Files\dSPACE RCPHIL 2016-A\Compiler\QNX650_463\target\qnx6/ppcbe/lib/crti.o
                0x480423ac                _init
 .init          0x480423b8        0x4 c:/program files/dspace rcphil 2016-a/compiler/qnx650_463/host/win32/x86/usr/bin/../lib/gcc/powerpc-unknown-nto-qnx6.5.0/4.6.3/crtbegin.o
 .init          0x480423bc        0x4 c:/program files/dspace rcphil 2016-a/compiler/qnx650_463/host/win32/x86/usr/bin/../lib/gcc/powerpc-unknown-nto-qnx6.5.0/4.6.3/crtend.o
 .init          0x480423c0       0x10 C:\Program Files\dSPACE RCPHIL 2016-A\Compiler\QNX650_463\target\qnx6/ppcbe/lib/crtn.o

.text           0x480423d0    0x1bf20
                0x480423d0                _btext = .
 *(.text .stub .text.* .gnu.linkonce.t.*)
 .text          0x480423d0      0x118 C:\Program Files\dSPACE RCPHIL 2016-A\Compiler\QNX650_463\target\qnx6/ppcbe/lib/crt1.o
                0x480423d0                _start
 .text          0x480424e8        0x0 C:\Program Files\dSPACE RCPHIL 2016-A\Compiler\QNX650_463\target\qnx6/ppcbe/lib/crti.o
 .text          0x480424e8      0x1b8 c:/program files/dspace rcphil 2016-a/compiler/qnx650_463/host/win32/x86/usr/bin/../lib/gcc/powerpc-unknown-nto-qnx6.5.0/4.6.3/crtbegin.o
 .text          0x480426a0      0x214 SystemFunc.o07
                0x480426a0                dspaceInit
                0x480427f0                dspaceServoOn
                0x48042800                dspaceServoOff
                0x48042810                dspaceSetDAZero
 *fill*         0x480428b4        0xc 00000000
 .text          0x480428c0      0x950 HandFunc.o07
                0x480428c0                handSetOrigin
                0x48042920                handSetLinkPara
                0x48042b60                handSetOffsetLinkPara
                0x48042e70                handInit
                0x48042f30                handKineLinkVar
 .text          0x48043210      0x710 WAMFunc.o07
                0x48043210                wamSetOrigin
                0x48043270                wamSetLinkPara
                0x48043430                wamSetOffsetLinkPara
                0x48043520                wamInit
                0x480435d0                wamAng2VelAccJer
                0x48043670                wamPos2Vel
                0x480436b0                wamKineLinkVar
                0x48043830                wamKineJntEffVar
                0x480438a0                wamJntAng2MotorAng
 .text          0x48043920      0x258 AVSFunc.o07
                0x48043920                avsEncToJntAng
                0x48043a10                avsInit
                0x48043a40                avsCheckInitEnc
                0x48043b70                avsServoOff
 *fill*         0x48043b78        0x8 00000000
 .text          0x48043b80     0x1f38 HandApp.o07
                0x48043b80                invKine
                0x48043e70                UturnKine
                0x48044510                Xturn2
                0x48044930                Yturn2
                0x480452d0                Yturn
                0x480454a0                execFromString
                0x480456f0                trajGeneLine
                0x48045710                handWaveGeneSin
                0x48045780                handTrajApp
                0x48045a70                handAppSet
 *fill*         0x48045ab8        0x8 00000000
 .text          0x48045ac0      0x214 WAMApp.o07
                0x48045ac0                least_square
                0x48045c40                wamTrajApp
                0x48045c70                wamAppSet
 *fill*         0x48045cd4        0xc 00000000
 .text          0x48045ce0      0x574 WAM2App.o07
                0x48045ce0                wamTra5th
                0x48045d70                waveGeneSin
                0x48045de0                waveGeneExp
                0x48045f40                wam2TrajApp
                0x480461f0                wam2AppSet
 *fill*         0x48046254        0xc 00000000
 .text          0x48046260      0x130 AVSApp.o07
                0x48046260                avsTrajApp
                0x48046330                avsVisualTrajApp
                0x48046360                avsAppSet
 .text          0x48046390      0x124 XYZstageApp.o07
                0x48046390                xyzTrajApp
                0x48046490                xyzAppSet
 *fill*         0x480464b4        0xc 00000000
 .text          0x480464c0      0x15c LinkHomoMat.o07
                0x480464c0                linkHomoMat
                0x480465c0                linkHomoMatCS
 *fill*         0x4804661c        0x4 00000000
 .text          0x48046620       0x6c vec3DRot.o07
                0x48046620                vec3DRot
 *fill*         0x4804668c        0x4 00000000
 .text          0x48046690       0x28 vec3DInProduct.o07
                0x48046690                vec3DInProduct
 *fill*         0x480466b8        0x8 00000000
 .text          0x480466c0      0x5e4 pmatrix.o07
                0x480466c0                pmatPrint
                0x480467b0                pmatCopy
                0x48046810                pmatCompare
                0x48046890                pmatUnit
                0x48046910                pmatAdd
                0x48046980                pmatSub
                0x480469f0                pmatMul
                0x48046b60                pmatTrans
                0x48046c70                pmatTrace
 *fill*         0x48046ca4        0xc 00000000
 .text          0x48046cb0      0x480 homoMat.o07
                0x48046cb0                homoMatPrint
                0x48046db0                homoMatCopy
                0x48046df0                homoMatFile
                0x48046f00                homoMatMul
                0x480470a0                homoMatInv
 .text          0x48047130      0x58c myMatrix.o07
                0x48047130                dmatInit
                0x48047280                dmatZeros
                0x48047320                dmatFree
                0x480473a0                dmatCopy
                0x48047450                fmatInit
                0x480475a0                fmatZeros
                0x48047640                fmatFree
 *fill*         0x480476bc        0x4 00000000
 .text          0x480476c0      0x304 Vector.o07
                0x480476c0                dvecInit
                0x48047760                dvecZeros
                0x480477d0                dvecCopy
                0x48047800                dvecFree
                0x48047830                fvecInit
                0x480478d0                fvecFree
                0x48047900                ivecInit
                0x480479a0                ivecFree
 *fill*         0x480479c4        0xc 00000000
 .text          0x480479d0      0xb68 Kalman.o07
                0x480479d0                mat2UD
                0x48047bf0                UD2mat
                0x48047e00                kalmanObservUpdateUD
                0x48048140                kalmanTimeUpdateUD
 *fill*         0x48048538        0x8 00000000
 .text          0x48048540      0x7f4 Predict3D.o07
                0x48048540                predict3D_init
                0x48048710                predict3D_start
                0x480487d0                predict3D
                0x480489e0                predict3D_calc
                0x48048a80                predict_trajectory
                0x48048c10                predict3D_exit
                0x48048d00                predict3D_get
 *fill*         0x48048d34        0xc 00000000
 .text          0x48048d40     0x16dc throwJnt2armJnt.o07
                0x48048d40                throwModelJnt2armJnt
                0x48049470                battingModelJnt2armJnt
                0x48049cc0                armJnt2battingModelJnt
 *fill*         0x4804a41c        0x4 00000000
 .text          0x4804a420       0x7c storeData.o07
                0x4804a420                storeInDATA
 *fill*         0x4804a49c        0x4 00000000
 .text          0x4804a4a0      0x180 TaskSet.o07
                0x4804a5e0                TaskSet
 .text          0x4804a620      0x1d4 handEnc2JntAng.o07
                0x4804a7c0                handEnc2JntAng
 *fill*         0x4804a7f4        0xc 00000000
 .text          0x4804a800     0x1000 rtiethernetdecode.o07
                0x4804b7c0                rtiethernetdecode
 .text          0x4804b800      0x830 handTraj.o07
                0x4804b970                handTrajStart
                0x4804bb00                handTrajEnd
                0x4804bff0                handTraj
 .text          0x4804c030      0x1e4 handJntAngLimit.o07
                0x4804c1e0                handJntAngLimit
 *fill*         0x4804c214        0xc 00000000
 .text          0x4804c220      0x420 handCtrl.o07
                0x4804c310                handCtrlPD
                0x4804c600                handCtrl
 .text          0x4804c640      0x104 handJntTrq2DA.o07
                0x4804c710                handJntTrq2DA
 *fill*         0x4804c744        0xc 00000000
 .text          0x4804c750      0x174 handDALimit.o07
                0x4804c890                handDALimit
 *fill*         0x4804c8c4        0xc 00000000
 .text          0x4804c8d0      0xfb0 rtiethernetencode.o07
                0x4804d840                rtiethernetencode
 .text          0x4804d880      0x650 XYZstageTraj.o07
                0x4804d9a0                xyzTrajStart
                0x4804db30                xyzTrajEnd
                0x4804de90                XYZstageTraj
 .text          0x4804ded0      0x194 XYZstageAngLimit.o07
                0x4804e030                XYZstageAngLimit
 *fill*         0x4804e064        0xc 00000000
 .text          0x4804e070      0x174 XYZstageEnc2JntAng.o07
                0x4804e1b0                XYZstageEnc2JntAng
 *fill*         0x4804e1e4        0xc 00000000
 .text          0x4804e1f0      0x230 XYZstageCtrl.o07
                0x4804e2c0                xyzCtrlPD
                0x4804e3e0                XYZstageCtrl
 .text          0x4804e420      0x104 XYZstageTrq2DA.o07
                0x4804e4f0                XYZstageTrq2DA
 *fill*         0x4804e524        0xc 00000000
 .text          0x4804e530      0x1c0 XYZstageDALimit.o07
                0x4804e6b0                XYZstageDALimit
 .text          0x4804e6f0      0x200 SystemSet.o07
                0x4804e8b0                SystemSet
 .text          0x4804e8f0     0x2c4c base.o07
                0x4804e8f0                MdlOutputs
                0x4804ed50                MdlUpdate
                0x4804edd0                MdlInitializeSizes
                0x4804ede0                MdlInitializeSampleTimes
                0x4804edf0                MdlInitialize
                0x4804ee00                MdlStart
                0x4804f0f0                MdlTerminate
                0x4804f270                base
 .text          0x4805153c        0x0 base_data.o07
 *fill*         0x4805153c        0x4 00000000
 .text          0x48051540       0xf0 base_trc_ptr.o07
                0x48051600                base_rti_init_trc_pointers
 .text          0x48051630       0x5c rtGetInf.o07
                0x48051630                rtGetInf
                0x48051650                rtGetInfF
                0x48051660                rtGetMinusInf
                0x48051680                rtGetMinusInfF
 *fill*         0x4805168c        0x4 00000000
 .text          0x48051690       0x4c rtGetNaN.o07
                0x48051690                rtGetNaN
                0x480516c0                rtGetNaNF
 *fill*         0x480516dc        0x4 00000000
 .text          0x480516e0       0xdc rt_i32zcfcn.o07
                0x480516e0                rt_I32ZCFcn
 *fill*         0x480517bc        0x4 00000000
 .text          0x480517c0      0x65c rt_matrx.o07
                0x480517c0                rt_mxCreateCharMatrixFromStrings
                0x480519b0                rt_mxCreateString
                0x48051a80                rt_mxCreateDoubleMatrix
                0x48051b20                rt_mxCreateNumericArray
                0x48051b50                rt_mxDuplicateArray
                0x48051c40                rt_mxGetDimensions
                0x48051d00                rt_mxGetEps
                0x48051d10                rt_mxGetString
 *fill*         0x48051e1c        0x4 00000000
 .text          0x48051e20       0xf4 rt_nonfinite.o07
                0x48051e20                rt_InitInfAndNaN
                0x48051e80                rtIsInf
                0x48051eb0                rtIsInfF
                0x48051ee0                rtIsNaN
                0x48051f00                rtIsNaNF
 *fill*         0x48051f14        0xc 00000000
 .text          0x48051f20       0xc8 rt_printf.o07
                0x48051f20                rtPrintfNoOp
 *fill*         0x48051fe8        0x8 00000000
 .text          0x48051ff0      0x524 rti_sim_engine.o07
                0x480524a0                rtk_idle_function
                0x480524b0                rti_th_timertask1_trigger_source
                0x48052500                initConditions
                0x48052510                initVariables
 *fill*         0x48052514        0xc 00000000
 .text.startup  0x48052520      0x694 rti_sim_engine.o07
                0x48052520                main
 *fill*         0x48052bb4        0xc 00000000
 .text          0x48052bc0       0x40 rti_init_c.o07
                0x48052bc0                rti_init
 .text          0x48052c00       0x34 rt_sim.o07
                0x48052c00                rt_SimInitTimingEngine
                0x48052c20                rt_SimGetNextSampleHit
                0x48052c30                rt_SimUpdateDiscreteTaskSampleHits
 *fill*         0x48052c34        0xc 00000000
 .text          0x48052c40      0x124 rti_assert.o07
                0x48052c40                rti_assertion_handler
                0x48052cf0                rti_assertion_mode_msg
 .text          0x48052d64        0x0 C:\Program Files\dSPACE RCPHIL 2016-A\DS1007\Lib\librtversion.a(RtVersion.o)
 *fill*         0x48052d64        0xc 00000000
 .text          0x48052d70        0x4 C:\Program Files\dSPACE RCPHIL 2016-A\DS1007\Lib\librtglobals.a(DsEESPort.o)
                0x48052d70                DsEesPort_init()
 .text          0x48052d74       0x20 C:\Program Files\dSPACE RCPHIL 2016-A\DS1007\Lib\libm_fastpow.a(w_pow.o)
                0x48052d74                pow
 .text          0x48052d94      0x85c C:\Program Files\dSPACE RCPHIL 2016-A\DS1007\Lib\libm_fastpow.a(e_pow.o)
                0x48052d94                __ieee754_pow
 .text          0x480535f0      0x188 C:\Program Files\dSPACE RCPHIL 2016-A\DS1007\Lib\libm_fastpow.a(s_scalbn.o)
                0x480535f0                scalbn
 .text          0x48053778       0x1c c:/program files/dspace rcphil 2016-a/compiler/qnx650_463/host/win32/x86/usr/bin/../lib/gcc/powerpc-unknown-nto-qnx6.5.0/4.6.3\libgcc.a(_muldi3.o)
                0x48053778                __muldi3
 .text          0x48053794       0x20 c:/program files/dspace rcphil 2016-a/compiler/qnx650_463/host/win32/x86/usr/bin/../lib/gcc/powerpc-unknown-nto-qnx6.5.0/4.6.3\libgcc.a(_negdi2.o)
                0x48053794                __negdi2
 .text          0x480537b4       0x40 c:/program files/dspace rcphil 2016-a/compiler/qnx650_463/host/win32/x86/usr/bin/../lib/gcc/powerpc-unknown-nto-qnx6.5.0/4.6.3\libgcc.a(_lshrdi3.o)
                0x480537b4                __lshrdi3
 .text          0x480537f4       0x40 c:/program files/dspace rcphil 2016-a/compiler/qnx650_463/host/win32/x86/usr/bin/../lib/gcc/powerpc-unknown-nto-qnx6.5.0/4.6.3\libgcc.a(_ashldi3.o)
                0x480537f4                __ashldi3
 .text          0x48053834       0x40 c:/program files/dspace rcphil 2016-a/compiler/qnx650_463/host/win32/x86/usr/bin/../lib/gcc/powerpc-unknown-nto-qnx6.5.0/4.6.3\libgcc.a(_ashrdi3.o)
                0x48053834                __ashrdi3
 .text          0x48053874       0x2c c:/program files/dspace rcphil 2016-a/compiler/qnx650_463/host/win32/x86/usr/bin/../lib/gcc/powerpc-unknown-nto-qnx6.5.0/4.6.3\libgcc.a(_cmpdi2.o)
                0x48053874                __cmpdi2
 .text          0x480538a0       0x2c c:/program files/dspace rcphil 2016-a/compiler/qnx650_463/host/win32/x86/usr/bin/../lib/gcc/powerpc-unknown-nto-qnx6.5.0/4.6.3\libgcc.a(_ucmpdi2.o)
                0x480538a0                __ucmpdi2
 .text          0x480538cc        0x4 c:/program files/dspace rcphil 2016-a/compiler/qnx650_463/host/win32/x86/usr/bin/../lib/gcc/powerpc-unknown-nto-qnx6.5.0/4.6.3\libgcc.a(_clear_cache.o)
                0x480538cc                __clear_cache
 .text          0x480538d0        0x4 c:/program files/dspace rcphil 2016-a/compiler/qnx650_463/host/win32/x86/usr/bin/../lib/gcc/powerpc-unknown-nto-qnx6.5.0/4.6.3\libgcc.a(_enable_execute_stack.o)
                0x480538d0                __enable_execute_stack
 .text          0x480538d4        0x0 c:/program files/dspace rcphil 2016-a/compiler/qnx650_463/host/win32/x86/usr/bin/../lib/gcc/powerpc-unknown-nto-qnx6.5.0/4.6.3\libgcc.a(_trampoline.o)
 .text          0x480538d4        0x0 c:/program files/dspace rcphil 2016-a/compiler/qnx650_463/host/win32/x86/usr/bin/../lib/gcc/powerpc-unknown-nto-qnx6.5.0/4.6.3\libgcc.a(__main.o)
 .text          0x480538d4       0x38 c:/program files/dspace rcphil 2016-a/compiler/qnx650_463/host/win32/x86/usr/bin/../lib/gcc/powerpc-unknown-nto-qnx6.5.0/4.6.3\libgcc.a(_absvsi2.o)
                0x480538d4                __absvsi2
 .text          0x4805390c       0x38 c:/program files/dspace rcphil 2016-a/compiler/qnx650_463/host/win32/x86/usr/bin/../lib/gcc/powerpc-unknown-nto-qnx6.5.0/4.6.3\libgcc.a(_absvdi2.o)
                0x4805390c                __absvdi2
 .text          0x48053944       0x54 c:/program files/dspace rcphil 2016-a/compiler/qnx650_463/host/win32/x86/usr/bin/../lib/gcc/powerpc-unknown-nto-qnx6.5.0/4.6.3\libgcc.a(_addvsi3.o)
                0x48053944                __addvsi3
 .text          0x48053998       0x68 c:/program files/dspace rcphil 2016-a/compiler/qnx650_463/host/win32/x86/usr/bin/../lib/gcc/powerpc-unknown-nto-qnx6.5.0/4.6.3\libgcc.a(_addvdi3.o)
                0x48053998                __addvdi3
 .text          0x48053a00       0x54 c:/program files/dspace rcphil 2016-a/compiler/qnx650_463/host/win32/x86/usr/bin/../lib/gcc/powerpc-unknown-nto-qnx6.5.0/4.6.3\libgcc.a(_subvsi3.o)
                0x48053a00                __subvsi3
 .text          0x48053a54       0x68 c:/program files/dspace rcphil 2016-a/compiler/qnx650_463/host/win32/x86/usr/bin/../lib/gcc/powerpc-unknown-nto-qnx6.5.0/4.6.3\libgcc.a(_subvdi3.o)
                0x48053a54                __subvdi3
 .text          0x48053abc       0x38 c:/program files/dspace rcphil 2016-a/compiler/qnx650_463/host/win32/x86/usr/bin/../lib/gcc/powerpc-unknown-nto-qnx6.5.0/4.6.3\libgcc.a(_mulvsi3.o)
                0x48053abc                __mulvsi3
 .text          0x48053af4      0x1d0 c:/program files/dspace rcphil 2016-a/compiler/qnx650_463/host/win32/x86/usr/bin/../lib/gcc/powerpc-unknown-nto-qnx6.5.0/4.6.3\libgcc.a(_mulvdi3.o)
                0x48053af4                __mulvdi3
 .text          0x48053cc4       0x44 c:/program files/dspace rcphil 2016-a/compiler/qnx650_463/host/win32/x86/usr/bin/../lib/gcc/powerpc-unknown-nto-qnx6.5.0/4.6.3\libgcc.a(_negvsi2.o)
                0x48053cc4                __negvsi2
 .text          0x48053d08       0x58 c:/program files/dspace rcphil 2016-a/compiler/qnx650_463/host/win32/x86/usr/bin/../lib/gcc/powerpc-unknown-nto-qnx6.5.0/4.6.3\libgcc.a(_negvdi2.o)
                0x48053d08                __negvdi2
 .text          0x48053d60        0x0 c:/program files/dspace rcphil 2016-a/compiler/qnx650_463/host/win32/x86/usr/bin/../lib/gcc/powerpc-unknown-nto-qnx6.5.0/4.6.3\libgcc.a(_ctors.o)
 .text          0x48053d60       0x20 c:/program files/dspace rcphil 2016-a/compiler/qnx650_463/host/win32/x86/usr/bin/../lib/gcc/powerpc-unknown-nto-qnx6.5.0/4.6.3\libgcc.a(_ffssi2.o)
                0x48053d60                __ffssi2
 .text          0x48053d80       0x4c c:/program files/dspace rcphil 2016-a/compiler/qnx650_463/host/win32/x86/usr/bin/../lib/gcc/powerpc-unknown-nto-qnx6.5.0/4.6.3\libgcc.a(_ffsdi2.o)
                0x48053d80                __ffsdi2
 .text          0x48053dcc        0x0 c:/program files/dspace rcphil 2016-a/compiler/qnx650_463/host/win32/x86/usr/bin/../lib/gcc/powerpc-unknown-nto-qnx6.5.0/4.6.3\libgcc.a(_clz.o)
 .text          0x48053dcc        0x8 c:/program files/dspace rcphil 2016-a/compiler/qnx650_463/host/win32/x86/usr/bin/../lib/gcc/powerpc-unknown-nto-qnx6.5.0/4.6.3\libgcc.a(_clzsi2.o)
                0x48053dcc                __clzsi2
 .text          0x48053dd4       0x20 c:/program files/dspace rcphil 2016-a/compiler/qnx650_463/host/win32/x86/usr/bin/../lib/gcc/powerpc-unknown-nto-qnx6.5.0/4.6.3\libgcc.a(_clzdi2.o)
                0x48053dd4                __clzdi2
 .text          0x48053df4       0x14 c:/program files/dspace rcphil 2016-a/compiler/qnx650_463/host/win32/x86/usr/bin/../lib/gcc/powerpc-unknown-nto-qnx6.5.0/4.6.3\libgcc.a(_ctzsi2.o)
                0x48053df4                __ctzsi2
 .text          0x48053e08       0x2c c:/program files/dspace rcphil 2016-a/compiler/qnx650_463/host/win32/x86/usr/bin/../lib/gcc/powerpc-unknown-nto-qnx6.5.0/4.6.3\libgcc.a(_ctzdi2.o)
                0x48053e08                __ctzdi2
 .text          0x48053e34        0x0 c:/program files/dspace rcphil 2016-a/compiler/qnx650_463/host/win32/x86/usr/bin/../lib/gcc/powerpc-unknown-nto-qnx6.5.0/4.6.3\libgcc.a(_popcount_tab.o)
 .text          0x48053e34       0x38 c:/program files/dspace rcphil 2016-a/compiler/qnx650_463/host/win32/x86/usr/bin/../lib/gcc/powerpc-unknown-nto-qnx6.5.0/4.6.3\libgcc.a(_popcountsi2.o)
                0x48053e34                __popcountsi2
 .text          0x48053e6c       0x6c c:/program files/dspace rcphil 2016-a/compiler/qnx650_463/host/win32/x86/usr/bin/../lib/gcc/powerpc-unknown-nto-qnx6.5.0/4.6.3\libgcc.a(_popcountdi2.o)
                0x48053e6c                __popcountdi2
 .text          0x48053ed8       0x2c c:/program files/dspace rcphil 2016-a/compiler/qnx650_463/host/win32/x86/usr/bin/../lib/gcc/powerpc-unknown-nto-qnx6.5.0/4.6.3\libgcc.a(_paritysi2.o)
                0x48053ed8                __paritysi2
 .text          0x48053f04       0x30 c:/program files/dspace rcphil 2016-a/compiler/qnx650_463/host/win32/x86/usr/bin/../lib/gcc/powerpc-unknown-nto-qnx6.5.0/4.6.3\libgcc.a(_paritydi2.o)
                0x48053f04                __paritydi2
 .text          0x48053f34       0x64 c:/program files/dspace rcphil 2016-a/compiler/qnx650_463/host/win32/x86/usr/bin/../lib/gcc/powerpc-unknown-nto-qnx6.5.0/4.6.3\libgcc.a(_powisf2.o)
                0x48053f34                __powisf2
 .text          0x48053f98       0x64 c:/program files/dspace rcphil 2016-a/compiler/qnx650_463/host/win32/x86/usr/bin/../lib/gcc/powerpc-unknown-nto-qnx6.5.0/4.6.3\libgcc.a(_powidf2.o)
                0x48053f98                __powidf2
 .text          0x48053ffc        0x0 c:/program files/dspace rcphil 2016-a/compiler/qnx650_463/host/win32/x86/usr/bin/../lib/gcc/powerpc-unknown-nto-qnx6.5.0/4.6.3\libgcc.a(_powixf2.o)
 .text          0x48053ffc        0x0 c:/program files/dspace rcphil 2016-a/compiler/qnx650_463/host/win32/x86/usr/bin/../lib/gcc/powerpc-unknown-nto-qnx6.5.0/4.6.3\libgcc.a(_powitf2.o)
 .text          0x48053ffc      0x3bc c:/program files/dspace rcphil 2016-a/compiler/qnx650_463/host/win32/x86/usr/bin/../lib/gcc/powerpc-unknown-nto-qnx6.5.0/4.6.3\libgcc.a(_mulsc3.o)
                0x48053ffc                __mulsc3
 .text          0x480543b8      0x3ec c:/program files/dspace rcphil 2016-a/compiler/qnx650_463/host/win32/x86/usr/bin/../lib/gcc/powerpc-unknown-nto-qnx6.5.0/4.6.3\libgcc.a(_muldc3.o)
                0x480543b8                __muldc3
 .text          0x480547a4        0x0 c:/program files/dspace rcphil 2016-a/compiler/qnx650_463/host/win32/x86/usr/bin/../lib/gcc/powerpc-unknown-nto-qnx6.5.0/4.6.3\libgcc.a(_mulxc3.o)
 .text          0x480547a4        0x0 c:/program files/dspace rcphil 2016-a/compiler/qnx650_463/host/win32/x86/usr/bin/../lib/gcc/powerpc-unknown-nto-qnx6.5.0/4.6.3\libgcc.a(_multc3.o)
 .text          0x480547a4      0x304 c:/program files/dspace rcphil 2016-a/compiler/qnx650_463/host/win32/x86/usr/bin/../lib/gcc/powerpc-unknown-nto-qnx6.5.0/4.6.3\libgcc.a(_divsc3.o)
                0x480547a4                __divsc3
 .text          0x48054aa8      0x2fc c:/program files/dspace rcphil 2016-a/compiler/qnx650_463/host/win32/x86/usr/bin/../lib/gcc/powerpc-unknown-nto-qnx6.5.0/4.6.3\libgcc.a(_divdc3.o)
                0x48054aa8                __divdc3
 .text          0x48054da4        0x0 c:/program files/dspace rcphil 2016-a/compiler/qnx650_463/host/win32/x86/usr/bin/../lib/gcc/powerpc-unknown-nto-qnx6.5.0/4.6.3\libgcc.a(_divxc3.o)
 .text          0x48054da4        0x0 c:/program files/dspace rcphil 2016-a/compiler/qnx650_463/host/win32/x86/usr/bin/../lib/gcc/powerpc-unknown-nto-qnx6.5.0/4.6.3\libgcc.a(_divtc3.o)
 .text          0x48054da4       0x14 c:/program files/dspace rcphil 2016-a/compiler/qnx650_463/host/win32/x86/usr/bin/../lib/gcc/powerpc-unknown-nto-qnx6.5.0/4.6.3\libgcc.a(_bswapsi2.o)
                0x48054da4                __bswapsi2
 .text          0x48054db8       0x24 c:/program files/dspace rcphil 2016-a/compiler/qnx650_463/host/win32/x86/usr/bin/../lib/gcc/powerpc-unknown-nto-qnx6.5.0/4.6.3\libgcc.a(_bswapdi2.o)
                0x48054db8                __bswapdi2
 .text          0x48054ddc       0x48 c:/program files/dspace rcphil 2016-a/compiler/qnx650_463/host/win32/x86/usr/bin/../lib/gcc/powerpc-unknown-nto-qnx6.5.0/4.6.3\libgcc.a(_fixunssfsi.o)
                0x48054ddc                __fixunssfsi
 .text          0x48054e24       0x48 c:/program files/dspace rcphil 2016-a/compiler/qnx650_463/host/win32/x86/usr/bin/../lib/gcc/powerpc-unknown-nto-qnx6.5.0/4.6.3\libgcc.a(_fixunsdfsi.o)
                0x48054e24                __fixunsdfsi
 .text          0x48054e6c        0x0 c:/program files/dspace rcphil 2016-a/compiler/qnx650_463/host/win32/x86/usr/bin/../lib/gcc/powerpc-unknown-nto-qnx6.5.0/4.6.3\libgcc.a(_fixunsxfsi.o)
 .text          0x48054e6c       0x68 c:/program files/dspace rcphil 2016-a/compiler/qnx650_463/host/win32/x86/usr/bin/../lib/gcc/powerpc-unknown-nto-qnx6.5.0/4.6.3\libgcc.a(_fixsfdi.o)
                0x48054e6c                __fixsfdi
 .text          0x48054ed4       0x68 c:/program files/dspace rcphil 2016-a/compiler/qnx650_463/host/win32/x86/usr/bin/../lib/gcc/powerpc-unknown-nto-qnx6.5.0/4.6.3\libgcc.a(_fixdfdi.o)
                0x48054ed4                __fixdfdi
 .text          0x48054f3c        0x0 c:/program files/dspace rcphil 2016-a/compiler/qnx650_463/host/win32/x86/usr/bin/../lib/gcc/powerpc-unknown-nto-qnx6.5.0/4.6.3\libgcc.a(_fixxfdi.o)
 .text          0x48054f3c        0x0 c:/program files/dspace rcphil 2016-a/compiler/qnx650_463/host/win32/x86/usr/bin/../lib/gcc/powerpc-unknown-nto-qnx6.5.0/4.6.3\libgcc.a(_fixtfdi.o)
 .text          0x48054f3c       0xf0 c:/program files/dspace rcphil 2016-a/compiler/qnx650_463/host/win32/x86/usr/bin/../lib/gcc/powerpc-unknown-nto-qnx6.5.0/4.6.3\libgcc.a(_fixunssfdi.o)
                0x48054f3c                __fixunssfdi
 .text          0x4805502c       0xec c:/program files/dspace rcphil 2016-a/compiler/qnx650_463/host/win32/x86/usr/bin/../lib/gcc/powerpc-unknown-nto-qnx6.5.0/4.6.3\libgcc.a(_fixunsdfdi.o)
                0x4805502c                __fixunsdfdi
 .text          0x48055118        0x0 c:/program files/dspace rcphil 2016-a/compiler/qnx650_463/host/win32/x86/usr/bin/../lib/gcc/powerpc-unknown-nto-qnx6.5.0/4.6.3\libgcc.a(_fixunsxfdi.o)
 .text          0x48055118        0x0 c:/program files/dspace rcphil 2016-a/compiler/qnx650_463/host/win32/x86/usr/bin/../lib/gcc/powerpc-unknown-nto-qnx6.5.0/4.6.3\libgcc.a(_fixunstfdi.o)
 .text          0x48055118       0xac c:/program files/dspace rcphil 2016-a/compiler/qnx650_463/host/win32/x86/usr/bin/../lib/gcc/powerpc-unknown-nto-qnx6.5.0/4.6.3\libgcc.a(_floatdisf.o)
                0x48055118                __floatdisf
 .text          0x480551c4       0x50 c:/program files/dspace rcphil 2016-a/compiler/qnx650_463/host/win32/x86/usr/bin/../lib/gcc/powerpc-unknown-nto-qnx6.5.0/4.6.3\libgcc.a(_floatdidf.o)
                0x480551c4                __floatdidf
 .text          0x48055214        0x0 c:/program files/dspace rcphil 2016-a/compiler/qnx650_463/host/win32/x86/usr/bin/../lib/gcc/powerpc-unknown-nto-qnx6.5.0/4.6.3\libgcc.a(_floatdixf.o)
 .text          0x48055214        0x0 c:/program files/dspace rcphil 2016-a/compiler/qnx650_463/host/win32/x86/usr/bin/../lib/gcc/powerpc-unknown-nto-qnx6.5.0/4.6.3\libgcc.a(_floatditf.o)
 .text          0x48055214       0x68 c:/program files/dspace rcphil 2016-a/compiler/qnx650_463/host/win32/x86/usr/bin/../lib/gcc/powerpc-unknown-nto-qnx6.5.0/4.6.3\libgcc.a(_floatundisf.o)
                0x48055214                __floatundisf
 .text          0x4805527c       0x44 c:/program files/dspace rcphil 2016-a/compiler/qnx650_463/host/win32/x86/usr/bin/../lib/gcc/powerpc-unknown-nto-qnx6.5.0/4.6.3\libgcc.a(_floatundidf.o)
                0x4805527c                __floatundidf
 .text          0x480552c0        0x0 c:/program files/dspace rcphil 2016-a/compiler/qnx650_463/host/win32/x86/usr/bin/../lib/gcc/powerpc-unknown-nto-qnx6.5.0/4.6.3\libgcc.a(_floatundixf.o)
 .text          0x480552c0        0x0 c:/program files/dspace rcphil 2016-a/compiler/qnx650_463/host/win32/x86/usr/bin/../lib/gcc/powerpc-unknown-nto-qnx6.5.0/4.6.3\libgcc.a(_floatunditf.o)
 .text          0x480552c0       0x48 c:/program files/dspace rcphil 2016-a/compiler/qnx650_463/host/win32/x86/usr/bin/../lib/gcc/powerpc-unknown-nto-qnx6.5.0/4.6.3\libgcc.a(_eprintf.o)
                0x480552c0                __eprintf
 .text          0x48055308       0x4c c:/program files/dspace rcphil 2016-a/compiler/qnx650_463/host/win32/x86/usr/bin/../lib/gcc/powerpc-unknown-nto-qnx6.5.0/4.6.3\libgcc.a(__gcc_bcmp.o)
                0x48055308                __gcc_bcmp
 .text          0x48055354      0x448 c:/program files/dspace rcphil 2016-a/compiler/qnx650_463/host/win32/x86/usr/bin/../lib/gcc/powerpc-unknown-nto-qnx6.5.0/4.6.3\libgcc.a(_divdi3.o)
                0x48055354                __divdi3
 .text          0x4805579c      0x430 c:/program files/dspace rcphil 2016-a/compiler/qnx650_463/host/win32/x86/usr/bin/../lib/gcc/powerpc-unknown-nto-qnx6.5.0/4.6.3\libgcc.a(_moddi3.o)
                0x4805579c                __moddi3
 .text          0x48055bcc      0x400 c:/program files/dspace rcphil 2016-a/compiler/qnx650_463/host/win32/x86/usr/bin/../lib/gcc/powerpc-unknown-nto-qnx6.5.0/4.6.3\libgcc.a(_udivdi3.o)
                0x48055bcc                __udivdi3
 .text          0x48055fcc      0x3d4 c:/program files/dspace rcphil 2016-a/compiler/qnx650_463/host/win32/x86/usr/bin/../lib/gcc/powerpc-unknown-nto-qnx6.5.0/4.6.3\libgcc.a(_umoddi3.o)
                0x48055fcc                __umoddi3
 .text          0x480563a0        0x8 c:/program files/dspace rcphil 2016-a/compiler/qnx650_463/host/win32/x86/usr/bin/../lib/gcc/powerpc-unknown-nto-qnx6.5.0/4.6.3\libgcc.a(_udiv_w_sdiv.o)
                0x480563a0                __udiv_w_sdiv
 .text          0x480563a8      0x4d4 c:/program files/dspace rcphil 2016-a/compiler/qnx650_463/host/win32/x86/usr/bin/../lib/gcc/powerpc-unknown-nto-qnx6.5.0/4.6.3\libgcc.a(_udivmoddi4.o)
                0x480563a8                __udivmoddi4
 .text          0x4805687c      0x130 c:/program files/dspace rcphil 2016-a/compiler/qnx650_463/host/win32/x86/usr/bin/../lib/gcc/powerpc-unknown-nto-qnx6.5.0/4.6.3\libgcc.a(_pack_sf.o)
                0x4805687c                __pack_f
 .text          0x480569ac       0xb0 c:/program files/dspace rcphil 2016-a/compiler/qnx650_463/host/win32/x86/usr/bin/../lib/gcc/powerpc-unknown-nto-qnx6.5.0/4.6.3\libgcc.a(_unpack_sf.o)
                0x480569ac                __unpack_f
 .text          0x48056a5c      0x2e0 c:/program files/dspace rcphil 2016-a/compiler/qnx650_463/host/win32/x86/usr/bin/../lib/gcc/powerpc-unknown-nto-qnx6.5.0/4.6.3\libgcc.a(_addsub_sf.o)
                0x48056c90                __addsf3
                0x48056ce0                __subsf3
 .text          0x48056d3c      0x1e4 c:/program files/dspace rcphil 2016-a/compiler/qnx650_463/host/win32/x86/usr/bin/../lib/gcc/powerpc-unknown-nto-qnx6.5.0/4.6.3\libgcc.a(_mul_sf.o)
                0x48056d3c                __mulsf3
 .text          0x48056f20      0x16c c:/program files/dspace rcphil 2016-a/compiler/qnx650_463/host/win32/x86/usr/bin/../lib/gcc/powerpc-unknown-nto-qnx6.5.0/4.6.3\libgcc.a(_div_sf.o)
                0x48056f20                __divsf3
 .text          0x4805708c      0x108 c:/program files/dspace rcphil 2016-a/compiler/qnx650_463/host/win32/x86/usr/bin/../lib/gcc/powerpc-unknown-nto-qnx6.5.0/4.6.3\libgcc.a(_fpcmp_parts_sf.o)
                0x4805708c                __fpcmp_parts_f
 .text          0x48057194       0x48 c:/program files/dspace rcphil 2016-a/compiler/qnx650_463/host/win32/x86/usr/bin/../lib/gcc/powerpc-unknown-nto-qnx6.5.0/4.6.3\libgcc.a(_compare_sf.o)
                0x48057194                __cmpsf2
 .text          0x480571dc       0x64 c:/program files/dspace rcphil 2016-a/compiler/qnx650_463/host/win32/x86/usr/bin/../lib/gcc/powerpc-unknown-nto-qnx6.5.0/4.6.3\libgcc.a(_eq_sf.o)
                0x480571dc                __eqsf2
 .text          0x48057240       0x64 c:/program files/dspace rcphil 2016-a/compiler/qnx650_463/host/win32/x86/usr/bin/../lib/gcc/powerpc-unknown-nto-qnx6.5.0/4.6.3\libgcc.a(_ne_sf.o)
                0x48057240                __nesf2
 .text          0x480572a4       0x64 c:/program files/dspace rcphil 2016-a/compiler/qnx650_463/host/win32/x86/usr/bin/../lib/gcc/powerpc-unknown-nto-qnx6.5.0/4.6.3\libgcc.a(_gt_sf.o)
                0x480572a4                __gtsf2
 .text          0x48057308       0x64 c:/program files/dspace rcphil 2016-a/compiler/qnx650_463/host/win32/x86/usr/bin/../lib/gcc/powerpc-unknown-nto-qnx6.5.0/4.6.3\libgcc.a(_ge_sf.o)
                0x48057308                __gesf2
 .text          0x4805736c       0x64 c:/program files/dspace rcphil 2016-a/compiler/qnx650_463/host/win32/x86/usr/bin/../lib/gcc/powerpc-unknown-nto-qnx6.5.0/4.6.3\libgcc.a(_lt_sf.o)
                0x4805736c                __ltsf2
 .text          0x480573d0       0x64 c:/program files/dspace rcphil 2016-a/compiler/qnx650_463/host/win32/x86/usr/bin/../lib/gcc/powerpc-unknown-nto-qnx6.5.0/4.6.3\libgcc.a(_le_sf.o)
                0x480573d0                __lesf2
 .text          0x48057434       0x5c c:/program files/dspace rcphil 2016-a/compiler/qnx650_463/host/win32/x86/usr/bin/../lib/gcc/powerpc-unknown-nto-qnx6.5.0/4.6.3\libgcc.a(_unord_sf.o)
                0x48057434                __unordsf2
 .text          0x48057490       0x94 c:/program files/dspace rcphil 2016-a/compiler/qnx650_463/host/win32/x86/usr/bin/../lib/gcc/powerpc-unknown-nto-qnx6.5.0/4.6.3\libgcc.a(_si_to_sf.o)
                0x48057490                __floatsisf
 .text          0x48057524       0xb8 c:/program files/dspace rcphil 2016-a/compiler/qnx650_463/host/win32/x86/usr/bin/../lib/gcc/powerpc-unknown-nto-qnx6.5.0/4.6.3\libgcc.a(_sf_to_si.o)
                0x48057524                __fixsfsi
 .text          0x480575dc       0x44 c:/program files/dspace rcphil 2016-a/compiler/qnx650_463/host/win32/x86/usr/bin/../lib/gcc/powerpc-unknown-nto-qnx6.5.0/4.6.3\libgcc.a(_negate_sf.o)
                0x480575dc                __negsf2
 .text          0x48057620       0x34 c:/program files/dspace rcphil 2016-a/compiler/qnx650_463/host/win32/x86/usr/bin/../lib/gcc/powerpc-unknown-nto-qnx6.5.0/4.6.3\libgcc.a(_make_sf.o)
                0x48057620                __make_fp
 .text          0x48057654       0x48 c:/program files/dspace rcphil 2016-a/compiler/qnx650_463/host/win32/x86/usr/bin/../lib/gcc/powerpc-unknown-nto-qnx6.5.0/4.6.3\libgcc.a(_sf_to_df.o)
                0x48057654                __extendsfdf2
 .text          0x4805769c        0x0 c:/program files/dspace rcphil 2016-a/compiler/qnx650_463/host/win32/x86/usr/bin/../lib/gcc/powerpc-unknown-nto-qnx6.5.0/4.6.3\libgcc.a(_thenan_sf.o)
 .text          0x4805769c        0x0 c:/program files/dspace rcphil 2016-a/compiler/qnx650_463/host/win32/x86/usr/bin/../lib/gcc/powerpc-unknown-nto-qnx6.5.0/4.6.3\libgcc.a(_sf_to_usi.o)
 .text          0x4805769c       0xd4 c:/program files/dspace rcphil 2016-a/compiler/qnx650_463/host/win32/x86/usr/bin/../lib/gcc/powerpc-unknown-nto-qnx6.5.0/4.6.3\libgcc.a(_usi_to_sf.o)
                0x4805769c                __floatunsisf
 .text          0x48057770      0x248 c:/program files/dspace rcphil 2016-a/compiler/qnx650_463/host/win32/x86/usr/bin/../lib/gcc/powerpc-unknown-nto-qnx6.5.0/4.6.3\libgcc.a(_pack_df.o)
                0x48057770                __pack_d
 .text          0x480579b8       0xe4 c:/program files/dspace rcphil 2016-a/compiler/qnx650_463/host/win32/x86/usr/bin/../lib/gcc/powerpc-unknown-nto-qnx6.5.0/4.6.3\libgcc.a(_unpack_df.o)
                0x480579b8                __unpack_d
 .text          0x48057a9c      0x440 c:/program files/dspace rcphil 2016-a/compiler/qnx650_463/host/win32/x86/usr/bin/../lib/gcc/powerpc-unknown-nto-qnx6.5.0/4.6.3\libgcc.a(_addsub_df.o)
                0x48057e30                __adddf3
                0x48057e80                __subdf3
 .text          0x48057edc      0x328 c:/program files/dspace rcphil 2016-a/compiler/qnx650_463/host/win32/x86/usr/bin/../lib/gcc/powerpc-unknown-nto-qnx6.5.0/4.6.3\libgcc.a(_mul_df.o)
                0x48057edc                __muldf3
 .text          0x48058204      0x21c c:/program files/dspace rcphil 2016-a/compiler/qnx650_463/host/win32/x86/usr/bin/../lib/gcc/powerpc-unknown-nto-qnx6.5.0/4.6.3\libgcc.a(_div_df.o)
                0x48058204                __divdf3
 .text          0x48058420      0x124 c:/program files/dspace rcphil 2016-a/compiler/qnx650_463/host/win32/x86/usr/bin/../lib/gcc/powerpc-unknown-nto-qnx6.5.0/4.6.3\libgcc.a(_fpcmp_parts_df.o)
                0x48058420                __fpcmp_parts_d
 .text          0x48058544       0x48 c:/program files/dspace rcphil 2016-a/compiler/qnx650_463/host/win32/x86/usr/bin/../lib/gcc/powerpc-unknown-nto-qnx6.5.0/4.6.3\libgcc.a(_compare_df.o)
                0x48058544                __cmpdf2
 .text          0x4805858c       0x64 c:/program files/dspace rcphil 2016-a/compiler/qnx650_463/host/win32/x86/usr/bin/../lib/gcc/powerpc-unknown-nto-qnx6.5.0/4.6.3\libgcc.a(_eq_df.o)
                0x4805858c                __eqdf2
 .text          0x480585f0       0x64 c:/program files/dspace rcphil 2016-a/compiler/qnx650_463/host/win32/x86/usr/bin/../lib/gcc/powerpc-unknown-nto-qnx6.5.0/4.6.3\libgcc.a(_ne_df.o)
                0x480585f0                __nedf2
 .text          0x48058654       0x64 c:/program files/dspace rcphil 2016-a/compiler/qnx650_463/host/win32/x86/usr/bin/../lib/gcc/powerpc-unknown-nto-qnx6.5.0/4.6.3\libgcc.a(_gt_df.o)
                0x48058654                __gtdf2
 .text          0x480586b8       0x64 c:/program files/dspace rcphil 2016-a/compiler/qnx650_463/host/win32/x86/usr/bin/../lib/gcc/powerpc-unknown-nto-qnx6.5.0/4.6.3\libgcc.a(_ge_df.o)
                0x480586b8                __gedf2
 .text          0x4805871c       0x64 c:/program files/dspace rcphil 2016-a/compiler/qnx650_463/host/win32/x86/usr/bin/../lib/gcc/powerpc-unknown-nto-qnx6.5.0/4.6.3\libgcc.a(_lt_df.o)
                0x4805871c                __ltdf2
 .text          0x48058780       0x64 c:/program files/dspace rcphil 2016-a/compiler/qnx650_463/host/win32/x86/usr/bin/../lib/gcc/powerpc-unknown-nto-qnx6.5.0/4.6.3\libgcc.a(_le_df.o)
                0x48058780                __ledf2
 .text          0x480587e4       0x5c c:/program files/dspace rcphil 2016-a/compiler/qnx650_463/host/win32/x86/usr/bin/../lib/gcc/powerpc-unknown-nto-qnx6.5.0/4.6.3\libgcc.a(_unord_df.o)
                0x480587e4                __unorddf2
 .text          0x48058840       0xc4 c:/program files/dspace rcphil 2016-a/compiler/qnx650_463/host/win32/x86/usr/bin/../lib/gcc/powerpc-unknown-nto-qnx6.5.0/4.6.3\libgcc.a(_si_to_df.o)
                0x48058840                __floatsidf
 .text          0x48058904       0xe0 c:/program files/dspace rcphil 2016-a/compiler/qnx650_463/host/win32/x86/usr/bin/../lib/gcc/powerpc-unknown-nto-qnx6.5.0/4.6.3\libgcc.a(_df_to_si.o)
                0x48058904                __fixdfsi
 .text          0x480589e4       0x44 c:/program files/dspace rcphil 2016-a/compiler/qnx650_463/host/win32/x86/usr/bin/../lib/gcc/powerpc-unknown-nto-qnx6.5.0/4.6.3\libgcc.a(_negate_df.o)
                0x480589e4                __negdf2
 .text          0x48058a28       0x38 c:/program files/dspace rcphil 2016-a/compiler/qnx650_463/host/win32/x86/usr/bin/../lib/gcc/powerpc-unknown-nto-qnx6.5.0/4.6.3\libgcc.a(_make_df.o)
                0x48058a28                __make_dp
 .text          0x48058a60       0x5c c:/program files/dspace rcphil 2016-a/compiler/qnx650_463/host/win32/x86/usr/bin/../lib/gcc/powerpc-unknown-nto-qnx6.5.0/4.6.3\libgcc.a(_df_to_sf.o)
                0x48058a60                __truncdfsf2
 .text          0x48058abc        0x0 c:/program files/dspace rcphil 2016-a/compiler/qnx650_463/host/win32/x86/usr/bin/../lib/gcc/powerpc-unknown-nto-qnx6.5.0/4.6.3\libgcc.a(_thenan_df.o)
 .text          0x48058abc        0x0 c:/program files/dspace rcphil 2016-a/compiler/qnx650_463/host/win32/x86/usr/bin/../lib/gcc/powerpc-unknown-nto-qnx6.5.0/4.6.3\libgcc.a(_df_to_usi.o)
 .text          0x48058abc      0x124 c:/program files/dspace rcphil 2016-a/compiler/qnx650_463/host/win32/x86/usr/bin/../lib/gcc/powerpc-unknown-nto-qnx6.5.0/4.6.3\libgcc.a(_usi_to_df.o)
                0x48058abc                __floatunsidf
 .text          0x48058be0       0x8c c:/program files/dspace rcphil 2016-a/compiler/qnx650_463/host/win32/x86/usr/bin/../lib/gcc/powerpc-unknown-nto-qnx6.5.0/4.6.3\libgcc.a(tramp.o)
                0x48058c08                __trampoline_setup
 .text          0x48058c6c       0x4c c:/program files/dspace rcphil 2016-a/compiler/qnx650_463/host/win32/x86/usr/bin/../lib/gcc/powerpc-unknown-nto-qnx6.5.0/4.6.3\libgcc.a(crtsavfpr.o)
                0x48058c6c                _savefpr_14
                0x48058c70                _savefpr_15
                0x48058c74                _savefpr_16
                0x48058c78                _savefpr_17
                0x48058c7c                _savefpr_18
                0x48058c80                _savefpr_19
                0x48058c84                _savefpr_20
                0x48058c88                _savefpr_21
                0x48058c8c                _savefpr_22
                0x48058c90                _savefpr_23
                0x48058c94                _savefpr_24
                0x48058c98                _savefpr_25
                0x48058c9c                _savefpr_26
                0x48058ca0                _savefpr_27
                0x48058ca4                _savefpr_28
                0x48058ca8                _savefpr_29
                0x48058cac                _savefpr_30
                0x48058cb0                _savefpr_31
 .text          0x48058cb8       0x4c c:/program files/dspace rcphil 2016-a/compiler/qnx650_463/host/win32/x86/usr/bin/../lib/gcc/powerpc-unknown-nto-qnx6.5.0/4.6.3\libgcc.a(crtresfpr.o)
                0x48058cb8                _restfpr_14
                0x48058cbc                _restfpr_15
                0x48058cc0                _restfpr_16
                0x48058cc4                _restfpr_17
                0x48058cc8                _restfpr_18
                0x48058ccc                _restfpr_19
                0x48058cd0                _restfpr_20
                0x48058cd4                _restfpr_21
                0x48058cd8                _restfpr_22
                0x48058cdc                _restfpr_23
                0x48058ce0                _restfpr_24
                0x48058ce4                _restfpr_25
                0x48058ce8                _restfpr_26
                0x48058cec                _restfpr_27
                0x48058cf0                _restfpr_28
                0x48058cf4                _restfpr_29
                0x48058cf8                _restfpr_30
                0x48058cfc                _restfpr_31
 .text          0x48058d04       0x4c c:/program files/dspace rcphil 2016-a/compiler/qnx650_463/host/win32/x86/usr/bin/../lib/gcc/powerpc-unknown-nto-qnx6.5.0/4.6.3\libgcc.a(crtsavgpr.o)
                0x48058d04                _savegpr_14
                0x48058d08                _savegpr_15
                0x48058d0c                _savegpr_16
                0x48058d10                _savegpr_17
                0x48058d14                _savegpr_18
                0x48058d18                _savegpr_19
                0x48058d1c                _savegpr_20
                0x48058d20                _savegpr_21
                0x48058d24                _savegpr_22
                0x48058d28                _savegpr_23
                0x48058d2c                _savegpr_24
                0x48058d30                _savegpr_25
                0x48058d34                _savegpr_26
                0x48058d38                _savegpr_27
                0x48058d3c                _savegpr_28
                0x48058d40                _savegpr_29
                0x48058d44                _savegpr_30
                0x48058d48                _savegpr_31
 .text          0x48058d50       0x4c c:/program files/dspace rcphil 2016-a/compiler/qnx650_463/host/win32/x86/usr/bin/../lib/gcc/powerpc-unknown-nto-qnx6.5.0/4.6.3\libgcc.a(crtresgpr.o)
                0x48058d50                _restgpr_14
                0x48058d54                _restgpr_15
                0x48058d58                _restgpr_16
                0x48058d5c                _restgpr_17
                0x48058d60                _restgpr_18
                0x48058d64                _restgpr_19
                0x48058d68                _restgpr_20
                0x48058d6c                _restgpr_21
                0x48058d70                _restgpr_22
                0x48058d74                _restgpr_23
                0x48058d78                _restgpr_24
                0x48058d7c                _restgpr_25
                0x48058d80                _restgpr_26
                0x48058d84                _restgpr_27
                0x48058d88                _restgpr_28
                0x48058d8c                _restgpr_29
                0x48058d90                _restgpr_30
                0x48058d94                _restgpr_31
 .text          0x48058d9c       0x58 c:/program files/dspace rcphil 2016-a/compiler/qnx650_463/host/win32/x86/usr/bin/../lib/gcc/powerpc-unknown-nto-qnx6.5.0/4.6.3\libgcc.a(crtresxfpr.o)
                0x48058d9c                _restfpr_14_x
                0x48058da0                _restfpr_15_x
                0x48058da4                _restfpr_16_x
                0x48058da8                _restfpr_17_x
                0x48058dac                _restfpr_18_x
                0x48058db0                _restfpr_19_x
                0x48058db4                _restfpr_20_x
                0x48058db8                _restfpr_21_x
                0x48058dbc                _restfpr_22_x
                0x48058dc0                _restfpr_23_x
                0x48058dc4                _restfpr_24_x
                0x48058dc8                _restfpr_25_x
                0x48058dcc                _restfpr_26_x
                0x48058dd0                _restfpr_27_x
                0x48058dd4                _restfpr_28_x
                0x48058dd8                _restfpr_29_x
                0x48058ddc                _restfpr_30_x
                0x48058de0                _restfpr_31_x
 .text          0x48058df4       0x58 c:/program files/dspace rcphil 2016-a/compiler/qnx650_463/host/win32/x86/usr/bin/../lib/gcc/powerpc-unknown-nto-qnx6.5.0/4.6.3\libgcc.a(crtresxgpr.o)
                0x48058df4                _restgpr_14_x
                0x48058df8                _restgpr_15_x
                0x48058dfc                _restgpr_16_x
                0x48058e00                _restgpr_17_x
                0x48058e04                _restgpr_18_x
                0x48058e08                _restgpr_19_x
                0x48058e0c                _restgpr_20_x
                0x48058e10                _restgpr_21_x
                0x48058e14                _restgpr_22_x
                0x48058e18                _restgpr_23_x
                0x48058e1c                _restgpr_24_x
                0x48058e20                _restgpr_25_x
                0x48058e24                _restgpr_26_x
                0x48058e28                _restgpr_27_x
                0x48058e2c                _restgpr_28_x
                0x48058e30                _restgpr_29_x
                0x48058e34                _restgpr_30_x
                0x48058e38                _restgpr_31_x
 .text          0x48058e4c        0x0 c:/program files/dspace rcphil 2016-a/compiler/qnx650_463/host/win32/x86/usr/bin/../lib/gcc/powerpc-unknown-nto-qnx6.5.0/4.6.3\libgcc.a(e500crtres32gpr.o)
 .text          0x48058e4c        0x0 c:/program files/dspace rcphil 2016-a/compiler/qnx650_463/host/win32/x86/usr/bin/../lib/gcc/powerpc-unknown-nto-qnx6.5.0/4.6.3\libgcc.a(e500crtres64gpr.o)
 .text          0x48058e4c        0x0 c:/program files/dspace rcphil 2016-a/compiler/qnx650_463/host/win32/x86/usr/bin/../lib/gcc/powerpc-unknown-nto-qnx6.5.0/4.6.3\libgcc.a(e500crtres64gprctr.o)
 .text          0x48058e4c        0x0 c:/program files/dspace rcphil 2016-a/compiler/qnx650_463/host/win32/x86/usr/bin/../lib/gcc/powerpc-unknown-nto-qnx6.5.0/4.6.3\libgcc.a(e500crtrest32gpr.o)
 .text          0x48058e4c        0x0 c:/program files/dspace rcphil 2016-a/compiler/qnx650_463/host/win32/x86/usr/bin/../lib/gcc/powerpc-unknown-nto-qnx6.5.0/4.6.3\libgcc.a(e500crtrest64gpr.o)
 .text          0x48058e4c        0x0 c:/program files/dspace rcphil 2016-a/compiler/qnx650_463/host/win32/x86/usr/bin/../lib/gcc/powerpc-unknown-nto-qnx6.5.0/4.6.3\libgcc.a(e500crtresx32gpr.o)
 .text          0x48058e4c        0x0 c:/program files/dspace rcphil 2016-a/compiler/qnx650_463/host/win32/x86/usr/bin/../lib/gcc/powerpc-unknown-nto-qnx6.5.0/4.6.3\libgcc.a(e500crtresx64gpr.o)
 .text          0x48058e4c        0x0 c:/program files/dspace rcphil 2016-a/compiler/qnx650_463/host/win32/x86/usr/bin/../lib/gcc/powerpc-unknown-nto-qnx6.5.0/4.6.3\libgcc.a(e500crtsav32gpr.o)
 .text          0x48058e4c        0x0 c:/program files/dspace rcphil 2016-a/compiler/qnx650_463/host/win32/x86/usr/bin/../lib/gcc/powerpc-unknown-nto-qnx6.5.0/4.6.3\libgcc.a(e500crtsav64gpr.o)
 .text          0x48058e4c        0x0 c:/program files/dspace rcphil 2016-a/compiler/qnx650_463/host/win32/x86/usr/bin/../lib/gcc/powerpc-unknown-nto-qnx6.5.0/4.6.3\libgcc.a(e500crtsav64gprctr.o)
 .text          0x48058e4c        0x0 c:/program files/dspace rcphil 2016-a/compiler/qnx650_463/host/win32/x86/usr/bin/../lib/gcc/powerpc-unknown-nto-qnx6.5.0/4.6.3\libgcc.a(e500crtsavg32gpr.o)
 .text          0x48058e4c        0x0 c:/program files/dspace rcphil 2016-a/compiler/qnx650_463/host/win32/x86/usr/bin/../lib/gcc/powerpc-unknown-nto-qnx6.5.0/4.6.3\libgcc.a(e500crtsavg64gpr.o)
 .text          0x48058e4c        0x0 c:/program files/dspace rcphil 2016-a/compiler/qnx650_463/host/win32/x86/usr/bin/../lib/gcc/powerpc-unknown-nto-qnx6.5.0/4.6.3\libgcc.a(e500crtsavg64gprctr.o)
 .text          0x48058e4c     0x3250 c:/program files/dspace rcphil 2016-a/compiler/qnx650_463/host/win32/x86/usr/bin/../lib/gcc/powerpc-unknown-nto-qnx6.5.0/4.6.3\libgcc.a(unwind-dw2.o)
                0x4805b3ac                _Unwind_GetGR
                0x4805b420                _Unwind_GetCFA
                0x4805b428                _Unwind_SetGR
                0x4805b4b0                _Unwind_GetIP
                0x4805b4b8                _Unwind_GetIPInfo
                0x4805b4cc                _Unwind_SetIP
                0x4805b4d4                _Unwind_GetLanguageSpecificData
                0x4805b4dc                _Unwind_GetRegionStart
                0x4805b4e4                _Unwind_FindEnclosingFunction
                0x4805b51c                _Unwind_GetDataRelBase
                0x4805b524                _Unwind_GetTextRelBase
                0x4805b52c                __frame_state_for
                0x4805b648                _Unwind_RaiseException
                0x4805b8cc                _Unwind_ForcedUnwind
                0x4805babc                _Unwind_Resume
                0x4805bcac                _Unwind_Resume_or_Rethrow
                0x4805bea0                _Unwind_DeleteException
                0x4805bed8                _Unwind_Backtrace
 .text          0x4805c09c     0x1924 c:/program files/dspace rcphil 2016-a/compiler/qnx650_463/host/win32/x86/usr/bin/../lib/gcc/powerpc-unknown-nto-qnx6.5.0/4.6.3\libgcc.a(unwind-dw2-fde.o)
                0x4805d488                __register_frame_info_bases
                0x4805d510                __register_frame_info
                0x4805d51c                __register_frame
                0x4805d574                __register_frame_info_table_bases
                0x4805d5ec                __register_frame_info_table
                0x4805d5f8                __register_frame_table
                0x4805d630                __deregister_frame_info_bases
                0x4805d774                __deregister_frame_info
                0x4805d778                __deregister_frame
                0x4805d7a8                _Unwind_Find_FDE
 .text          0x4805d9c0        0x0 c:/program files/dspace rcphil 2016-a/compiler/qnx650_463/host/win32/x86/usr/bin/../lib/gcc/powerpc-unknown-nto-qnx6.5.0/4.6.3\libgcc.a(unwind-sjlj.o)
 .text          0x4805d9c0      0x5a0 c:/program files/dspace rcphil 2016-a/compiler/qnx650_463/host/win32/x86/usr/bin/../lib/gcc/powerpc-unknown-nto-qnx6.5.0/4.6.3\libgcc.a(unwind-c.o)
                0x4805db40                __gcc_personality_v0
 .text          0x4805df60      0x2f8 c:/program files/dspace rcphil 2016-a/compiler/qnx650_463/host/win32/x86/usr/bin/../lib/gcc/powerpc-unknown-nto-qnx6.5.0/4.6.3\libgcc.a(emutls.o)
                0x4805e01c                __emutls_get_address
                0x4805e214                __emutls_register_common
 .text          0x4805e258       0x98 c:/program files/dspace rcphil 2016-a/compiler/qnx650_463/host/win32/x86/usr/bin/../lib/gcc/powerpc-unknown-nto-qnx6.5.0/4.6.3/crtend.o
 .text          0x4805e2f0        0x0 C:\Program Files\dSPACE RCPHIL 2016-A\Compiler\QNX650_463\target\qnx6/ppcbe/lib/crtn.o
 *(.gnu.warning)
 *(.glink)
 .glink         0x00000000        0x0 C:\Program Files\dSPACE RCPHIL 2016-A\Compiler\QNX650_463\target\qnx6/ppcbe/lib/crt1.o

.fini           0x4805e2f0       0x20
 *(.fini)
 .fini          0x4805e2f0        0xc C:\Program Files\dSPACE RCPHIL 2016-A\Compiler\QNX650_463\target\qnx6/ppcbe/lib/crti.o
                0x4805e2f0                _fini
 .fini          0x4805e2fc        0x4 c:/program files/dspace rcphil 2016-a/compiler/qnx650_463/host/win32/x86/usr/bin/../lib/gcc/powerpc-unknown-nto-qnx6.5.0/4.6.3/crtbegin.o
 .fini          0x4805e300       0x10 C:\Program Files\dSPACE RCPHIL 2016-A\Compiler\QNX650_463\target\qnx6/ppcbe/lib/crtn.o
                0x4805e310                PROVIDE (__etext, .)
                0x4805e310                PROVIDE (_etext, .)
                0x4805e310                PROVIDE (etext, .)

.rodata         0x4805e310     0x1b7c
 *(.rodata .rodata.* .gnu.linkonce.r.*)
 .rodata        0x4805e310       0x38 SystemFunc.o07
 .rodata.cst8   0x4805e348       0x38 HandFunc.o07
 .rodata.cst4   0x4805e380        0x4 WAMFunc.o07
 *fill*         0x4805e384        0x4 00
 .rodata.cst8   0x4805e388       0x50 WAMFunc.o07
                                 0x58 (size before relaxing)
 .rodata.cst8   0x4805e3d8       0x38 AVSFunc.o07
 .rodata.str1.4
                0x4805e410       0xad AVSFunc.o07
 *fill*         0x4805e4bd        0x3 00
 .rodata        0x4805e4c0       0x38 HandApp.o07
                0x4805e4d0                g_cube_d
                0x4805e4d8                g_Lw0
                0x4805e4e0                r
                0x4805e4e8                Lb
                0x4805e4f0                table_h
 .rodata.cst8   0x4805e4f8      0x310 HandApp.o07
                                0x350 (size before relaxing)
 .rodata        0x4805e808       0x28 WAMApp.o07
 .rodata.cst4   0x4805e830        0x4 WAMApp.o07
 *fill*         0x4805e834        0x4 00
 .rodata.cst8   0x4805e838        0x8 WAMApp.o07
                                 0x10 (size before relaxing)
 .rodata        0x4805e840       0x28 WAM2App.o07
 .rodata.cst8   0x4805e868       0x60 WAM2App.o07
                                 0xc0 (size before relaxing)
 .rodata.cst8   0x4805e8c8       0x10 AVSApp.o07
                                 0x20 (size before relaxing)
 .rodata.cst8   0x4805e8d8       0x30 XYZstageApp.o07
                                 0x40 (size before relaxing)
 .rodata.cst8   0x00000000       0x10 pmatrix.o07
 .rodata.str1.4
                0x4805e908       0x22 pmatrix.o07
 .rodata.cst8   0x00000000       0x10 homoMat.o07
 *fill*         0x4805e92a        0x2 00
 .rodata.str1.4
                0x4805e92c        0xe homoMat.o07
                                 0x16 (size before relaxing)
 *fill*         0x4805e93a        0x6 00
 .rodata.cst8   0x4805e940        0x8 Kalman.o07
                                 0x18 (size before relaxing)
 .rodata.cst4   0x4805e948        0x4 Predict3D.o07
                                  0x8 (size before relaxing)
 *fill*         0x4805e94c        0x4 00
 .rodata.cst8   0x4805e950        0x8 Predict3D.o07
 .rodata.cst8   0x00000000        0x8 throwJnt2armJnt.o07
 .rodata.cst8   0x4805e958        0x8 TaskSet.o07
                                 0x10 (size before relaxing)
 .rodata        0x4805e960       0xb0 handEnc2JntAng.o07
 .rodata.cst8   0x4805ea10        0x8 handEnc2JntAng.o07
                                 0x10 (size before relaxing)
 .rodata        0x4805ea18       0x74 rtiethernetdecode.o07
 .rodata.cst4   0x00000000        0x4 rtiethernetdecode.o07
 *fill*         0x4805ea8c        0x4 00
 .rodata.cst8   0x4805ea90       0x10 rtiethernetdecode.o07
                                 0x20 (size before relaxing)
 .rodata.str1.4
                0x4805eaa0       0x8f rtiethernetdecode.o07
 .rodata.cst4   0x00000000        0x4 handTraj.o07
 *fill*         0x4805eb2f        0x1 00
 .rodata.cst8   0x4805eb30        0x8 handTraj.o07
                                 0x58 (size before relaxing)
 .rodata.cst8   0x4805eb38        0x8 handJntAngLimit.o07
                                 0x38 (size before relaxing)
 .rodata        0x4805eb40       0x58 handCtrl.o07
 .rodata.cst8   0x4805eb98       0x40 handCtrl.o07
                                 0x48 (size before relaxing)
 .rodata.cst8   0x00000000        0x8 handJntTrq2DA.o07
 .rodata.cst8   0x00000000        0x8 handDALimit.o07
 .rodata        0x4805ebd8       0x74 rtiethernetencode.o07
 .rodata.cst8   0x00000000       0x18 rtiethernetencode.o07
 .rodata.str1.4
                0x00000000       0x8f rtiethernetencode.o07
 *fill*         0x4805ec4c        0x4 00
 .rodata        0x4805ec50       0x30 XYZstageTraj.o07
                0x4805ec50                xyz_init_jnt_pos
                0x4805ec68                xyz_end_jnt_pos
 .rodata.cst4   0x00000000        0x4 XYZstageTraj.o07
 .rodata.cst8   0x00000000       0x50 XYZstageTraj.o07
 .rodata.cst8   0x00000000       0x10 XYZstageAngLimit.o07
 .rodata.cst8   0x4805ec80       0x10 XYZstageEnc2JntAng.o07
                                 0x18 (size before relaxing)
 .rodata.cst8   0x00000000        0x8 XYZstageCtrl.o07
 .rodata.cst8   0x00000000        0x8 XYZstageTrq2DA.o07
 .rodata.cst8   0x4805ec90        0x8 XYZstageDALimit.o07
                                 0x18 (size before relaxing)
 .rodata.cst8   0x00000000        0x8 SystemSet.o07
 .rodata        0x4805ec98        0xc base.o07
                0x4805ec98                base_RGND
                0x4805eca0                base_M
 *fill*         0x4805eca4        0x4 00
 .rodata.cst8   0x4805eca8        0x8 base.o07
                                 0x20 (size before relaxing)
 .rodata.str1.4
                0x4805ecb0      0x400 base.o07
 .rodata.cst4   0x4805f0b0        0x8 rtGetInf.o07
 .rodata.cst8   0x4805f0b8       0x10 rtGetInf.o07
 .rodata        0x4805f0c8       0x13 rt_i32zcfcn.o07
 .rodata.cst4   0x00000000        0x4 rt_matrx.o07
 *fill*         0x4805f0db        0x5 00
 .rodata.cst8   0x4805f0e0        0x8 rt_matrx.o07
                                 0x28 (size before relaxing)
 .rodata.str1.4
                0x4805f0e8        0xf rt_printf.o07
 *fill*         0x4805f0f7        0x1 00
 .rodata        0x4805f0f8        0xc rti_sim_engine.o07
                0x4805f0f8                rtiDataSetStorageEnabled
                0x4805f0fc                p_dsts_sum_of_reset_time
                0x4805f100                p_msg_last_error_no
 .rodata.cst8   0x00000000       0x10 rti_sim_engine.o07
 .rodata.str1.4
                0x4805f104      0x3c1 rti_sim_engine.o07
 .rodata.cst8   0x00000000       0x10 rt_sim.o07
 *fill*         0x4805f4c5        0x3 00
 .rodata.str1.4
                0x4805f4c8       0x71 rt_sim.o07
 *fill*         0x4805f539        0x3 00
 .rodata.str1.4
                0x4805f53c       0x70 rti_assert.o07
                                 0x6d (size before relaxing)
 *fill*         0x4805f5ac        0x4 00
 .rodata        0x4805f5b0       0x30 C:\Program Files\dSPACE RCPHIL 2016-A\DS1007\Lib\libm_fastpow.a(e_pow.o)
 .rodata.cst4   0x4805f5e0        0x8 C:\Program Files\dSPACE RCPHIL 2016-A\DS1007\Lib\libm_fastpow.a(e_pow.o)
 .rodata.cst8   0x4805f5e8       0xa0 C:\Program Files\dSPACE RCPHIL 2016-A\DS1007\Lib\libm_fastpow.a(e_pow.o)
                                 0xe8 (size before relaxing)
 .rodata.cst8   0x4805f688       0x30 C:\Program Files\dSPACE RCPHIL 2016-A\DS1007\Lib\libm_fastpow.a(s_scalbn.o)
 .rodata        0x4805f6b8      0x100 c:/program files/dspace rcphil 2016-a/compiler/qnx650_463/host/win32/x86/usr/bin/../lib/gcc/powerpc-unknown-nto-qnx6.5.0/4.6.3\libgcc.a(_clz.o)
                0x4805f6b8                __clz_tab
 .rodata        0x4805f7b8      0x100 c:/program files/dspace rcphil 2016-a/compiler/qnx650_463/host/win32/x86/usr/bin/../lib/gcc/powerpc-unknown-nto-qnx6.5.0/4.6.3\libgcc.a(_popcount_tab.o)
                0x4805f7b8                __popcount_tab
 .rodata.cst4   0x4805f8b8        0x4 c:/program files/dspace rcphil 2016-a/compiler/qnx650_463/host/win32/x86/usr/bin/../lib/gcc/powerpc-unknown-nto-qnx6.5.0/4.6.3\libgcc.a(_powisf2.o)
 .rodata.cst4   0x00000000        0x4 c:/program files/dspace rcphil 2016-a/compiler/qnx650_463/host/win32/x86/usr/bin/../lib/gcc/powerpc-unknown-nto-qnx6.5.0/4.6.3\libgcc.a(_powidf2.o)
 .rodata.cst4   0x4805f8bc        0xc c:/program files/dspace rcphil 2016-a/compiler/qnx650_463/host/win32/x86/usr/bin/../lib/gcc/powerpc-unknown-nto-qnx6.5.0/4.6.3\libgcc.a(_mulsc3.o)
                                 0x14 (size before relaxing)
 .rodata.cst4   0x00000000       0x10 c:/program files/dspace rcphil 2016-a/compiler/qnx650_463/host/win32/x86/usr/bin/../lib/gcc/powerpc-unknown-nto-qnx6.5.0/4.6.3\libgcc.a(_muldc3.o)
 .rodata.cst8   0x00000000        0x8 c:/program files/dspace rcphil 2016-a/compiler/qnx650_463/host/win32/x86/usr/bin/../lib/gcc/powerpc-unknown-nto-qnx6.5.0/4.6.3\libgcc.a(_muldc3.o)
 .rodata.cst4   0x00000000       0x10 c:/program files/dspace rcphil 2016-a/compiler/qnx650_463/host/win32/x86/usr/bin/../lib/gcc/powerpc-unknown-nto-qnx6.5.0/4.6.3\libgcc.a(_divsc3.o)
 .rodata.cst4   0x00000000        0xc c:/program files/dspace rcphil 2016-a/compiler/qnx650_463/host/win32/x86/usr/bin/../lib/gcc/powerpc-unknown-nto-qnx6.5.0/4.6.3\libgcc.a(_divdc3.o)
 .rodata.cst8   0x00000000        0x8 c:/program files/dspace rcphil 2016-a/compiler/qnx650_463/host/win32/x86/usr/bin/../lib/gcc/powerpc-unknown-nto-qnx6.5.0/4.6.3\libgcc.a(_divdc3.o)
 .rodata.cst4   0x4805f8c8        0x4 c:/program files/dspace rcphil 2016-a/compiler/qnx650_463/host/win32/x86/usr/bin/../lib/gcc/powerpc-unknown-nto-qnx6.5.0/4.6.3\libgcc.a(_fixunssfsi.o)
 .rodata.cst4   0x00000000        0x4 c:/program files/dspace rcphil 2016-a/compiler/qnx650_463/host/win32/x86/usr/bin/../lib/gcc/powerpc-unknown-nto-qnx6.5.0/4.6.3\libgcc.a(_fixunsdfsi.o)
 .rodata.cst4   0x00000000        0x4 c:/program files/dspace rcphil 2016-a/compiler/qnx650_463/host/win32/x86/usr/bin/../lib/gcc/powerpc-unknown-nto-qnx6.5.0/4.6.3\libgcc.a(_fixsfdi.o)
 .rodata.cst8   0x00000000        0x8 c:/program files/dspace rcphil 2016-a/compiler/qnx650_463/host/win32/x86/usr/bin/../lib/gcc/powerpc-unknown-nto-qnx6.5.0/4.6.3\libgcc.a(_fixdfdi.o)
 .rodata.cst4   0x4805f8cc        0xc c:/program files/dspace rcphil 2016-a/compiler/qnx650_463/host/win32/x86/usr/bin/../lib/gcc/powerpc-unknown-nto-qnx6.5.0/4.6.3\libgcc.a(_fixunssfdi.o)
                                 0x10 (size before relaxing)
 .rodata.cst4   0x00000000       0x10 c:/program files/dspace rcphil 2016-a/compiler/qnx650_463/host/win32/x86/usr/bin/../lib/gcc/powerpc-unknown-nto-qnx6.5.0/4.6.3\libgcc.a(_fixunsdfdi.o)
 .rodata.cst4   0x00000000        0xc c:/program files/dspace rcphil 2016-a/compiler/qnx650_463/host/win32/x86/usr/bin/../lib/gcc/powerpc-unknown-nto-qnx6.5.0/4.6.3\libgcc.a(_floatdisf.o)
 .rodata.cst4   0x00000000        0xc c:/program files/dspace rcphil 2016-a/compiler/qnx650_463/host/win32/x86/usr/bin/../lib/gcc/powerpc-unknown-nto-qnx6.5.0/4.6.3\libgcc.a(_floatdidf.o)
 .rodata.cst4   0x00000000        0x8 c:/program files/dspace rcphil 2016-a/compiler/qnx650_463/host/win32/x86/usr/bin/../lib/gcc/powerpc-unknown-nto-qnx6.5.0/4.6.3\libgcc.a(_floatundisf.o)
 .rodata.cst4   0x00000000        0x8 c:/program files/dspace rcphil 2016-a/compiler/qnx650_463/host/win32/x86/usr/bin/../lib/gcc/powerpc-unknown-nto-qnx6.5.0/4.6.3\libgcc.a(_floatundidf.o)
 .rodata.cst4   0x4805f8d8        0x4 c:/program files/dspace rcphil 2016-a/compiler/qnx650_463/host/win32/x86/usr/bin/../lib/gcc/powerpc-unknown-nto-qnx6.5.0/4.6.3\libgcc.a(_si_to_sf.o)
 .rodata        0x4805f8dc       0x10 c:/program files/dspace rcphil 2016-a/compiler/qnx650_463/host/win32/x86/usr/bin/../lib/gcc/powerpc-unknown-nto-qnx6.5.0/4.6.3\libgcc.a(_thenan_sf.o)
                0x4805f8dc                __thenan_sf
 .rodata.cst4   0x00000000        0x4 c:/program files/dspace rcphil 2016-a/compiler/qnx650_463/host/win32/x86/usr/bin/../lib/gcc/powerpc-unknown-nto-qnx6.5.0/4.6.3\libgcc.a(_si_to_df.o)
 *fill*         0x4805f8ec        0x4 00
 .rodata        0x4805f8f0       0x18 c:/program files/dspace rcphil 2016-a/compiler/qnx650_463/host/win32/x86/usr/bin/../lib/gcc/powerpc-unknown-nto-qnx6.5.0/4.6.3\libgcc.a(_thenan_df.o)
                0x4805f8f0                __thenan_df
 .rodata        0x4805f908      0x51c c:/program files/dspace rcphil 2016-a/compiler/qnx650_463/host/win32/x86/usr/bin/../lib/gcc/powerpc-unknown-nto-qnx6.5.0/4.6.3\libgcc.a(unwind-dw2.o)
 .rodata        0x4805fe24       0x34 c:/program files/dspace rcphil 2016-a/compiler/qnx650_463/host/win32/x86/usr/bin/../lib/gcc/powerpc-unknown-nto-qnx6.5.0/4.6.3\libgcc.a(unwind-dw2-fde.o)
 .rodata        0x4805fe58       0x34 c:/program files/dspace rcphil 2016-a/compiler/qnx650_463/host/win32/x86/usr/bin/../lib/gcc/powerpc-unknown-nto-qnx6.5.0/4.6.3\libgcc.a(unwind-c.o)

.rodata1
 *(.rodata1)

.sdata2         0x4805fe8c        0x0
                0x00008000                PROVIDE (_SDA2_BASE_, 0x8000)
 *(.sdata2 .sdata2.* .gnu.linkonce.s2.*)

.sbss2
 *(.sbss2 .sbss2.* .gnu.linkonce.sb2.*)

.eh_frame_hdr   0x4805fe8c      0x254
 *(.eh_frame_hdr)
 .eh_frame_hdr  0x4805fe8c      0x254 c:/program files/dspace rcphil 2016-a/compiler/qnx650_463/host/win32/x86/usr/bin/../lib/gcc/powerpc-unknown-nto-qnx6.5.0/4.6.3\libgcc.a(_fixsfdi.o)

.eh_frame       0x480600e0      0xda4
 *(.eh_frame)
 .eh_frame      0x00000000        0x0 C:\Program Files\dSPACE RCPHIL 2016-A\Compiler\QNX650_463\target\qnx6/ppcbe/lib/crt1.o
 .eh_frame      0x480600e0        0x0 c:/program files/dspace rcphil 2016-a/compiler/qnx650_463/host/win32/x86/usr/bin/../lib/gcc/powerpc-unknown-nto-qnx6.5.0/4.6.3/crtbegin.o
 .eh_frame      0x480600e0       0x30 c:/program files/dspace rcphil 2016-a/compiler/qnx650_463/host/win32/x86/usr/bin/../lib/gcc/powerpc-unknown-nto-qnx6.5.0/4.6.3\libgcc.a(_fixsfdi.o)
 .eh_frame      0x48060110       0x20 c:/program files/dspace rcphil 2016-a/compiler/qnx650_463/host/win32/x86/usr/bin/../lib/gcc/powerpc-unknown-nto-qnx6.5.0/4.6.3\libgcc.a(_fixdfdi.o)
                                 0x30 (size before relaxing)
 .eh_frame      0x48060130       0x20 c:/program files/dspace rcphil 2016-a/compiler/qnx650_463/host/win32/x86/usr/bin/../lib/gcc/powerpc-unknown-nto-qnx6.5.0/4.6.3\libgcc.a(_eprintf.o)
                                 0x30 (size before relaxing)
 .eh_frame      0x48060150       0x28 c:/program files/dspace rcphil 2016-a/compiler/qnx650_463/host/win32/x86/usr/bin/../lib/gcc/powerpc-unknown-nto-qnx6.5.0/4.6.3\libgcc.a(_divdi3.o)
                                 0x38 (size before relaxing)
 .eh_frame      0x48060178       0x28 c:/program files/dspace rcphil 2016-a/compiler/qnx650_463/host/win32/x86/usr/bin/../lib/gcc/powerpc-unknown-nto-qnx6.5.0/4.6.3\libgcc.a(_moddi3.o)
                                 0x38 (size before relaxing)
 .eh_frame      0x480601a0       0x38 c:/program files/dspace rcphil 2016-a/compiler/qnx650_463/host/win32/x86/usr/bin/../lib/gcc/powerpc-unknown-nto-qnx6.5.0/4.6.3\libgcc.a(_udivdi3.o)
                                 0x48 (size before relaxing)
 .eh_frame      0x480601d8       0x3c c:/program files/dspace rcphil 2016-a/compiler/qnx650_463/host/win32/x86/usr/bin/../lib/gcc/powerpc-unknown-nto-qnx6.5.0/4.6.3\libgcc.a(_umoddi3.o)
                                 0x4c (size before relaxing)
 .eh_frame      0x48060214       0x10 c:/program files/dspace rcphil 2016-a/compiler/qnx650_463/host/win32/x86/usr/bin/../lib/gcc/powerpc-unknown-nto-qnx6.5.0/4.6.3\libgcc.a(_udiv_w_sdiv.o)
                                 0x20 (size before relaxing)
 .eh_frame      0x48060224       0x48 c:/program files/dspace rcphil 2016-a/compiler/qnx650_463/host/win32/x86/usr/bin/../lib/gcc/powerpc-unknown-nto-qnx6.5.0/4.6.3\libgcc.a(_udivmoddi4.o)
                                 0x58 (size before relaxing)
 .eh_frame      0x4806026c       0x38 c:/program files/dspace rcphil 2016-a/compiler/qnx650_463/host/win32/x86/usr/bin/../lib/gcc/powerpc-unknown-nto-qnx6.5.0/4.6.3\libgcc.a(_addsub_sf.o)
                                 0x48 (size before relaxing)
 .eh_frame      0x480602a4       0x2c c:/program files/dspace rcphil 2016-a/compiler/qnx650_463/host/win32/x86/usr/bin/../lib/gcc/powerpc-unknown-nto-qnx6.5.0/4.6.3\libgcc.a(_mul_sf.o)
                                 0x3c (size before relaxing)
 .eh_frame      0x480602d0       0x24 c:/program files/dspace rcphil 2016-a/compiler/qnx650_463/host/win32/x86/usr/bin/../lib/gcc/powerpc-unknown-nto-qnx6.5.0/4.6.3\libgcc.a(_div_sf.o)
                                 0x34 (size before relaxing)
 .eh_frame      0x480602f4       0x1c c:/program files/dspace rcphil 2016-a/compiler/qnx650_463/host/win32/x86/usr/bin/../lib/gcc/powerpc-unknown-nto-qnx6.5.0/4.6.3\libgcc.a(_compare_sf.o)
                                 0x2c (size before relaxing)
 .eh_frame      0x48060310       0x1c c:/program files/dspace rcphil 2016-a/compiler/qnx650_463/host/win32/x86/usr/bin/../lib/gcc/powerpc-unknown-nto-qnx6.5.0/4.6.3\libgcc.a(_eq_sf.o)
                                 0x2c (size before relaxing)
 .eh_frame      0x4806032c       0x1c c:/program files/dspace rcphil 2016-a/compiler/qnx650_463/host/win32/x86/usr/bin/../lib/gcc/powerpc-unknown-nto-qnx6.5.0/4.6.3\libgcc.a(_ne_sf.o)
                                 0x2c (size before relaxing)
 .eh_frame      0x48060348       0x1c c:/program files/dspace rcphil 2016-a/compiler/qnx650_463/host/win32/x86/usr/bin/../lib/gcc/powerpc-unknown-nto-qnx6.5.0/4.6.3\libgcc.a(_gt_sf.o)
                                 0x2c (size before relaxing)
 .eh_frame      0x48060364       0x1c c:/program files/dspace rcphil 2016-a/compiler/qnx650_463/host/win32/x86/usr/bin/../lib/gcc/powerpc-unknown-nto-qnx6.5.0/4.6.3\libgcc.a(_ge_sf.o)
                                 0x2c (size before relaxing)
 .eh_frame      0x48060380       0x1c c:/program files/dspace rcphil 2016-a/compiler/qnx650_463/host/win32/x86/usr/bin/../lib/gcc/powerpc-unknown-nto-qnx6.5.0/4.6.3\libgcc.a(_lt_sf.o)
                                 0x2c (size before relaxing)
 .eh_frame      0x4806039c       0x1c c:/program files/dspace rcphil 2016-a/compiler/qnx650_463/host/win32/x86/usr/bin/../lib/gcc/powerpc-unknown-nto-qnx6.5.0/4.6.3\libgcc.a(_le_sf.o)
                                 0x2c (size before relaxing)
 .eh_frame      0x480603b8       0x1c c:/program files/dspace rcphil 2016-a/compiler/qnx650_463/host/win32/x86/usr/bin/../lib/gcc/powerpc-unknown-nto-qnx6.5.0/4.6.3\libgcc.a(_unord_sf.o)
                                 0x2c (size before relaxing)
 .eh_frame      0x480603d4       0x20 c:/program files/dspace rcphil 2016-a/compiler/qnx650_463/host/win32/x86/usr/bin/../lib/gcc/powerpc-unknown-nto-qnx6.5.0/4.6.3\libgcc.a(_si_to_sf.o)
                                 0x30 (size before relaxing)
 .eh_frame      0x480603f4       0x24 c:/program files/dspace rcphil 2016-a/compiler/qnx650_463/host/win32/x86/usr/bin/../lib/gcc/powerpc-unknown-nto-qnx6.5.0/4.6.3\libgcc.a(_sf_to_si.o)
                                 0x34 (size before relaxing)
 .eh_frame      0x48060418       0x1c c:/program files/dspace rcphil 2016-a/compiler/qnx650_463/host/win32/x86/usr/bin/../lib/gcc/powerpc-unknown-nto-qnx6.5.0/4.6.3\libgcc.a(_negate_sf.o)
                                 0x2c (size before relaxing)
 .eh_frame      0x48060434       0x1c c:/program files/dspace rcphil 2016-a/compiler/qnx650_463/host/win32/x86/usr/bin/../lib/gcc/powerpc-unknown-nto-qnx6.5.0/4.6.3\libgcc.a(_make_sf.o)
                                 0x2c (size before relaxing)
 .eh_frame      0x48060450       0x1c c:/program files/dspace rcphil 2016-a/compiler/qnx650_463/host/win32/x86/usr/bin/../lib/gcc/powerpc-unknown-nto-qnx6.5.0/4.6.3\libgcc.a(_sf_to_df.o)
                                 0x2c (size before relaxing)
 .eh_frame      0x4806046c       0x28 c:/program files/dspace rcphil 2016-a/compiler/qnx650_463/host/win32/x86/usr/bin/../lib/gcc/powerpc-unknown-nto-qnx6.5.0/4.6.3\libgcc.a(_usi_to_sf.o)
                                 0x38 (size before relaxing)
 .eh_frame      0x48060494       0x38 c:/program files/dspace rcphil 2016-a/compiler/qnx650_463/host/win32/x86/usr/bin/../lib/gcc/powerpc-unknown-nto-qnx6.5.0/4.6.3\libgcc.a(_addsub_df.o)
                                 0x48 (size before relaxing)
 .eh_frame      0x480604cc       0x38 c:/program files/dspace rcphil 2016-a/compiler/qnx650_463/host/win32/x86/usr/bin/../lib/gcc/powerpc-unknown-nto-qnx6.5.0/4.6.3\libgcc.a(_mul_df.o)
                                 0x48 (size before relaxing)
 .eh_frame      0x48060504       0x34 c:/program files/dspace rcphil 2016-a/compiler/qnx650_463/host/win32/x86/usr/bin/../lib/gcc/powerpc-unknown-nto-qnx6.5.0/4.6.3\libgcc.a(_div_df.o)
                                 0x44 (size before relaxing)
 .eh_frame      0x48060538       0x1c c:/program files/dspace rcphil 2016-a/compiler/qnx650_463/host/win32/x86/usr/bin/../lib/gcc/powerpc-unknown-nto-qnx6.5.0/4.6.3\libgcc.a(_compare_df.o)
                                 0x2c (size before relaxing)
 .eh_frame      0x48060554       0x1c c:/program files/dspace rcphil 2016-a/compiler/qnx650_463/host/win32/x86/usr/bin/../lib/gcc/powerpc-unknown-nto-qnx6.5.0/4.6.3\libgcc.a(_eq_df.o)
                                 0x2c (size before relaxing)
 .eh_frame      0x48060570       0x1c c:/program files/dspace rcphil 2016-a/compiler/qnx650_463/host/win32/x86/usr/bin/../lib/gcc/powerpc-unknown-nto-qnx6.5.0/4.6.3\libgcc.a(_ne_df.o)
                                 0x2c (size before relaxing)
 .eh_frame      0x4806058c       0x1c c:/program files/dspace rcphil 2016-a/compiler/qnx650_463/host/win32/x86/usr/bin/../lib/gcc/powerpc-unknown-nto-qnx6.5.0/4.6.3\libgcc.a(_gt_df.o)
                                 0x2c (size before relaxing)
 .eh_frame      0x480605a8       0x1c c:/program files/dspace rcphil 2016-a/compiler/qnx650_463/host/win32/x86/usr/bin/../lib/gcc/powerpc-unknown-nto-qnx6.5.0/4.6.3\libgcc.a(_ge_df.o)
                                 0x2c (size before relaxing)
 .eh_frame      0x480605c4       0x1c c:/program files/dspace rcphil 2016-a/compiler/qnx650_463/host/win32/x86/usr/bin/../lib/gcc/powerpc-unknown-nto-qnx6.5.0/4.6.3\libgcc.a(_lt_df.o)
                                 0x2c (size before relaxing)
 .eh_frame      0x480605e0       0x1c c:/program files/dspace rcphil 2016-a/compiler/qnx650_463/host/win32/x86/usr/bin/../lib/gcc/powerpc-unknown-nto-qnx6.5.0/4.6.3\libgcc.a(_le_df.o)
                                 0x2c (size before relaxing)
 .eh_frame      0x480605fc       0x1c c:/program files/dspace rcphil 2016-a/compiler/qnx650_463/host/win32/x86/usr/bin/../lib/gcc/powerpc-unknown-nto-qnx6.5.0/4.6.3\libgcc.a(_unord_df.o)
                                 0x2c (size before relaxing)
 .eh_frame      0x48060618       0x20 c:/program files/dspace rcphil 2016-a/compiler/qnx650_463/host/win32/x86/usr/bin/../lib/gcc/powerpc-unknown-nto-qnx6.5.0/4.6.3\libgcc.a(_si_to_df.o)
                                 0x30 (size before relaxing)
 .eh_frame      0x48060638       0x24 c:/program files/dspace rcphil 2016-a/compiler/qnx650_463/host/win32/x86/usr/bin/../lib/gcc/powerpc-unknown-nto-qnx6.5.0/4.6.3\libgcc.a(_df_to_si.o)
                                 0x34 (size before relaxing)
 .eh_frame      0x4806065c       0x1c c:/program files/dspace rcphil 2016-a/compiler/qnx650_463/host/win32/x86/usr/bin/../lib/gcc/powerpc-unknown-nto-qnx6.5.0/4.6.3\libgcc.a(_negate_df.o)
                                 0x2c (size before relaxing)
 .eh_frame      0x48060678       0x1c c:/program files/dspace rcphil 2016-a/compiler/qnx650_463/host/win32/x86/usr/bin/../lib/gcc/powerpc-unknown-nto-qnx6.5.0/4.6.3\libgcc.a(_make_df.o)
                                 0x2c (size before relaxing)
 .eh_frame      0x48060694       0x1c c:/program files/dspace rcphil 2016-a/compiler/qnx650_463/host/win32/x86/usr/bin/../lib/gcc/powerpc-unknown-nto-qnx6.5.0/4.6.3\libgcc.a(_df_to_sf.o)
                                 0x2c (size before relaxing)
 .eh_frame      0x480606b0       0x2c c:/program files/dspace rcphil 2016-a/compiler/qnx650_463/host/win32/x86/usr/bin/../lib/gcc/powerpc-unknown-nto-qnx6.5.0/4.6.3\libgcc.a(_usi_to_df.o)
                                 0x3c (size before relaxing)
 .eh_frame      0x480606dc       0x28 c:/program files/dspace rcphil 2016-a/compiler/qnx650_463/host/win32/x86/usr/bin/../lib/gcc/powerpc-unknown-nto-qnx6.5.0/4.6.3\libgcc.a(crtsavfpr.o)
 .eh_frame      0x48060704       0x14 c:/program files/dspace rcphil 2016-a/compiler/qnx650_463/host/win32/x86/usr/bin/../lib/gcc/powerpc-unknown-nto-qnx6.5.0/4.6.3\libgcc.a(crtresfpr.o)
                                 0x28 (size before relaxing)
 .eh_frame      0x48060718       0x14 c:/program files/dspace rcphil 2016-a/compiler/qnx650_463/host/win32/x86/usr/bin/../lib/gcc/powerpc-unknown-nto-qnx6.5.0/4.6.3\libgcc.a(crtsavgpr.o)
                                 0x28 (size before relaxing)
 .eh_frame      0x4806072c       0x14 c:/program files/dspace rcphil 2016-a/compiler/qnx650_463/host/win32/x86/usr/bin/../lib/gcc/powerpc-unknown-nto-qnx6.5.0/4.6.3\libgcc.a(crtresgpr.o)
                                 0x28 (size before relaxing)
 .eh_frame      0x48060740       0x7c c:/program files/dspace rcphil 2016-a/compiler/qnx650_463/host/win32/x86/usr/bin/../lib/gcc/powerpc-unknown-nto-qnx6.5.0/4.6.3\libgcc.a(crtresxfpr.o)
 .eh_frame      0x480607bc       0x7c c:/program files/dspace rcphil 2016-a/compiler/qnx650_463/host/win32/x86/usr/bin/../lib/gcc/powerpc-unknown-nto-qnx6.5.0/4.6.3\libgcc.a(crtresxgpr.o)
 .eh_frame      0x48060838      0x44c c:/program files/dspace rcphil 2016-a/compiler/qnx650_463/host/win32/x86/usr/bin/../lib/gcc/powerpc-unknown-nto-qnx6.5.0/4.6.3\libgcc.a(unwind-dw2.o)
                                0x45c (size before relaxing)
 .eh_frame      0x48060c84      0x1a8 c:/program files/dspace rcphil 2016-a/compiler/qnx650_463/host/win32/x86/usr/bin/../lib/gcc/powerpc-unknown-nto-qnx6.5.0/4.6.3\libgcc.a(unwind-dw2-fde.o)
                                0x1b8 (size before relaxing)
 .eh_frame      0x48060e2c       0x34 c:/program files/dspace rcphil 2016-a/compiler/qnx650_463/host/win32/x86/usr/bin/../lib/gcc/powerpc-unknown-nto-qnx6.5.0/4.6.3\libgcc.a(unwind-c.o)
                                 0x44 (size before relaxing)
 .eh_frame      0x48060e60       0x20 c:/program files/dspace rcphil 2016-a/compiler/qnx650_463/host/win32/x86/usr/bin/../lib/gcc/powerpc-unknown-nto-qnx6.5.0/4.6.3\libgcc.a(emutls.o)
                                 0x30 (size before relaxing)
 .eh_frame      0x48060e80        0x4 c:/program files/dspace rcphil 2016-a/compiler/qnx650_463/host/win32/x86/usr/bin/../lib/gcc/powerpc-unknown-nto-qnx6.5.0/4.6.3/crtend.o

.gcc_except_table
 *(.gcc_except_table .gcc_except_table.*)
                0x48060e84                . = (ALIGN (0x1000) - ((0x1000 - .) & 0xfff))
                0x48061000                . = DATA_SEGMENT_ALIGN (0x1000, 0x1000)

.eh_frame
 *(.eh_frame)

.gcc_except_table
 *(.gcc_except_table .gcc_except_table.*)

.tdata
 *(.tdata .tdata.* .gnu.linkonce.td.*)

.tbss
 *(.tbss .tbss.* .gnu.linkonce.tb.*)
 *(.tcommon)

.preinit_array  0x48061000        0x0
                0x48061000                PROVIDE (__preinit_array_start, .)
 *(.preinit_array)
                0x48061000                PROVIDE (__preinit_array_end, .)

.init_array     0x48061000        0x0
                0x48061000                PROVIDE (__init_array_start, .)
 *(SORT(.init_array.*))
 *(.init_array)
                0x48061000                PROVIDE (__init_array_end, .)

.fini_array     0x48061000        0x0
                0x48061000                PROVIDE (__fini_array_start, .)
 *(.fini_array)
 *(SORT(.fini_array.*))
                0x48061000                PROVIDE (__fini_array_end, .)

.ctors          0x48061000        0x8
 *crtbegin.o(.ctors)
 .ctors         0x48061000        0x4 c:/program files/dspace rcphil 2016-a/compiler/qnx650_463/host/win32/x86/usr/bin/../lib/gcc/powerpc-unknown-nto-qnx6.5.0/4.6.3/crtbegin.o
 *crtbegin?.o(.ctors)
 *(EXCLUDE_FILE(*crtend?.o *crtend.o) .ctors)
 *(SORT(.ctors.*))
 *(.ctors)
 .ctors         0x48061004        0x4 c:/program files/dspace rcphil 2016-a/compiler/qnx650_463/host/win32/x86/usr/bin/../lib/gcc/powerpc-unknown-nto-qnx6.5.0/4.6.3/crtend.o

.dtors          0x48061008        0x8
 *crtbegin.o(.dtors)
 .dtors         0x48061008        0x4 c:/program files/dspace rcphil 2016-a/compiler/qnx650_463/host/win32/x86/usr/bin/../lib/gcc/powerpc-unknown-nto-qnx6.5.0/4.6.3/crtbegin.o
 *crtbegin?.o(.dtors)
 *(EXCLUDE_FILE(*crtend?.o *crtend.o) .dtors)
 *(SORT(.dtors.*))
 *(.dtors)
 .dtors         0x4806100c        0x4 c:/program files/dspace rcphil 2016-a/compiler/qnx650_463/host/win32/x86/usr/bin/../lib/gcc/powerpc-unknown-nto-qnx6.5.0/4.6.3/crtend.o
                0x4806100c                __DTOR_END__

.jcr            0x48061010        0x4
 *(.jcr)
 .jcr           0x48061010        0x0 c:/program files/dspace rcphil 2016-a/compiler/qnx650_463/host/win32/x86/usr/bin/../lib/gcc/powerpc-unknown-nto-qnx6.5.0/4.6.3/crtbegin.o
 .jcr           0x48061010        0x4 c:/program files/dspace rcphil 2016-a/compiler/qnx650_463/host/win32/x86/usr/bin/../lib/gcc/powerpc-unknown-nto-qnx6.5.0/4.6.3/crtend.o

.data.rel.ro
 *(.data.rel.ro.local* .gnu.linkonce.d.rel.ro.local.*)
 *(.data.rel.ro* .gnu.linkonce.d.rel.ro.*)

.fixup
 *(.fixup)

.got1
 *(.got1)

.got2